/users/acp25lmc/ssl-wearables/downstream_task_evaluation.py:670: UserWarning: 
The version_base parameter is not specified.
Please specify a compatability version level, or None.
Will assume defaults for version 1.1
  @hydra.main(config_path="conf", config_name="config_eva")
/users/acp25lmc/.conda/envs/ssl_h100/lib/python3.10/site-packages/hydra/_internal/hydra.py:119: UserWarning: Future Hydra versions will no longer change working directory at job runtime by default.
See https://hydra.cc/docs/1.2/upgrades/1.1_to_1.2/changes_to_job_working_dir/ for more information.
  ret = run_job(
CURRENT HYDRA WORKING DIR: /users/acp25lmc/ssl-wearables/data_parsing/outputs/2026-06-17/11-56-37
[2026-06-17 11:56:39,560][all_100k][INFO] - gpu: 0
gpu_ids:
- 0
- 1
- 2
multi_gpu: false
num_split: 5
augmentation: true
model_path: /users/acp25lmc/ssl-wearables/data_parsing/17-06-2026_11-56-39tmp.pt
logging_path: /users/acp25lmc/ssl-wearables/data/UKBB/SSL/evaluations
report_root: /users/acp25lmc/ssl-wearables/output/ssw/reports/
report_path: ${report_root}${data.dataset_name}_${evaluation.evaluation_name}_${data.subject_count}_${evaluation.subR}.csv
is_verbose: false
data:
  data_root: /mnt/parscratch/users/acp25lmc/ssl-data/mobd_sampled
  X_path: ${data.data_root}/X.npy
  Y_path: ${data.data_root}/Y.npy
  PID_path: ${data.data_root}/pid.npy
  sample_rate: 30
  task_type: classify
  output_size: 2
  batch_size: 500
  held_one_subject_out: false
  weighted_loss_fn: true
  dataset_name: mobd
  subject_count: -1
  ratio2keep: 1
evaluation:
  feat_hand_crafted: false
  feat_random_cnn: false
  model_path: /data/UKBB/SSL/day_sec_10k/logs/models
  flip_net: false
  flip_net_ft: true
  flip_net_random_mlp: false
  load_weights: true
  freeze_weight: false
  flip_net_path: /users/acp25lmc/ssl-wearables/model_check_point/mtl_best.mdl
  input_size: 300
  subR: 1
  learning_rate: 0.0001
  num_workers: 6
  patience: 5
  num_epoch: 200
  evaluation_name: all_100k
model:
  learning_rate: 0.0001
  name: mtl_time${task.time_reversal}_data${data.data_name}_lr${model.learning_rate}_resnet_v${model.resnet_version}_win_size${dataloader.epoch_len}_posR_${task.positive_ratio}_sample${dataloader.num_sample_per_subject}
  mixed_precision: false
  resnet_version: 1
  warm_up_step: 5
  lr_scale: true
  patience: 5
  is_ae: false
dataloader:
  num_sample_per_subject: 1500
  sample_rate: 30
  epoch_len: 10

/users/acp25lmc/ssl-wearables/output/ssw/reports/mobd_all_100k_-1_1.csv
X shape: (256854, 300, 3)
Y shape: (256854,)

Label distribution:
0.0    222000
1.0     34854
Name: count, dtype: int64


        ##############################################
                    Flip_net+MLP
        ##############################################
        
Original X shape: (256854, 300, 3)
No need to downsample
X transformed shape: (256854, 3, 300)
Train-test Flip_net+MLP...
Resnet(
  (feature_extractor): Sequential(
    (layer1): Sequential(
      (0): Conv1d(3, 64, kernel_size=(5,), stride=(1,), padding=(2,), bias=False, padding_mode=circular)
      (1): ResBlock(
        (bn1): BatchNorm1d(64, eps=1e-05, momentum=0.1, affine=True, track_running_stats=True)
        (bn2): BatchNorm1d(64, eps=1e-05, momentum=0.1, affine=True, track_running_stats=True)
        (conv1): Conv1d(64, 64, kernel_size=(5,), stride=(1,), padding=(2,), bias=False, padding_mode=circular)
        (conv2): Conv1d(64, 64, kernel_size=(5,), stride=(1,), padding=(2,), bias=False, padding_mode=circular)
        (relu): ReLU(inplace=True)
      )
      (2): ResBlock(
        (bn1): BatchNorm1d(64, eps=1e-05, momentum=0.1, affine=True, track_running_stats=True)
        (bn2): BatchNorm1d(64, eps=1e-05, momentum=0.1, affine=True, track_running_stats=True)
        (conv1): Conv1d(64, 64, kernel_size=(5,), stride=(1,), padding=(2,), bias=False, padding_mode=circular)
        (conv2): Conv1d(64, 64, kernel_size=(5,), stride=(1,), padding=(2,), bias=False, padding_mode=circular)
        (relu): ReLU(inplace=True)
      )
      (3): BatchNorm1d(64, eps=1e-05, momentum=0.1, affine=True, track_running_stats=True)
      (4): ReLU(inplace=True)
      (5): Downsample()
    )
    (layer2): Sequential(
      (0): Conv1d(64, 128, kernel_size=(5,), stride=(1,), padding=(2,), bias=False, padding_mode=circular)
      (1): ResBlock(
        (bn1): BatchNorm1d(128, eps=1e-05, momentum=0.1, affine=True, track_running_stats=True)
        (bn2): BatchNorm1d(128, eps=1e-05, momentum=0.1, affine=True, track_running_stats=True)
        (conv1): Conv1d(128, 128, kernel_size=(5,), stride=(1,), padding=(2,), bias=False, padding_mode=circular)
        (conv2): Conv1d(128, 128, kernel_size=(5,), stride=(1,), padding=(2,), bias=False, padding_mode=circular)
        (relu): ReLU(inplace=True)
      )
      (2): ResBlock(
        (bn1): BatchNorm1d(128, eps=1e-05, momentum=0.1, affine=True, track_running_stats=True)
        (bn2): BatchNorm1d(128, eps=1e-05, momentum=0.1, affine=True, track_running_stats=True)
        (conv1): Conv1d(128, 128, kernel_size=(5,), stride=(1,), padding=(2,), bias=False, padding_mode=circular)
        (conv2): Conv1d(128, 128, kernel_size=(5,), stride=(1,), padding=(2,), bias=False, padding_mode=circular)
        (relu): ReLU(inplace=True)
      )
      (3): BatchNorm1d(128, eps=1e-05, momentum=0.1, affine=True, track_running_stats=True)
      (4): ReLU(inplace=True)
      (5): Downsample()
    )
    (layer3): Sequential(
      (0): Conv1d(128, 256, kernel_size=(5,), stride=(1,), padding=(2,), bias=False, padding_mode=circular)
      (1): ResBlock(
        (bn1): BatchNorm1d(256, eps=1e-05, momentum=0.1, affine=True, track_running_stats=True)
        (bn2): BatchNorm1d(256, eps=1e-05, momentum=0.1, affine=True, track_running_stats=True)
        (conv1): Conv1d(256, 256, kernel_size=(5,), stride=(1,), padding=(2,), bias=False, padding_mode=circular)
        (conv2): Conv1d(256, 256, kernel_size=(5,), stride=(1,), padding=(2,), bias=False, padding_mode=circular)
        (relu): ReLU(inplace=True)
      )
      (2): ResBlock(
        (bn1): BatchNorm1d(256, eps=1e-05, momentum=0.1, affine=True, track_running_stats=True)
        (bn2): BatchNorm1d(256, eps=1e-05, momentum=0.1, affine=True, track_running_stats=True)
        (conv1): Conv1d(256, 256, kernel_size=(5,), stride=(1,), padding=(2,), bias=False, padding_mode=circular)
        (conv2): Conv1d(256, 256, kernel_size=(5,), stride=(1,), padding=(2,), bias=False, padding_mode=circular)
        (relu): ReLU(inplace=True)
      )
      (3): BatchNorm1d(256, eps=1e-05, momentum=0.1, affine=True, track_running_stats=True)
      (4): ReLU(inplace=True)
      (5): Downsample()
    )
    (layer4): Sequential(
      (0): Conv1d(256, 512, kernel_size=(5,), stride=(1,), padding=(2,), bias=False, padding_mode=circular)
      (1): ResBlock(
        (bn1): BatchNorm1d(512, eps=1e-05, momentum=0.1, affine=True, track_running_stats=True)
        (bn2): BatchNorm1d(512, eps=1e-05, momentum=0.1, affine=True, track_running_stats=True)
        (conv1): Conv1d(512, 512, kernel_size=(5,), stride=(1,), padding=(2,), bias=False, padding_mode=circular)
        (conv2): Conv1d(512, 512, kernel_size=(5,), stride=(1,), padding=(2,), bias=False, padding_mode=circular)
        (relu): ReLU(inplace=True)
      )
      (2): ResBlock(
        (bn1): BatchNorm1d(512, eps=1e-05, momentum=0.1, affine=True, track_running_stats=True)
        (bn2): BatchNorm1d(512, eps=1e-05, momentum=0.1, affine=True, track_running_stats=True)
        (conv1): Conv1d(512, 512, kernel_size=(5,), stride=(1,), padding=(2,), bias=False, padding_mode=circular)
        (conv2): Conv1d(512, 512, kernel_size=(5,), stride=(1,), padding=(2,), bias=False, padding_mode=circular)
        (relu): ReLU(inplace=True)
      )
      (3): BatchNorm1d(512, eps=1e-05, momentum=0.1, affine=True, track_running_stats=True)
      (4): ReLU(inplace=True)
      (5): Downsample()
    )
    (layer5): Sequential(
      (0): Conv1d(512, 1024, kernel_size=(5,), stride=(1,), padding=(2,), bias=False, padding_mode=circular)
      (1): BatchNorm1d(1024, eps=1e-05, momentum=0.1, affine=True, track_running_stats=True)
      (2): ReLU(inplace=True)
      (3): Downsample()
    )
  )
  (classifier): EvaClassifier(
    (linear1): Linear(in_features=1024, out_features=512, bias=True)
    (linear2): Linear(in_features=512, out_features=2, bias=True)
  )
)
Loading weights from /users/acp25lmc/ssl-wearables/model_check_point/mtl_best.mdl
131 Weights loaded
train set sample count : 189354
val set sample count : 21000
test set sample count : 46500
Weight tensor: 
[1.1581284403669725, 7.323973079600836]
Validation loss decreased(inf --> 0.590797)Saving model ...
[  0/200] train_loss: 0.77266 valid_loss: 0.59080
Validation loss decreased(0.590797 --> 0.553968)Saving model ...
[  1/200] train_loss: 0.48918 valid_loss: 0.55397
EarlyStopping counter: 1 out of 5
[  2/200] train_loss: 0.43024 valid_loss: 0.62215
EarlyStopping counter: 2 out of 5
[  3/200] train_loss: 0.38850 valid_loss: 0.56851
EarlyStopping counter: 3 out of 5
[  4/200] train_loss: 0.36928 valid_loss: 0.69132
EarlyStopping counter: 4 out of 5
[  5/200] train_loss: 0.33479 valid_loss: 0.67186
EarlyStopping counter: 5 out of 5
[  6/200] train_loss: 0.30821 valid_loss: 0.75389
Early stopping
Resnet(
  (feature_extractor): Sequential(
    (layer1): Sequential(
      (0): Conv1d(3, 64, kernel_size=(5,), stride=(1,), padding=(2,), bias=False, padding_mode=circular)
      (1): ResBlock(
        (bn1): BatchNorm1d(64, eps=1e-05, momentum=0.1, affine=True, track_running_stats=True)
        (bn2): BatchNorm1d(64, eps=1e-05, momentum=0.1, affine=True, track_running_stats=True)
        (conv1): Conv1d(64, 64, kernel_size=(5,), stride=(1,), padding=(2,), bias=False, padding_mode=circular)
        (conv2): Conv1d(64, 64, kernel_size=(5,), stride=(1,), padding=(2,), bias=False, padding_mode=circular)
        (relu): ReLU(inplace=True)
      )
      (2): ResBlock(
        (bn1): BatchNorm1d(64, eps=1e-05, momentum=0.1, affine=True, track_running_stats=True)
        (bn2): BatchNorm1d(64, eps=1e-05, momentum=0.1, affine=True, track_running_stats=True)
        (conv1): Conv1d(64, 64, kernel_size=(5,), stride=(1,), padding=(2,), bias=False, padding_mode=circular)
        (conv2): Conv1d(64, 64, kernel_size=(5,), stride=(1,), padding=(2,), bias=False, padding_mode=circular)
        (relu): ReLU(inplace=True)
      )
      (3): BatchNorm1d(64, eps=1e-05, momentum=0.1, affine=True, track_running_stats=True)
      (4): ReLU(inplace=True)
      (5): Downsample()
    )
    (layer2): Sequential(
      (0): Conv1d(64, 128, kernel_size=(5,), stride=(1,), padding=(2,), bias=False, padding_mode=circular)
      (1): ResBlock(
        (bn1): BatchNorm1d(128, eps=1e-05, momentum=0.1, affine=True, track_running_stats=True)
        (bn2): BatchNorm1d(128, eps=1e-05, momentum=0.1, affine=True, track_running_stats=True)
        (conv1): Conv1d(128, 128, kernel_size=(5,), stride=(1,), padding=(2,), bias=False, padding_mode=circular)
        (conv2): Conv1d(128, 128, kernel_size=(5,), stride=(1,), padding=(2,), bias=False, padding_mode=circular)
        (relu): ReLU(inplace=True)
      )
      (2): ResBlock(
        (bn1): BatchNorm1d(128, eps=1e-05, momentum=0.1, affine=True, track_running_stats=True)
        (bn2): BatchNorm1d(128, eps=1e-05, momentum=0.1, affine=True, track_running_stats=True)
        (conv1): Conv1d(128, 128, kernel_size=(5,), stride=(1,), padding=(2,), bias=False, padding_mode=circular)
        (conv2): Conv1d(128, 128, kernel_size=(5,), stride=(1,), padding=(2,), bias=False, padding_mode=circular)
        (relu): ReLU(inplace=True)
      )
      (3): BatchNorm1d(128, eps=1e-05, momentum=0.1, affine=True, track_running_stats=True)
      (4): ReLU(inplace=True)
      (5): Downsample()
    )
    (layer3): Sequential(
      (0): Conv1d(128, 256, kernel_size=(5,), stride=(1,), padding=(2,), bias=False, padding_mode=circular)
      (1): ResBlock(
        (bn1): BatchNorm1d(256, eps=1e-05, momentum=0.1, affine=True, track_running_stats=True)
        (bn2): BatchNorm1d(256, eps=1e-05, momentum=0.1, affine=True, track_running_stats=True)
        (conv1): Conv1d(256, 256, kernel_size=(5,), stride=(1,), padding=(2,), bias=False, padding_mode=circular)
        (conv2): Conv1d(256, 256, kernel_size=(5,), stride=(1,), padding=(2,), bias=False, padding_mode=circular)
        (relu): ReLU(inplace=True)
      )
      (2): ResBlock(
        (bn1): BatchNorm1d(256, eps=1e-05, momentum=0.1, affine=True, track_running_stats=True)
        (bn2): BatchNorm1d(256, eps=1e-05, momentum=0.1, affine=True, track_running_stats=True)
        (conv1): Conv1d(256, 256, kernel_size=(5,), stride=(1,), padding=(2,), bias=False, padding_mode=circular)
        (conv2): Conv1d(256, 256, kernel_size=(5,), stride=(1,), padding=(2,), bias=False, padding_mode=circular)
        (relu): ReLU(inplace=True)
      )
      (3): BatchNorm1d(256, eps=1e-05, momentum=0.1, affine=True, track_running_stats=True)
      (4): ReLU(inplace=True)
      (5): Downsample()
    )
    (layer4): Sequential(
      (0): Conv1d(256, 512, kernel_size=(5,), stride=(1,), padding=(2,), bias=False, padding_mode=circular)
      (1): ResBlock(
        (bn1): BatchNorm1d(512, eps=1e-05, momentum=0.1, affine=True, track_running_stats=True)
        (bn2): BatchNorm1d(512, eps=1e-05, momentum=0.1, affine=True, track_running_stats=True)
        (conv1): Conv1d(512, 512, kernel_size=(5,), stride=(1,), padding=(2,), bias=False, padding_mode=circular)
        (conv2): Conv1d(512, 512, kernel_size=(5,), stride=(1,), padding=(2,), bias=False, padding_mode=circular)
        (relu): ReLU(inplace=True)
      )
      (2): ResBlock(
        (bn1): BatchNorm1d(512, eps=1e-05, momentum=0.1, affine=True, track_running_stats=True)
        (bn2): BatchNorm1d(512, eps=1e-05, momentum=0.1, affine=True, track_running_stats=True)
        (conv1): Conv1d(512, 512, kernel_size=(5,), stride=(1,), padding=(2,), bias=False, padding_mode=circular)
        (conv2): Conv1d(512, 512, kernel_size=(5,), stride=(1,), padding=(2,), bias=False, padding_mode=circular)
        (relu): ReLU(inplace=True)
      )
      (3): BatchNorm1d(512, eps=1e-05, momentum=0.1, affine=True, track_running_stats=True)
      (4): ReLU(inplace=True)
      (5): Downsample()
    )
    (layer5): Sequential(
      (0): Conv1d(512, 1024, kernel_size=(5,), stride=(1,), padding=(2,), bias=False, padding_mode=circular)
      (1): BatchNorm1d(1024, eps=1e-05, momentum=0.1, affine=True, track_running_stats=True)
      (2): ReLU(inplace=True)
      (3): Downsample()
    )
  )
  (classifier): EvaClassifier(
    (linear1): Linear(in_features=1024, out_features=512, bias=True)
    (linear2): Linear(in_features=512, out_features=2, bias=True)
  )
)
Resnet(
  (feature_extractor): Sequential(
    (layer1): Sequential(
      (0): Conv1d(3, 64, kernel_size=(5,), stride=(1,), padding=(2,), bias=False, padding_mode=circular)
      (1): ResBlock(
        (bn1): BatchNorm1d(64, eps=1e-05, momentum=0.1, affine=True, track_running_stats=True)
        (bn2): BatchNorm1d(64, eps=1e-05, momentum=0.1, affine=True, track_running_stats=True)
        (conv1): Conv1d(64, 64, kernel_size=(5,), stride=(1,), padding=(2,), bias=False, padding_mode=circular)
        (conv2): Conv1d(64, 64, kernel_size=(5,), stride=(1,), padding=(2,), bias=False, padding_mode=circular)
        (relu): ReLU(inplace=True)
      )
      (2): ResBlock(
        (bn1): BatchNorm1d(64, eps=1e-05, momentum=0.1, affine=True, track_running_stats=True)
        (bn2): BatchNorm1d(64, eps=1e-05, momentum=0.1, affine=True, track_running_stats=True)
        (conv1): Conv1d(64, 64, kernel_size=(5,), stride=(1,), padding=(2,), bias=False, padding_mode=circular)
        (conv2): Conv1d(64, 64, kernel_size=(5,), stride=(1,), padding=(2,), bias=False, padding_mode=circular)
        (relu): ReLU(inplace=True)
      )
      (3): BatchNorm1d(64, eps=1e-05, momentum=0.1, affine=True, track_running_stats=True)
      (4): ReLU(inplace=True)
      (5): Downsample()
    )
    (layer2): Sequential(
      (0): Conv1d(64, 128, kernel_size=(5,), stride=(1,), padding=(2,), bias=False, padding_mode=circular)
      (1): ResBlock(
        (bn1): BatchNorm1d(128, eps=1e-05, momentum=0.1, affine=True, track_running_stats=True)
        (bn2): BatchNorm1d(128, eps=1e-05, momentum=0.1, affine=True, track_running_stats=True)
        (conv1): Conv1d(128, 128, kernel_size=(5,), stride=(1,), padding=(2,), bias=False, padding_mode=circular)
        (conv2): Conv1d(128, 128, kernel_size=(5,), stride=(1,), padding=(2,), bias=False, padding_mode=circular)
        (relu): ReLU(inplace=True)
      )
      (2): ResBlock(
        (bn1): BatchNorm1d(128, eps=1e-05, momentum=0.1, affine=True, track_running_stats=True)
        (bn2): BatchNorm1d(128, eps=1e-05, momentum=0.1, affine=True, track_running_stats=True)
        (conv1): Conv1d(128, 128, kernel_size=(5,), stride=(1,), padding=(2,), bias=False, padding_mode=circular)
        (conv2): Conv1d(128, 128, kernel_size=(5,), stride=(1,), padding=(2,), bias=False, padding_mode=circular)
        (relu): ReLU(inplace=True)
      )
      (3): BatchNorm1d(128, eps=1e-05, momentum=0.1, affine=True, track_running_stats=True)
      (4): ReLU(inplace=True)
      (5): Downsample()
    )
    (layer3): Sequential(
      (0): Conv1d(128, 256, kernel_size=(5,), stride=(1,), padding=(2,), bias=False, padding_mode=circular)
      (1): ResBlock(
        (bn1): BatchNorm1d(256, eps=1e-05, momentum=0.1, affine=True, track_running_stats=True)
        (bn2): BatchNorm1d(256, eps=1e-05, momentum=0.1, affine=True, track_running_stats=True)
        (conv1): Conv1d(256, 256, kernel_size=(5,), stride=(1,), padding=(2,), bias=False, padding_mode=circular)
        (conv2): Conv1d(256, 256, kernel_size=(5,), stride=(1,), padding=(2,), bias=False, padding_mode=circular)
        (relu): ReLU(inplace=True)
      )
      (2): ResBlock(
        (bn1): BatchNorm1d(256, eps=1e-05, momentum=0.1, affine=True, track_running_stats=True)
        (bn2): BatchNorm1d(256, eps=1e-05, momentum=0.1, affine=True, track_running_stats=True)
        (conv1): Conv1d(256, 256, kernel_size=(5,), stride=(1,), padding=(2,), bias=False, padding_mode=circular)
        (conv2): Conv1d(256, 256, kernel_size=(5,), stride=(1,), padding=(2,), bias=False, padding_mode=circular)
        (relu): ReLU(inplace=True)
      )
      (3): BatchNorm1d(256, eps=1e-05, momentum=0.1, affine=True, track_running_stats=True)
      (4): ReLU(inplace=True)
      (5): Downsample()
    )
    (layer4): Sequential(
      (0): Conv1d(256, 512, kernel_size=(5,), stride=(1,), padding=(2,), bias=False, padding_mode=circular)
      (1): ResBlock(
        (bn1): BatchNorm1d(512, eps=1e-05, momentum=0.1, affine=True, track_running_stats=True)
        (bn2): BatchNorm1d(512, eps=1e-05, momentum=0.1, affine=True, track_running_stats=True)
        (conv1): Conv1d(512, 512, kernel_size=(5,), stride=(1,), padding=(2,), bias=False, padding_mode=circular)
        (conv2): Conv1d(512, 512, kernel_size=(5,), stride=(1,), padding=(2,), bias=False, padding_mode=circular)
        (relu): ReLU(inplace=True)
      )
      (2): ResBlock(
        (bn1): BatchNorm1d(512, eps=1e-05, momentum=0.1, affine=True, track_running_stats=True)
        (bn2): BatchNorm1d(512, eps=1e-05, momentum=0.1, affine=True, track_running_stats=True)
        (conv1): Conv1d(512, 512, kernel_size=(5,), stride=(1,), padding=(2,), bias=False, padding_mode=circular)
        (conv2): Conv1d(512, 512, kernel_size=(5,), stride=(1,), padding=(2,), bias=False, padding_mode=circular)
        (relu): ReLU(inplace=True)
      )
      (3): BatchNorm1d(512, eps=1e-05, momentum=0.1, affine=True, track_running_stats=True)
      (4): ReLU(inplace=True)
      (5): Downsample()
    )
    (layer5): Sequential(
      (0): Conv1d(512, 1024, kernel_size=(5,), stride=(1,), padding=(2,), bias=False, padding_mode=circular)
      (1): BatchNorm1d(1024, eps=1e-05, momentum=0.1, affine=True, track_running_stats=True)
      (2): ReLU(inplace=True)
      (3): Downsample()
    )
  )
  (classifier): EvaClassifier(
    (linear1): Linear(in_features=1024, out_features=512, bias=True)
    (linear2): Linear(in_features=512, out_features=2, bias=True)
  )
)
Loading weights from /users/acp25lmc/ssl-wearables/model_check_point/mtl_best.mdl
131 Weights loaded
train set sample count : 186354
val set sample count : 22500
test set sample count : 48000
Weight tensor: 
[1.1832, 6.458515283842794]
Validation loss decreased(inf --> 0.850253)Saving model ...
[  0/200] train_loss: 0.86997 valid_loss: 0.85025
Validation loss decreased(0.850253 --> 0.714169)Saving model ...
[  1/200] train_loss: 0.53215 valid_loss: 0.71417
Validation loss decreased(0.714169 --> 0.658819)Saving model ...
[  2/200] train_loss: 0.45464 valid_loss: 0.65882
Validation loss decreased(0.658819 --> 0.607850)Saving model ...
[  3/200] train_loss: 0.41275 valid_loss: 0.60785
EarlyStopping counter: 1 out of 5
[  4/200] train_loss: 0.37756 valid_loss: 0.66592
EarlyStopping counter: 2 out of 5
[  5/200] train_loss: 0.34793 valid_loss: 0.62873
Validation loss decreased(0.607850 --> 0.595205)Saving model ...
[  6/200] train_loss: 0.32441 valid_loss: 0.59521
EarlyStopping counter: 1 out of 5
[  7/200] train_loss: 0.31394 valid_loss: 0.62817
EarlyStopping counter: 2 out of 5
[  8/200] train_loss: 0.29691 valid_loss: 1.01129
EarlyStopping counter: 3 out of 5
[  9/200] train_loss: 0.26636 valid_loss: 0.69973
EarlyStopping counter: 4 out of 5
[ 10/200] train_loss: 0.24343 valid_loss: 0.61983
EarlyStopping counter: 5 out of 5
[ 11/200] train_loss: 0.22498 valid_loss: 1.11602
Early stopping
Resnet(
  (feature_extractor): Sequential(
    (layer1): Sequential(
      (0): Conv1d(3, 64, kernel_size=(5,), stride=(1,), padding=(2,), bias=False, padding_mode=circular)
      (1): ResBlock(
        (bn1): BatchNorm1d(64, eps=1e-05, momentum=0.1, affine=True, track_running_stats=True)
        (bn2): BatchNorm1d(64, eps=1e-05, momentum=0.1, affine=True, track_running_stats=True)
        (conv1): Conv1d(64, 64, kernel_size=(5,), stride=(1,), padding=(2,), bias=False, padding_mode=circular)
        (conv2): Conv1d(64, 64, kernel_size=(5,), stride=(1,), padding=(2,), bias=False, padding_mode=circular)
        (relu): ReLU(inplace=True)
      )
      (2): ResBlock(
        (bn1): BatchNorm1d(64, eps=1e-05, momentum=0.1, affine=True, track_running_stats=True)
        (bn2): BatchNorm1d(64, eps=1e-05, momentum=0.1, affine=True, track_running_stats=True)
        (conv1): Conv1d(64, 64, kernel_size=(5,), stride=(1,), padding=(2,), bias=False, padding_mode=circular)
        (conv2): Conv1d(64, 64, kernel_size=(5,), stride=(1,), padding=(2,), bias=False, padding_mode=circular)
        (relu): ReLU(inplace=True)
      )
      (3): BatchNorm1d(64, eps=1e-05, momentum=0.1, affine=True, track_running_stats=True)
      (4): ReLU(inplace=True)
      (5): Downsample()
    )
    (layer2): Sequential(
      (0): Conv1d(64, 128, kernel_size=(5,), stride=(1,), padding=(2,), bias=False, padding_mode=circular)
      (1): ResBlock(
        (bn1): BatchNorm1d(128, eps=1e-05, momentum=0.1, affine=True, track_running_stats=True)
        (bn2): BatchNorm1d(128, eps=1e-05, momentum=0.1, affine=True, track_running_stats=True)
        (conv1): Conv1d(128, 128, kernel_size=(5,), stride=(1,), padding=(2,), bias=False, padding_mode=circular)
        (conv2): Conv1d(128, 128, kernel_size=(5,), stride=(1,), padding=(2,), bias=False, padding_mode=circular)
        (relu): ReLU(inplace=True)
      )
      (2): ResBlock(
        (bn1): BatchNorm1d(128, eps=1e-05, momentum=0.1, affine=True, track_running_stats=True)
        (bn2): BatchNorm1d(128, eps=1e-05, momentum=0.1, affine=True, track_running_stats=True)
        (conv1): Conv1d(128, 128, kernel_size=(5,), stride=(1,), padding=(2,), bias=False, padding_mode=circular)
        (conv2): Conv1d(128, 128, kernel_size=(5,), stride=(1,), padding=(2,), bias=False, padding_mode=circular)
        (relu): ReLU(inplace=True)
      )
      (3): BatchNorm1d(128, eps=1e-05, momentum=0.1, affine=True, track_running_stats=True)
      (4): ReLU(inplace=True)
      (5): Downsample()
    )
    (layer3): Sequential(
      (0): Conv1d(128, 256, kernel_size=(5,), stride=(1,), padding=(2,), bias=False, padding_mode=circular)
      (1): ResBlock(
        (bn1): BatchNorm1d(256, eps=1e-05, momentum=0.1, affine=True, track_running_stats=True)
        (bn2): BatchNorm1d(256, eps=1e-05, momentum=0.1, affine=True, track_running_stats=True)
        (conv1): Conv1d(256, 256, kernel_size=(5,), stride=(1,), padding=(2,), bias=False, padding_mode=circular)
        (conv2): Conv1d(256, 256, kernel_size=(5,), stride=(1,), padding=(2,), bias=False, padding_mode=circular)
        (relu): ReLU(inplace=True)
      )
      (2): ResBlock(
        (bn1): BatchNorm1d(256, eps=1e-05, momentum=0.1, affine=True, track_running_stats=True)
        (bn2): BatchNorm1d(256, eps=1e-05, momentum=0.1, affine=True, track_running_stats=True)
        (conv1): Conv1d(256, 256, kernel_size=(5,), stride=(1,), padding=(2,), bias=False, padding_mode=circular)
        (conv2): Conv1d(256, 256, kernel_size=(5,), stride=(1,), padding=(2,), bias=False, padding_mode=circular)
        (relu): ReLU(inplace=True)
      )
      (3): BatchNorm1d(256, eps=1e-05, momentum=0.1, affine=True, track_running_stats=True)
      (4): ReLU(inplace=True)
      (5): Downsample()
    )
    (layer4): Sequential(
      (0): Conv1d(256, 512, kernel_size=(5,), stride=(1,), padding=(2,), bias=False, padding_mode=circular)
      (1): ResBlock(
        (bn1): BatchNorm1d(512, eps=1e-05, momentum=0.1, affine=True, track_running_stats=True)
        (bn2): BatchNorm1d(512, eps=1e-05, momentum=0.1, affine=True, track_running_stats=True)
        (conv1): Conv1d(512, 512, kernel_size=(5,), stride=(1,), padding=(2,), bias=False, padding_mode=circular)
        (conv2): Conv1d(512, 512, kernel_size=(5,), stride=(1,), padding=(2,), bias=False, padding_mode=circular)
        (relu): ReLU(inplace=True)
      )
      (2): ResBlock(
        (bn1): BatchNorm1d(512, eps=1e-05, momentum=0.1, affine=True, track_running_stats=True)
        (bn2): BatchNorm1d(512, eps=1e-05, momentum=0.1, affine=True, track_running_stats=True)
        (conv1): Conv1d(512, 512, kernel_size=(5,), stride=(1,), padding=(2,), bias=False, padding_mode=circular)
        (conv2): Conv1d(512, 512, kernel_size=(5,), stride=(1,), padding=(2,), bias=False, padding_mode=circular)
        (relu): ReLU(inplace=True)
      )
      (3): BatchNorm1d(512, eps=1e-05, momentum=0.1, affine=True, track_running_stats=True)
      (4): ReLU(inplace=True)
      (5): Downsample()
    )
    (layer5): Sequential(
      (0): Conv1d(512, 1024, kernel_size=(5,), stride=(1,), padding=(2,), bias=False, padding_mode=circular)
      (1): BatchNorm1d(1024, eps=1e-05, momentum=0.1, affine=True, track_running_stats=True)
      (2): ReLU(inplace=True)
      (3): Downsample()
    )
  )
  (classifier): EvaClassifier(
    (linear1): Linear(in_features=1024, out_features=512, bias=True)
    (linear2): Linear(in_features=512, out_features=2, bias=True)
  )
)
Resnet(
  (feature_extractor): Sequential(
    (layer1): Sequential(
      (0): Conv1d(3, 64, kernel_size=(5,), stride=(1,), padding=(2,), bias=False, padding_mode=circular)
      (1): ResBlock(
        (bn1): BatchNorm1d(64, eps=1e-05, momentum=0.1, affine=True, track_running_stats=True)
        (bn2): BatchNorm1d(64, eps=1e-05, momentum=0.1, affine=True, track_running_stats=True)
        (conv1): Conv1d(64, 64, kernel_size=(5,), stride=(1,), padding=(2,), bias=False, padding_mode=circular)
        (conv2): Conv1d(64, 64, kernel_size=(5,), stride=(1,), padding=(2,), bias=False, padding_mode=circular)
        (relu): ReLU(inplace=True)
      )
      (2): ResBlock(
        (bn1): BatchNorm1d(64, eps=1e-05, momentum=0.1, affine=True, track_running_stats=True)
        (bn2): BatchNorm1d(64, eps=1e-05, momentum=0.1, affine=True, track_running_stats=True)
        (conv1): Conv1d(64, 64, kernel_size=(5,), stride=(1,), padding=(2,), bias=False, padding_mode=circular)
        (conv2): Conv1d(64, 64, kernel_size=(5,), stride=(1,), padding=(2,), bias=False, padding_mode=circular)
        (relu): ReLU(inplace=True)
      )
      (3): BatchNorm1d(64, eps=1e-05, momentum=0.1, affine=True, track_running_stats=True)
      (4): ReLU(inplace=True)
      (5): Downsample()
    )
    (layer2): Sequential(
      (0): Conv1d(64, 128, kernel_size=(5,), stride=(1,), padding=(2,), bias=False, padding_mode=circular)
      (1): ResBlock(
        (bn1): BatchNorm1d(128, eps=1e-05, momentum=0.1, affine=True, track_running_stats=True)
        (bn2): BatchNorm1d(128, eps=1e-05, momentum=0.1, affine=True, track_running_stats=True)
        (conv1): Conv1d(128, 128, kernel_size=(5,), stride=(1,), padding=(2,), bias=False, padding_mode=circular)
        (conv2): Conv1d(128, 128, kernel_size=(5,), stride=(1,), padding=(2,), bias=False, padding_mode=circular)
        (relu): ReLU(inplace=True)
      )
      (2): ResBlock(
        (bn1): BatchNorm1d(128, eps=1e-05, momentum=0.1, affine=True, track_running_stats=True)
        (bn2): BatchNorm1d(128, eps=1e-05, momentum=0.1, affine=True, track_running_stats=True)
        (conv1): Conv1d(128, 128, kernel_size=(5,), stride=(1,), padding=(2,), bias=False, padding_mode=circular)
        (conv2): Conv1d(128, 128, kernel_size=(5,), stride=(1,), padding=(2,), bias=False, padding_mode=circular)
        (relu): ReLU(inplace=True)
      )
      (3): BatchNorm1d(128, eps=1e-05, momentum=0.1, affine=True, track_running_stats=True)
      (4): ReLU(inplace=True)
      (5): Downsample()
    )
    (layer3): Sequential(
      (0): Conv1d(128, 256, kernel_size=(5,), stride=(1,), padding=(2,), bias=False, padding_mode=circular)
      (1): ResBlock(
        (bn1): BatchNorm1d(256, eps=1e-05, momentum=0.1, affine=True, track_running_stats=True)
        (bn2): BatchNorm1d(256, eps=1e-05, momentum=0.1, affine=True, track_running_stats=True)
        (conv1): Conv1d(256, 256, kernel_size=(5,), stride=(1,), padding=(2,), bias=False, padding_mode=circular)
        (conv2): Conv1d(256, 256, kernel_size=(5,), stride=(1,), padding=(2,), bias=False, padding_mode=circular)
        (relu): ReLU(inplace=True)
      )
      (2): ResBlock(
        (bn1): BatchNorm1d(256, eps=1e-05, momentum=0.1, affine=True, track_running_stats=True)
        (bn2): BatchNorm1d(256, eps=1e-05, momentum=0.1, affine=True, track_running_stats=True)
        (conv1): Conv1d(256, 256, kernel_size=(5,), stride=(1,), padding=(2,), bias=False, padding_mode=circular)
        (conv2): Conv1d(256, 256, kernel_size=(5,), stride=(1,), padding=(2,), bias=False, padding_mode=circular)
        (relu): ReLU(inplace=True)
      )
      (3): BatchNorm1d(256, eps=1e-05, momentum=0.1, affine=True, track_running_stats=True)
      (4): ReLU(inplace=True)
      (5): Downsample()
    )
    (layer4): Sequential(
      (0): Conv1d(256, 512, kernel_size=(5,), stride=(1,), padding=(2,), bias=False, padding_mode=circular)
      (1): ResBlock(
        (bn1): BatchNorm1d(512, eps=1e-05, momentum=0.1, affine=True, track_running_stats=True)
        (bn2): BatchNorm1d(512, eps=1e-05, momentum=0.1, affine=True, track_running_stats=True)
        (conv1): Conv1d(512, 512, kernel_size=(5,), stride=(1,), padding=(2,), bias=False, padding_mode=circular)
        (conv2): Conv1d(512, 512, kernel_size=(5,), stride=(1,), padding=(2,), bias=False, padding_mode=circular)
        (relu): ReLU(inplace=True)
      )
      (2): ResBlock(
        (bn1): BatchNorm1d(512, eps=1e-05, momentum=0.1, affine=True, track_running_stats=True)
        (bn2): BatchNorm1d(512, eps=1e-05, momentum=0.1, affine=True, track_running_stats=True)
        (conv1): Conv1d(512, 512, kernel_size=(5,), stride=(1,), padding=(2,), bias=False, padding_mode=circular)
        (conv2): Conv1d(512, 512, kernel_size=(5,), stride=(1,), padding=(2,), bias=False, padding_mode=circular)
        (relu): ReLU(inplace=True)
      )
      (3): BatchNorm1d(512, eps=1e-05, momentum=0.1, affine=True, track_running_stats=True)
      (4): ReLU(inplace=True)
      (5): Downsample()
    )
    (layer5): Sequential(
      (0): Conv1d(512, 1024, kernel_size=(5,), stride=(1,), padding=(2,), bias=False, padding_mode=circular)
      (1): BatchNorm1d(1024, eps=1e-05, momentum=0.1, affine=True, track_running_stats=True)
      (2): ReLU(inplace=True)
      (3): Downsample()
    )
  )
  (classifier): EvaClassifier(
    (linear1): Linear(in_features=1024, out_features=512, bias=True)
    (linear2): Linear(in_features=512, out_features=2, bias=True)
  )
)
Loading weights from /users/acp25lmc/ssl-wearables/model_check_point/mtl_best.mdl
131 Weights loaded
train set sample count : 183354
val set sample count : 25500
test set sample count : 48000
Weight tensor: 
[1.186757281553398, 6.354543564150551]
Validation loss decreased(inf --> 0.667302)Saving model ...
[  0/200] train_loss: 0.82697 valid_loss: 0.66730
Validation loss decreased(0.667302 --> 0.655475)Saving model ...
[  1/200] train_loss: 0.54298 valid_loss: 0.65547
Validation loss decreased(0.655475 --> 0.588107)Saving model ...
[  2/200] train_loss: 0.45589 valid_loss: 0.58811
EarlyStopping counter: 1 out of 5
[  3/200] train_loss: 0.41558 valid_loss: 0.62204
EarlyStopping counter: 2 out of 5
[  4/200] train_loss: 0.41562 valid_loss: 0.80688
Validation loss decreased(0.588107 --> 0.569625)Saving model ...
[  5/200] train_loss: 0.35974 valid_loss: 0.56963
Validation loss decreased(0.569625 --> 0.529630)Saving model ...
[  6/200] train_loss: 0.33395 valid_loss: 0.52963
EarlyStopping counter: 1 out of 5
[  7/200] train_loss: 0.31128 valid_loss: 0.55052
EarlyStopping counter: 2 out of 5
[  8/200] train_loss: 0.28947 valid_loss: 0.68924
EarlyStopping counter: 3 out of 5
[  9/200] train_loss: 0.26785 valid_loss: 0.55078
EarlyStopping counter: 4 out of 5
[ 10/200] train_loss: 0.25091 valid_loss: 0.88156
EarlyStopping counter: 5 out of 5
[ 11/200] train_loss: 0.23066 valid_loss: 0.71005
Early stopping
Resnet(
  (feature_extractor): Sequential(
    (layer1): Sequential(
      (0): Conv1d(3, 64, kernel_size=(5,), stride=(1,), padding=(2,), bias=False, padding_mode=circular)
      (1): ResBlock(
        (bn1): BatchNorm1d(64, eps=1e-05, momentum=0.1, affine=True, track_running_stats=True)
        (bn2): BatchNorm1d(64, eps=1e-05, momentum=0.1, affine=True, track_running_stats=True)
        (conv1): Conv1d(64, 64, kernel_size=(5,), stride=(1,), padding=(2,), bias=False, padding_mode=circular)
        (conv2): Conv1d(64, 64, kernel_size=(5,), stride=(1,), padding=(2,), bias=False, padding_mode=circular)
        (relu): ReLU(inplace=True)
      )
      (2): ResBlock(
        (bn1): BatchNorm1d(64, eps=1e-05, momentum=0.1, affine=True, track_running_stats=True)
        (bn2): BatchNorm1d(64, eps=1e-05, momentum=0.1, affine=True, track_running_stats=True)
        (conv1): Conv1d(64, 64, kernel_size=(5,), stride=(1,), padding=(2,), bias=False, padding_mode=circular)
        (conv2): Conv1d(64, 64, kernel_size=(5,), stride=(1,), padding=(2,), bias=False, padding_mode=circular)
        (relu): ReLU(inplace=True)
      )
      (3): BatchNorm1d(64, eps=1e-05, momentum=0.1, affine=True, track_running_stats=True)
      (4): ReLU(inplace=True)
      (5): Downsample()
    )
    (layer2): Sequential(
      (0): Conv1d(64, 128, kernel_size=(5,), stride=(1,), padding=(2,), bias=False, padding_mode=circular)
      (1): ResBlock(
        (bn1): BatchNorm1d(128, eps=1e-05, momentum=0.1, affine=True, track_running_stats=True)
        (bn2): BatchNorm1d(128, eps=1e-05, momentum=0.1, affine=True, track_running_stats=True)
        (conv1): Conv1d(128, 128, kernel_size=(5,), stride=(1,), padding=(2,), bias=False, padding_mode=circular)
        (conv2): Conv1d(128, 128, kernel_size=(5,), stride=(1,), padding=(2,), bias=False, padding_mode=circular)
        (relu): ReLU(inplace=True)
      )
      (2): ResBlock(
        (bn1): BatchNorm1d(128, eps=1e-05, momentum=0.1, affine=True, track_running_stats=True)
        (bn2): BatchNorm1d(128, eps=1e-05, momentum=0.1, affine=True, track_running_stats=True)
        (conv1): Conv1d(128, 128, kernel_size=(5,), stride=(1,), padding=(2,), bias=False, padding_mode=circular)
        (conv2): Conv1d(128, 128, kernel_size=(5,), stride=(1,), padding=(2,), bias=False, padding_mode=circular)
        (relu): ReLU(inplace=True)
      )
      (3): BatchNorm1d(128, eps=1e-05, momentum=0.1, affine=True, track_running_stats=True)
      (4): ReLU(inplace=True)
      (5): Downsample()
    )
    (layer3): Sequential(
      (0): Conv1d(128, 256, kernel_size=(5,), stride=(1,), padding=(2,), bias=False, padding_mode=circular)
      (1): ResBlock(
        (bn1): BatchNorm1d(256, eps=1e-05, momentum=0.1, affine=True, track_running_stats=True)
        (bn2): BatchNorm1d(256, eps=1e-05, momentum=0.1, affine=True, track_running_stats=True)
        (conv1): Conv1d(256, 256, kernel_size=(5,), stride=(1,), padding=(2,), bias=False, padding_mode=circular)
        (conv2): Conv1d(256, 256, kernel_size=(5,), stride=(1,), padding=(2,), bias=False, padding_mode=circular)
        (relu): ReLU(inplace=True)
      )
      (2): ResBlock(
        (bn1): BatchNorm1d(256, eps=1e-05, momentum=0.1, affine=True, track_running_stats=True)
        (bn2): BatchNorm1d(256, eps=1e-05, momentum=0.1, affine=True, track_running_stats=True)
        (conv1): Conv1d(256, 256, kernel_size=(5,), stride=(1,), padding=(2,), bias=False, padding_mode=circular)
        (conv2): Conv1d(256, 256, kernel_size=(5,), stride=(1,), padding=(2,), bias=False, padding_mode=circular)
        (relu): ReLU(inplace=True)
      )
      (3): BatchNorm1d(256, eps=1e-05, momentum=0.1, affine=True, track_running_stats=True)
      (4): ReLU(inplace=True)
      (5): Downsample()
    )
    (layer4): Sequential(
      (0): Conv1d(256, 512, kernel_size=(5,), stride=(1,), padding=(2,), bias=False, padding_mode=circular)
      (1): ResBlock(
        (bn1): BatchNorm1d(512, eps=1e-05, momentum=0.1, affine=True, track_running_stats=True)
        (bn2): BatchNorm1d(512, eps=1e-05, momentum=0.1, affine=True, track_running_stats=True)
        (conv1): Conv1d(512, 512, kernel_size=(5,), stride=(1,), padding=(2,), bias=False, padding_mode=circular)
        (conv2): Conv1d(512, 512, kernel_size=(5,), stride=(1,), padding=(2,), bias=False, padding_mode=circular)
        (relu): ReLU(inplace=True)
      )
      (2): ResBlock(
        (bn1): BatchNorm1d(512, eps=1e-05, momentum=0.1, affine=True, track_running_stats=True)
        (bn2): BatchNorm1d(512, eps=1e-05, momentum=0.1, affine=True, track_running_stats=True)
        (conv1): Conv1d(512, 512, kernel_size=(5,), stride=(1,), padding=(2,), bias=False, padding_mode=circular)
        (conv2): Conv1d(512, 512, kernel_size=(5,), stride=(1,), padding=(2,), bias=False, padding_mode=circular)
        (relu): ReLU(inplace=True)
      )
      (3): BatchNorm1d(512, eps=1e-05, momentum=0.1, affine=True, track_running_stats=True)
      (4): ReLU(inplace=True)
      (5): Downsample()
    )
    (layer5): Sequential(
      (0): Conv1d(512, 1024, kernel_size=(5,), stride=(1,), padding=(2,), bias=False, padding_mode=circular)
      (1): BatchNorm1d(1024, eps=1e-05, momentum=0.1, affine=True, track_running_stats=True)
      (2): ReLU(inplace=True)
      (3): Downsample()
    )
  )
  (classifier): EvaClassifier(
    (linear1): Linear(in_features=1024, out_features=512, bias=True)
    (linear2): Linear(in_features=512, out_features=2, bias=True)
  )
)
Resnet(
  (feature_extractor): Sequential(
    (layer1): Sequential(
      (0): Conv1d(3, 64, kernel_size=(5,), stride=(1,), padding=(2,), bias=False, padding_mode=circular)
      (1): ResBlock(
        (bn1): BatchNorm1d(64, eps=1e-05, momentum=0.1, affine=True, track_running_stats=True)
        (bn2): BatchNorm1d(64, eps=1e-05, momentum=0.1, affine=True, track_running_stats=True)
        (conv1): Conv1d(64, 64, kernel_size=(5,), stride=(1,), padding=(2,), bias=False, padding_mode=circular)
        (conv2): Conv1d(64, 64, kernel_size=(5,), stride=(1,), padding=(2,), bias=False, padding_mode=circular)
        (relu): ReLU(inplace=True)
      )
      (2): ResBlock(
        (bn1): BatchNorm1d(64, eps=1e-05, momentum=0.1, affine=True, track_running_stats=True)
        (bn2): BatchNorm1d(64, eps=1e-05, momentum=0.1, affine=True, track_running_stats=True)
        (conv1): Conv1d(64, 64, kernel_size=(5,), stride=(1,), padding=(2,), bias=False, padding_mode=circular)
        (conv2): Conv1d(64, 64, kernel_size=(5,), stride=(1,), padding=(2,), bias=False, padding_mode=circular)
        (relu): ReLU(inplace=True)
      )
      (3): BatchNorm1d(64, eps=1e-05, momentum=0.1, affine=True, track_running_stats=True)
      (4): ReLU(inplace=True)
      (5): Downsample()
    )
    (layer2): Sequential(
      (0): Conv1d(64, 128, kernel_size=(5,), stride=(1,), padding=(2,), bias=False, padding_mode=circular)
      (1): ResBlock(
        (bn1): BatchNorm1d(128, eps=1e-05, momentum=0.1, affine=True, track_running_stats=True)
        (bn2): BatchNorm1d(128, eps=1e-05, momentum=0.1, affine=True, track_running_stats=True)
        (conv1): Conv1d(128, 128, kernel_size=(5,), stride=(1,), padding=(2,), bias=False, padding_mode=circular)
        (conv2): Conv1d(128, 128, kernel_size=(5,), stride=(1,), padding=(2,), bias=False, padding_mode=circular)
        (relu): ReLU(inplace=True)
      )
      (2): ResBlock(
        (bn1): BatchNorm1d(128, eps=1e-05, momentum=0.1, affine=True, track_running_stats=True)
        (bn2): BatchNorm1d(128, eps=1e-05, momentum=0.1, affine=True, track_running_stats=True)
        (conv1): Conv1d(128, 128, kernel_size=(5,), stride=(1,), padding=(2,), bias=False, padding_mode=circular)
        (conv2): Conv1d(128, 128, kernel_size=(5,), stride=(1,), padding=(2,), bias=False, padding_mode=circular)
        (relu): ReLU(inplace=True)
      )
      (3): BatchNorm1d(128, eps=1e-05, momentum=0.1, affine=True, track_running_stats=True)
      (4): ReLU(inplace=True)
      (5): Downsample()
    )
    (layer3): Sequential(
      (0): Conv1d(128, 256, kernel_size=(5,), stride=(1,), padding=(2,), bias=False, padding_mode=circular)
      (1): ResBlock(
        (bn1): BatchNorm1d(256, eps=1e-05, momentum=0.1, affine=True, track_running_stats=True)
        (bn2): BatchNorm1d(256, eps=1e-05, momentum=0.1, affine=True, track_running_stats=True)
        (conv1): Conv1d(256, 256, kernel_size=(5,), stride=(1,), padding=(2,), bias=False, padding_mode=circular)
        (conv2): Conv1d(256, 256, kernel_size=(5,), stride=(1,), padding=(2,), bias=False, padding_mode=circular)
        (relu): ReLU(inplace=True)
      )
      (2): ResBlock(
        (bn1): BatchNorm1d(256, eps=1e-05, momentum=0.1, affine=True, track_running_stats=True)
        (bn2): BatchNorm1d(256, eps=1e-05, momentum=0.1, affine=True, track_running_stats=True)
        (conv1): Conv1d(256, 256, kernel_size=(5,), stride=(1,), padding=(2,), bias=False, padding_mode=circular)
        (conv2): Conv1d(256, 256, kernel_size=(5,), stride=(1,), padding=(2,), bias=False, padding_mode=circular)
        (relu): ReLU(inplace=True)
      )
      (3): BatchNorm1d(256, eps=1e-05, momentum=0.1, affine=True, track_running_stats=True)
      (4): ReLU(inplace=True)
      (5): Downsample()
    )
    (layer4): Sequential(
      (0): Conv1d(256, 512, kernel_size=(5,), stride=(1,), padding=(2,), bias=False, padding_mode=circular)
      (1): ResBlock(
        (bn1): BatchNorm1d(512, eps=1e-05, momentum=0.1, affine=True, track_running_stats=True)
        (bn2): BatchNorm1d(512, eps=1e-05, momentum=0.1, affine=True, track_running_stats=True)
        (conv1): Conv1d(512, 512, kernel_size=(5,), stride=(1,), padding=(2,), bias=False, padding_mode=circular)
        (conv2): Conv1d(512, 512, kernel_size=(5,), stride=(1,), padding=(2,), bias=False, padding_mode=circular)
        (relu): ReLU(inplace=True)
      )
      (2): ResBlock(
        (bn1): BatchNorm1d(512, eps=1e-05, momentum=0.1, affine=True, track_running_stats=True)
        (bn2): BatchNorm1d(512, eps=1e-05, momentum=0.1, affine=True, track_running_stats=True)
        (conv1): Conv1d(512, 512, kernel_size=(5,), stride=(1,), padding=(2,), bias=False, padding_mode=circular)
        (conv2): Conv1d(512, 512, kernel_size=(5,), stride=(1,), padding=(2,), bias=False, padding_mode=circular)
        (relu): ReLU(inplace=True)
      )
      (3): BatchNorm1d(512, eps=1e-05, momentum=0.1, affine=True, track_running_stats=True)
      (4): ReLU(inplace=True)
      (5): Downsample()
    )
    (layer5): Sequential(
      (0): Conv1d(512, 1024, kernel_size=(5,), stride=(1,), padding=(2,), bias=False, padding_mode=circular)
      (1): BatchNorm1d(1024, eps=1e-05, momentum=0.1, affine=True, track_running_stats=True)
      (2): ReLU(inplace=True)
      (3): Downsample()
    )
  )
  (classifier): EvaClassifier(
    (linear1): Linear(in_features=1024, out_features=512, bias=True)
    (linear2): Linear(in_features=512, out_features=2, bias=True)
  )
)
Loading weights from /users/acp25lmc/ssl-wearables/model_check_point/mtl_best.mdl
131 Weights loaded
train set sample count : 175500
val set sample count : 24000
test set sample count : 57354
Weight tensor: 
[1.1700000000000002, 6.88235294117647]
Validation loss decreased(inf --> 0.572090)Saving model ...
[  0/200] train_loss: 0.80644 valid_loss: 0.57209
Validation loss decreased(0.572090 --> 0.514902)Saving model ...
[  1/200] train_loss: 0.53146 valid_loss: 0.51490
Validation loss decreased(0.514902 --> 0.388270)Saving model ...
[  2/200] train_loss: 0.46935 valid_loss: 0.38827
Validation loss decreased(0.388270 --> 0.316124)Saving model ...
[  3/200] train_loss: 0.42764 valid_loss: 0.31612
EarlyStopping counter: 1 out of 5
[  4/200] train_loss: 0.39299 valid_loss: 0.47455
EarlyStopping counter: 2 out of 5
[  5/200] train_loss: 0.36713 valid_loss: 0.32482
EarlyStopping counter: 3 out of 5
[  6/200] train_loss: 0.33747 valid_loss: 0.48685
EarlyStopping counter: 4 out of 5
[  7/200] train_loss: 0.31347 valid_loss: 0.37572
Validation loss decreased(0.316124 --> 0.265323)Saving model ...
[  8/200] train_loss: 0.29291 valid_loss: 0.26532
EarlyStopping counter: 1 out of 5
[  9/200] train_loss: 0.27332 valid_loss: 0.45622
EarlyStopping counter: 2 out of 5
[ 10/200] train_loss: 0.25340 valid_loss: 0.35761
EarlyStopping counter: 3 out of 5
[ 11/200] train_loss: 0.23118 valid_loss: 0.33381
EarlyStopping counter: 4 out of 5
[ 12/200] train_loss: 0.21575 valid_loss: 0.38423
EarlyStopping counter: 5 out of 5
[ 13/200] train_loss: 0.20181 valid_loss: 0.52827
Early stopping
Resnet(
  (feature_extractor): Sequential(
    (layer1): Sequential(
      (0): Conv1d(3, 64, kernel_size=(5,), stride=(1,), padding=(2,), bias=False, padding_mode=circular)
      (1): ResBlock(
        (bn1): BatchNorm1d(64, eps=1e-05, momentum=0.1, affine=True, track_running_stats=True)
        (bn2): BatchNorm1d(64, eps=1e-05, momentum=0.1, affine=True, track_running_stats=True)
        (conv1): Conv1d(64, 64, kernel_size=(5,), stride=(1,), padding=(2,), bias=False, padding_mode=circular)
        (conv2): Conv1d(64, 64, kernel_size=(5,), stride=(1,), padding=(2,), bias=False, padding_mode=circular)
        (relu): ReLU(inplace=True)
      )
      (2): ResBlock(
        (bn1): BatchNorm1d(64, eps=1e-05, momentum=0.1, affine=True, track_running_stats=True)
        (bn2): BatchNorm1d(64, eps=1e-05, momentum=0.1, affine=True, track_running_stats=True)
        (conv1): Conv1d(64, 64, kernel_size=(5,), stride=(1,), padding=(2,), bias=False, padding_mode=circular)
        (conv2): Conv1d(64, 64, kernel_size=(5,), stride=(1,), padding=(2,), bias=False, padding_mode=circular)
        (relu): ReLU(inplace=True)
      )
      (3): BatchNorm1d(64, eps=1e-05, momentum=0.1, affine=True, track_running_stats=True)
      (4): ReLU(inplace=True)
      (5): Downsample()
    )
    (layer2): Sequential(
      (0): Conv1d(64, 128, kernel_size=(5,), stride=(1,), padding=(2,), bias=False, padding_mode=circular)
      (1): ResBlock(
        (bn1): BatchNorm1d(128, eps=1e-05, momentum=0.1, affine=True, track_running_stats=True)
        (bn2): BatchNorm1d(128, eps=1e-05, momentum=0.1, affine=True, track_running_stats=True)
        (conv1): Conv1d(128, 128, kernel_size=(5,), stride=(1,), padding=(2,), bias=False, padding_mode=circular)
        (conv2): Conv1d(128, 128, kernel_size=(5,), stride=(1,), padding=(2,), bias=False, padding_mode=circular)
        (relu): ReLU(inplace=True)
      )
      (2): ResBlock(
        (bn1): BatchNorm1d(128, eps=1e-05, momentum=0.1, affine=True, track_running_stats=True)
        (bn2): BatchNorm1d(128, eps=1e-05, momentum=0.1, affine=True, track_running_stats=True)
        (conv1): Conv1d(128, 128, kernel_size=(5,), stride=(1,), padding=(2,), bias=False, padding_mode=circular)
        (conv2): Conv1d(128, 128, kernel_size=(5,), stride=(1,), padding=(2,), bias=False, padding_mode=circular)
        (relu): ReLU(inplace=True)
      )
      (3): BatchNorm1d(128, eps=1e-05, momentum=0.1, affine=True, track_running_stats=True)
      (4): ReLU(inplace=True)
      (5): Downsample()
    )
    (layer3): Sequential(
      (0): Conv1d(128, 256, kernel_size=(5,), stride=(1,), padding=(2,), bias=False, padding_mode=circular)
      (1): ResBlock(
        (bn1): BatchNorm1d(256, eps=1e-05, momentum=0.1, affine=True, track_running_stats=True)
        (bn2): BatchNorm1d(256, eps=1e-05, momentum=0.1, affine=True, track_running_stats=True)
        (conv1): Conv1d(256, 256, kernel_size=(5,), stride=(1,), padding=(2,), bias=False, padding_mode=circular)
        (conv2): Conv1d(256, 256, kernel_size=(5,), stride=(1,), padding=(2,), bias=False, padding_mode=circular)
        (relu): ReLU(inplace=True)
      )
      (2): ResBlock(
        (bn1): BatchNorm1d(256, eps=1e-05, momentum=0.1, affine=True, track_running_stats=True)
        (bn2): BatchNorm1d(256, eps=1e-05, momentum=0.1, affine=True, track_running_stats=True)
        (conv1): Conv1d(256, 256, kernel_size=(5,), stride=(1,), padding=(2,), bias=False, padding_mode=circular)
        (conv2): Conv1d(256, 256, kernel_size=(5,), stride=(1,), padding=(2,), bias=False, padding_mode=circular)
        (relu): ReLU(inplace=True)
      )
      (3): BatchNorm1d(256, eps=1e-05, momentum=0.1, affine=True, track_running_stats=True)
      (4): ReLU(inplace=True)
      (5): Downsample()
    )
    (layer4): Sequential(
      (0): Conv1d(256, 512, kernel_size=(5,), stride=(1,), padding=(2,), bias=False, padding_mode=circular)
      (1): ResBlock(
        (bn1): BatchNorm1d(512, eps=1e-05, momentum=0.1, affine=True, track_running_stats=True)
        (bn2): BatchNorm1d(512, eps=1e-05, momentum=0.1, affine=True, track_running_stats=True)
        (conv1): Conv1d(512, 512, kernel_size=(5,), stride=(1,), padding=(2,), bias=False, padding_mode=circular)
        (conv2): Conv1d(512, 512, kernel_size=(5,), stride=(1,), padding=(2,), bias=False, padding_mode=circular)
        (relu): ReLU(inplace=True)
      )
      (2): ResBlock(
        (bn1): BatchNorm1d(512, eps=1e-05, momentum=0.1, affine=True, track_running_stats=True)
        (bn2): BatchNorm1d(512, eps=1e-05, momentum=0.1, affine=True, track_running_stats=True)
        (conv1): Conv1d(512, 512, kernel_size=(5,), stride=(1,), padding=(2,), bias=False, padding_mode=circular)
        (conv2): Conv1d(512, 512, kernel_size=(5,), stride=(1,), padding=(2,), bias=False, padding_mode=circular)
        (relu): ReLU(inplace=True)
      )
      (3): BatchNorm1d(512, eps=1e-05, momentum=0.1, affine=True, track_running_stats=True)
      (4): ReLU(inplace=True)
      (5): Downsample()
    )
    (layer5): Sequential(
      (0): Conv1d(512, 1024, kernel_size=(5,), stride=(1,), padding=(2,), bias=False, padding_mode=circular)
      (1): BatchNorm1d(1024, eps=1e-05, momentum=0.1, affine=True, track_running_stats=True)
      (2): ReLU(inplace=True)
      (3): Downsample()
    )
  )
  (classifier): EvaClassifier(
    (linear1): Linear(in_features=1024, out_features=512, bias=True)
    (linear2): Linear(in_features=512, out_features=2, bias=True)
  )
)
Resnet(
  (feature_extractor): Sequential(
    (layer1): Sequential(
      (0): Conv1d(3, 64, kernel_size=(5,), stride=(1,), padding=(2,), bias=False, padding_mode=circular)
      (1): ResBlock(
        (bn1): BatchNorm1d(64, eps=1e-05, momentum=0.1, affine=True, track_running_stats=True)
        (bn2): BatchNorm1d(64, eps=1e-05, momentum=0.1, affine=True, track_running_stats=True)
        (conv1): Conv1d(64, 64, kernel_size=(5,), stride=(1,), padding=(2,), bias=False, padding_mode=circular)
        (conv2): Conv1d(64, 64, kernel_size=(5,), stride=(1,), padding=(2,), bias=False, padding_mode=circular)
        (relu): ReLU(inplace=True)
      )
      (2): ResBlock(
        (bn1): BatchNorm1d(64, eps=1e-05, momentum=0.1, affine=True, track_running_stats=True)
        (bn2): BatchNorm1d(64, eps=1e-05, momentum=0.1, affine=True, track_running_stats=True)
        (conv1): Conv1d(64, 64, kernel_size=(5,), stride=(1,), padding=(2,), bias=False, padding_mode=circular)
        (conv2): Conv1d(64, 64, kernel_size=(5,), stride=(1,), padding=(2,), bias=False, padding_mode=circular)
        (relu): ReLU(inplace=True)
      )
      (3): BatchNorm1d(64, eps=1e-05, momentum=0.1, affine=True, track_running_stats=True)
      (4): ReLU(inplace=True)
      (5): Downsample()
    )
    (layer2): Sequential(
      (0): Conv1d(64, 128, kernel_size=(5,), stride=(1,), padding=(2,), bias=False, padding_mode=circular)
      (1): ResBlock(
        (bn1): BatchNorm1d(128, eps=1e-05, momentum=0.1, affine=True, track_running_stats=True)
        (bn2): BatchNorm1d(128, eps=1e-05, momentum=0.1, affine=True, track_running_stats=True)
        (conv1): Conv1d(128, 128, kernel_size=(5,), stride=(1,), padding=(2,), bias=False, padding_mode=circular)
        (conv2): Conv1d(128, 128, kernel_size=(5,), stride=(1,), padding=(2,), bias=False, padding_mode=circular)
        (relu): ReLU(inplace=True)
      )
      (2): ResBlock(
        (bn1): BatchNorm1d(128, eps=1e-05, momentum=0.1, affine=True, track_running_stats=True)
        (bn2): BatchNorm1d(128, eps=1e-05, momentum=0.1, affine=True, track_running_stats=True)
        (conv1): Conv1d(128, 128, kernel_size=(5,), stride=(1,), padding=(2,), bias=False, padding_mode=circular)
        (conv2): Conv1d(128, 128, kernel_size=(5,), stride=(1,), padding=(2,), bias=False, padding_mode=circular)
        (relu): ReLU(inplace=True)
      )
      (3): BatchNorm1d(128, eps=1e-05, momentum=0.1, affine=True, track_running_stats=True)
      (4): ReLU(inplace=True)
      (5): Downsample()
    )
    (layer3): Sequential(
      (0): Conv1d(128, 256, kernel_size=(5,), stride=(1,), padding=(2,), bias=False, padding_mode=circular)
      (1): ResBlock(
        (bn1): BatchNorm1d(256, eps=1e-05, momentum=0.1, affine=True, track_running_stats=True)
        (bn2): BatchNorm1d(256, eps=1e-05, momentum=0.1, affine=True, track_running_stats=True)
        (conv1): Conv1d(256, 256, kernel_size=(5,), stride=(1,), padding=(2,), bias=False, padding_mode=circular)
        (conv2): Conv1d(256, 256, kernel_size=(5,), stride=(1,), padding=(2,), bias=False, padding_mode=circular)
        (relu): ReLU(inplace=True)
      )
      (2): ResBlock(
        (bn1): BatchNorm1d(256, eps=1e-05, momentum=0.1, affine=True, track_running_stats=True)
        (bn2): BatchNorm1d(256, eps=1e-05, momentum=0.1, affine=True, track_running_stats=True)
        (conv1): Conv1d(256, 256, kernel_size=(5,), stride=(1,), padding=(2,), bias=False, padding_mode=circular)
        (conv2): Conv1d(256, 256, kernel_size=(5,), stride=(1,), padding=(2,), bias=False, padding_mode=circular)
        (relu): ReLU(inplace=True)
      )
      (3): BatchNorm1d(256, eps=1e-05, momentum=0.1, affine=True, track_running_stats=True)
      (4): ReLU(inplace=True)
      (5): Downsample()
    )
    (layer4): Sequential(
      (0): Conv1d(256, 512, kernel_size=(5,), stride=(1,), padding=(2,), bias=False, padding_mode=circular)
      (1): ResBlock(
        (bn1): BatchNorm1d(512, eps=1e-05, momentum=0.1, affine=True, track_running_stats=True)
        (bn2): BatchNorm1d(512, eps=1e-05, momentum=0.1, affine=True, track_running_stats=True)
        (conv1): Conv1d(512, 512, kernel_size=(5,), stride=(1,), padding=(2,), bias=False, padding_mode=circular)
        (conv2): Conv1d(512, 512, kernel_size=(5,), stride=(1,), padding=(2,), bias=False, padding_mode=circular)
        (relu): ReLU(inplace=True)
      )
      (2): ResBlock(
        (bn1): BatchNorm1d(512, eps=1e-05, momentum=0.1, affine=True, track_running_stats=True)
        (bn2): BatchNorm1d(512, eps=1e-05, momentum=0.1, affine=True, track_running_stats=True)
        (conv1): Conv1d(512, 512, kernel_size=(5,), stride=(1,), padding=(2,), bias=False, padding_mode=circular)
        (conv2): Conv1d(512, 512, kernel_size=(5,), stride=(1,), padding=(2,), bias=False, padding_mode=circular)
        (relu): ReLU(inplace=True)
      )
      (3): BatchNorm1d(512, eps=1e-05, momentum=0.1, affine=True, track_running_stats=True)
      (4): ReLU(inplace=True)
      (5): Downsample()
    )
    (layer5): Sequential(
      (0): Conv1d(512, 1024, kernel_size=(5,), stride=(1,), padding=(2,), bias=False, padding_mode=circular)
      (1): BatchNorm1d(1024, eps=1e-05, momentum=0.1, affine=True, track_running_stats=True)
      (2): ReLU(inplace=True)
      (3): Downsample()
    )
  )
  (classifier): EvaClassifier(
    (linear1): Linear(in_features=1024, out_features=512, bias=True)
    (linear2): Linear(in_features=512, out_features=2, bias=True)
  )
)
Loading weights from /users/acp25lmc/ssl-wearables/model_check_point/mtl_best.mdl
131 Weights loaded
train set sample count : 181854
val set sample count : 24000
test set sample count : 51000
Weight tensor: 
[1.2246060606060607, 5.452239611440907]
Validation loss decreased(inf --> 0.709653)Saving model ...
[  0/200] train_loss: 0.81963 valid_loss: 0.70965
Validation loss decreased(0.709653 --> 0.645998)Saving model ...
[  1/200] train_loss: 0.54295 valid_loss: 0.64600
EarlyStopping counter: 1 out of 5
[  2/200] train_loss: 0.47747 valid_loss: 0.70661
EarlyStopping counter: 2 out of 5
[  3/200] train_loss: 0.43608 valid_loss: 0.68751
EarlyStopping counter: 3 out of 5
[  4/200] train_loss: 0.39823 valid_loss: 0.68904
Validation loss decreased(0.645998 --> 0.529233)Saving model ...
[  5/200] train_loss: 0.37057 valid_loss: 0.52923
EarlyStopping counter: 1 out of 5
[  6/200] train_loss: 0.34501 valid_loss: 0.65172
Validation loss decreased(0.529233 --> 0.508810)Saving model ...
[  7/200] train_loss: 0.32281 valid_loss: 0.50881
EarlyStopping counter: 1 out of 5
[  8/200] train_loss: 0.30140 valid_loss: 0.58531
EarlyStopping counter: 2 out of 5
[  9/200] train_loss: 0.28222 valid_loss: 0.53473
EarlyStopping counter: 3 out of 5
[ 10/200] train_loss: 0.26221 valid_loss: 0.57089
EarlyStopping counter: 4 out of 5
[ 11/200] train_loss: 0.24229 valid_loss: 0.64569
EarlyStopping counter: 5 out of 5
[ 12/200] train_loss: 0.22462 valid_loss: 0.60675
Early stopping
Resnet(
  (feature_extractor): Sequential(
    (layer1): Sequential(
      (0): Conv1d(3, 64, kernel_size=(5,), stride=(1,), padding=(2,), bias=False, padding_mode=circular)
      (1): ResBlock(
        (bn1): BatchNorm1d(64, eps=1e-05, momentum=0.1, affine=True, track_running_stats=True)
        (bn2): BatchNorm1d(64, eps=1e-05, momentum=0.1, affine=True, track_running_stats=True)
        (conv1): Conv1d(64, 64, kernel_size=(5,), stride=(1,), padding=(2,), bias=False, padding_mode=circular)
        (conv2): Conv1d(64, 64, kernel_size=(5,), stride=(1,), padding=(2,), bias=False, padding_mode=circular)
        (relu): ReLU(inplace=True)
      )
      (2): ResBlock(
        (bn1): BatchNorm1d(64, eps=1e-05, momentum=0.1, affine=True, track_running_stats=True)
        (bn2): BatchNorm1d(64, eps=1e-05, momentum=0.1, affine=True, track_running_stats=True)
        (conv1): Conv1d(64, 64, kernel_size=(5,), stride=(1,), padding=(2,), bias=False, padding_mode=circular)
        (conv2): Conv1d(64, 64, kernel_size=(5,), stride=(1,), padding=(2,), bias=False, padding_mode=circular)
        (relu): ReLU(inplace=True)
      )
      (3): BatchNorm1d(64, eps=1e-05, momentum=0.1, affine=True, track_running_stats=True)
      (4): ReLU(inplace=True)
      (5): Downsample()
    )
    (layer2): Sequential(
      (0): Conv1d(64, 128, kernel_size=(5,), stride=(1,), padding=(2,), bias=False, padding_mode=circular)
      (1): ResBlock(
        (bn1): BatchNorm1d(128, eps=1e-05, momentum=0.1, affine=True, track_running_stats=True)
        (bn2): BatchNorm1d(128, eps=1e-05, momentum=0.1, affine=True, track_running_stats=True)
        (conv1): Conv1d(128, 128, kernel_size=(5,), stride=(1,), padding=(2,), bias=False, padding_mode=circular)
        (conv2): Conv1d(128, 128, kernel_size=(5,), stride=(1,), padding=(2,), bias=False, padding_mode=circular)
        (relu): ReLU(inplace=True)
      )
      (2): ResBlock(
        (bn1): BatchNorm1d(128, eps=1e-05, momentum=0.1, affine=True, track_running_stats=True)
        (bn2): BatchNorm1d(128, eps=1e-05, momentum=0.1, affine=True, track_running_stats=True)
        (conv1): Conv1d(128, 128, kernel_size=(5,), stride=(1,), padding=(2,), bias=False, padding_mode=circular)
        (conv2): Conv1d(128, 128, kernel_size=(5,), stride=(1,), padding=(2,), bias=False, padding_mode=circular)
        (relu): ReLU(inplace=True)
      )
      (3): BatchNorm1d(128, eps=1e-05, momentum=0.1, affine=True, track_running_stats=True)
      (4): ReLU(inplace=True)
      (5): Downsample()
    )
    (layer3): Sequential(
      (0): Conv1d(128, 256, kernel_size=(5,), stride=(1,), padding=(2,), bias=False, padding_mode=circular)
      (1): ResBlock(
        (bn1): BatchNorm1d(256, eps=1e-05, momentum=0.1, affine=True, track_running_stats=True)
        (bn2): BatchNorm1d(256, eps=1e-05, momentum=0.1, affine=True, track_running_stats=True)
        (conv1): Conv1d(256, 256, kernel_size=(5,), stride=(1,), padding=(2,), bias=False, padding_mode=circular)
        (conv2): Conv1d(256, 256, kernel_size=(5,), stride=(1,), padding=(2,), bias=False, padding_mode=circular)
        (relu): ReLU(inplace=True)
      )
      (2): ResBlock(
        (bn1): BatchNorm1d(256, eps=1e-05, momentum=0.1, affine=True, track_running_stats=True)
        (bn2): BatchNorm1d(256, eps=1e-05, momentum=0.1, affine=True, track_running_stats=True)
        (conv1): Conv1d(256, 256, kernel_size=(5,), stride=(1,), padding=(2,), bias=False, padding_mode=circular)
        (conv2): Conv1d(256, 256, kernel_size=(5,), stride=(1,), padding=(2,), bias=False, padding_mode=circular)
        (relu): ReLU(inplace=True)
      )
      (3): BatchNorm1d(256, eps=1e-05, momentum=0.1, affine=True, track_running_stats=True)
      (4): ReLU(inplace=True)
      (5): Downsample()
    )
    (layer4): Sequential(
      (0): Conv1d(256, 512, kernel_size=(5,), stride=(1,), padding=(2,), bias=False, padding_mode=circular)
      (1): ResBlock(
        (bn1): BatchNorm1d(512, eps=1e-05, momentum=0.1, affine=True, track_running_stats=True)
        (bn2): BatchNorm1d(512, eps=1e-05, momentum=0.1, affine=True, track_running_stats=True)
        (conv1): Conv1d(512, 512, kernel_size=(5,), stride=(1,), padding=(2,), bias=False, padding_mode=circular)
        (conv2): Conv1d(512, 512, kernel_size=(5,), stride=(1,), padding=(2,), bias=False, padding_mode=circular)
        (relu): ReLU(inplace=True)
      )
      (2): ResBlock(
        (bn1): BatchNorm1d(512, eps=1e-05, momentum=0.1, affine=True, track_running_stats=True)
        (bn2): BatchNorm1d(512, eps=1e-05, momentum=0.1, affine=True, track_running_stats=True)
        (conv1): Conv1d(512, 512, kernel_size=(5,), stride=(1,), padding=(2,), bias=False, padding_mode=circular)
        (conv2): Conv1d(512, 512, kernel_size=(5,), stride=(1,), padding=(2,), bias=False, padding_mode=circular)
        (relu): ReLU(inplace=True)
      )
      (3): BatchNorm1d(512, eps=1e-05, momentum=0.1, affine=True, track_running_stats=True)
      (4): ReLU(inplace=True)
      (5): Downsample()
    )
    (layer5): Sequential(
      (0): Conv1d(512, 1024, kernel_size=(5,), stride=(1,), padding=(2,), bias=False, padding_mode=circular)
      (1): BatchNorm1d(1024, eps=1e-05, momentum=0.1, affine=True, track_running_stats=True)
      (2): ReLU(inplace=True)
      (3): Downsample()
    )
  )
  (classifier): EvaClassifier(
    (linear1): Linear(in_features=1024, out_features=512, bias=True)
    (linear2): Linear(in_features=512, out_features=2, bias=True)
  )
)
GENERATING CLASSIFICATION REPORT...
