/users/acp25lmc/ssl-wearables/downstream_task_evaluation.py:677: UserWarning: 
The version_base parameter is not specified.
Please specify a compatability version level, or None.
Will assume defaults for version 1.1
  @hydra.main(config_path="conf", config_name="config_eva")
/users/acp25lmc/.conda/envs/ssl_h100/lib/python3.10/site-packages/hydra/_internal/hydra.py:119: UserWarning: Future Hydra versions will no longer change working directory at job runtime by default.
See https://hydra.cc/docs/1.2/upgrades/1.1_to_1.2/changes_to_job_working_dir/ for more information.
  ret = run_job(
CURRENT HYDRA WORKING DIR: /users/acp25lmc/ssl-wearables/data_parsing/outputs/2026-06-18/11-25-32
[2026-06-18 11:25:32,881][all_100k][INFO] - gpu: 0
gpu_ids:
- 0
- 1
- 2
multi_gpu: false
num_split: 5
augmentation: true
model_path: /users/acp25lmc/ssl-wearables/data_parsing/18-06-2026_11-25-32tmp.pt
logging_path: /users/acp25lmc/ssl-wearables/data/UKBB/SSL/evaluations
report_root: /users/acp25lmc/ssl-wearables/output/ssw/reports/
report_path: ${report_root}${data.dataset_name}_${evaluation.evaluation_name}_${data.subject_count}_${evaluation.subR}_${now:%Y-%m-%d_%H-%M-%S}.csv
is_verbose: false
data:
  data_root: /mnt/parscratch/users/acp25lmc/ssl-data/mobd_sampled
  X_path: ${data.data_root}/X.npy
  Y_path: ${data.data_root}/Y.npy
  PID_path: ${data.data_root}/pid.npy
  sample_rate: 30
  task_type: classify
  output_size: 2
  batch_size: 500
  held_one_subject_out: false
  weighted_loss_fn: true
  dataset_name: mobd
  subject_count: -1
  ratio2keep: 1
evaluation:
  feat_hand_crafted: false
  feat_random_cnn: false
  model_path: /data/UKBB/SSL/day_sec_10k/logs/models
  flip_net: false
  flip_net_ft: true
  flip_net_random_mlp: false
  load_weights: true
  freeze_weight: false
  flip_net_path: /users/acp25lmc/ssl-wearables/model_check_point/mtl_best.mdl
  input_size: 300
  subR: 1
  learning_rate: 0.0001
  num_workers: 6
  patience: 5
  num_epoch: 200
  evaluation_name: all_100k
model:
  learning_rate: 0.0001
  name: mtl_time${task.time_reversal}_data${data.data_name}_lr${model.learning_rate}_resnet_v${model.resnet_version}_win_size${dataloader.epoch_len}_posR_${task.positive_ratio}_sample${dataloader.num_sample_per_subject}
  mixed_precision: false
  resnet_version: 1
  warm_up_step: 5
  lr_scale: true
  patience: 5
  is_ae: false
dataloader:
  num_sample_per_subject: 1500
  sample_rate: 30
  epoch_len: 10

/users/acp25lmc/ssl-wearables/output/ssw/reports/mobd_all_100k_-1_1_2026-06-18_11-25-32.csv
X shape: (256854, 300, 3)
Y shape: (256854,)

Label distribution:
0.0    222000
1.0     34854
Name: count, dtype: int64


        ##############################################
                    Flip_net+MLP
        ##############################################
        
Original X shape: (256854, 300, 3)
No need to downsample
X transformed shape: (256854, 3, 300)
Train-test Flip_net+MLP...
Resnet(
  (feature_extractor): Sequential(
    (layer1): Sequential(
      (0): Conv1d(3, 64, kernel_size=(5,), stride=(1,), padding=(2,), bias=False, padding_mode=circular)
      (1): ResBlock(
        (bn1): BatchNorm1d(64, eps=1e-05, momentum=0.1, affine=True, track_running_stats=True)
        (bn2): BatchNorm1d(64, eps=1e-05, momentum=0.1, affine=True, track_running_stats=True)
        (conv1): Conv1d(64, 64, kernel_size=(5,), stride=(1,), padding=(2,), bias=False, padding_mode=circular)
        (conv2): Conv1d(64, 64, kernel_size=(5,), stride=(1,), padding=(2,), bias=False, padding_mode=circular)
        (relu): ReLU(inplace=True)
      )
      (2): ResBlock(
        (bn1): BatchNorm1d(64, eps=1e-05, momentum=0.1, affine=True, track_running_stats=True)
        (bn2): BatchNorm1d(64, eps=1e-05, momentum=0.1, affine=True, track_running_stats=True)
        (conv1): Conv1d(64, 64, kernel_size=(5,), stride=(1,), padding=(2,), bias=False, padding_mode=circular)
        (conv2): Conv1d(64, 64, kernel_size=(5,), stride=(1,), padding=(2,), bias=False, padding_mode=circular)
        (relu): ReLU(inplace=True)
      )
      (3): BatchNorm1d(64, eps=1e-05, momentum=0.1, affine=True, track_running_stats=True)
      (4): ReLU(inplace=True)
      (5): Downsample()
    )
    (layer2): Sequential(
      (0): Conv1d(64, 128, kernel_size=(5,), stride=(1,), padding=(2,), bias=False, padding_mode=circular)
      (1): ResBlock(
        (bn1): BatchNorm1d(128, eps=1e-05, momentum=0.1, affine=True, track_running_stats=True)
        (bn2): BatchNorm1d(128, eps=1e-05, momentum=0.1, affine=True, track_running_stats=True)
        (conv1): Conv1d(128, 128, kernel_size=(5,), stride=(1,), padding=(2,), bias=False, padding_mode=circular)
        (conv2): Conv1d(128, 128, kernel_size=(5,), stride=(1,), padding=(2,), bias=False, padding_mode=circular)
        (relu): ReLU(inplace=True)
      )
      (2): ResBlock(
        (bn1): BatchNorm1d(128, eps=1e-05, momentum=0.1, affine=True, track_running_stats=True)
        (bn2): BatchNorm1d(128, eps=1e-05, momentum=0.1, affine=True, track_running_stats=True)
        (conv1): Conv1d(128, 128, kernel_size=(5,), stride=(1,), padding=(2,), bias=False, padding_mode=circular)
        (conv2): Conv1d(128, 128, kernel_size=(5,), stride=(1,), padding=(2,), bias=False, padding_mode=circular)
        (relu): ReLU(inplace=True)
      )
      (3): BatchNorm1d(128, eps=1e-05, momentum=0.1, affine=True, track_running_stats=True)
      (4): ReLU(inplace=True)
      (5): Downsample()
    )
    (layer3): Sequential(
      (0): Conv1d(128, 256, kernel_size=(5,), stride=(1,), padding=(2,), bias=False, padding_mode=circular)
      (1): ResBlock(
        (bn1): BatchNorm1d(256, eps=1e-05, momentum=0.1, affine=True, track_running_stats=True)
        (bn2): BatchNorm1d(256, eps=1e-05, momentum=0.1, affine=True, track_running_stats=True)
        (conv1): Conv1d(256, 256, kernel_size=(5,), stride=(1,), padding=(2,), bias=False, padding_mode=circular)
        (conv2): Conv1d(256, 256, kernel_size=(5,), stride=(1,), padding=(2,), bias=False, padding_mode=circular)
        (relu): ReLU(inplace=True)
      )
      (2): ResBlock(
        (bn1): BatchNorm1d(256, eps=1e-05, momentum=0.1, affine=True, track_running_stats=True)
        (bn2): BatchNorm1d(256, eps=1e-05, momentum=0.1, affine=True, track_running_stats=True)
        (conv1): Conv1d(256, 256, kernel_size=(5,), stride=(1,), padding=(2,), bias=False, padding_mode=circular)
        (conv2): Conv1d(256, 256, kernel_size=(5,), stride=(1,), padding=(2,), bias=False, padding_mode=circular)
        (relu): ReLU(inplace=True)
      )
      (3): BatchNorm1d(256, eps=1e-05, momentum=0.1, affine=True, track_running_stats=True)
      (4): ReLU(inplace=True)
      (5): Downsample()
    )
    (layer4): Sequential(
      (0): Conv1d(256, 512, kernel_size=(5,), stride=(1,), padding=(2,), bias=False, padding_mode=circular)
      (1): ResBlock(
        (bn1): BatchNorm1d(512, eps=1e-05, momentum=0.1, affine=True, track_running_stats=True)
        (bn2): BatchNorm1d(512, eps=1e-05, momentum=0.1, affine=True, track_running_stats=True)
        (conv1): Conv1d(512, 512, kernel_size=(5,), stride=(1,), padding=(2,), bias=False, padding_mode=circular)
        (conv2): Conv1d(512, 512, kernel_size=(5,), stride=(1,), padding=(2,), bias=False, padding_mode=circular)
        (relu): ReLU(inplace=True)
      )
      (2): ResBlock(
        (bn1): BatchNorm1d(512, eps=1e-05, momentum=0.1, affine=True, track_running_stats=True)
        (bn2): BatchNorm1d(512, eps=1e-05, momentum=0.1, affine=True, track_running_stats=True)
        (conv1): Conv1d(512, 512, kernel_size=(5,), stride=(1,), padding=(2,), bias=False, padding_mode=circular)
        (conv2): Conv1d(512, 512, kernel_size=(5,), stride=(1,), padding=(2,), bias=False, padding_mode=circular)
        (relu): ReLU(inplace=True)
      )
      (3): BatchNorm1d(512, eps=1e-05, momentum=0.1, affine=True, track_running_stats=True)
      (4): ReLU(inplace=True)
      (5): Downsample()
    )
    (layer5): Sequential(
      (0): Conv1d(512, 1024, kernel_size=(5,), stride=(1,), padding=(2,), bias=False, padding_mode=circular)
      (1): BatchNorm1d(1024, eps=1e-05, momentum=0.1, affine=True, track_running_stats=True)
      (2): ReLU(inplace=True)
      (3): Downsample()
    )
  )
  (classifier): EvaClassifier(
    (linear1): Linear(in_features=1024, out_features=512, bias=True)
    (linear2): Linear(in_features=512, out_features=2, bias=True)
  )
)
Loading weights from /users/acp25lmc/ssl-wearables/model_check_point/mtl_best.mdl
131 Weights loaded
train set sample count : 189354
val set sample count : 21000
test set sample count : 46500
Weight tensor: 
[1.1581284403669725, 7.323973079600836]
Validation loss decreased(inf --> 0.618135)Saving model ...
[  0/200] train_loss: 0.77207 valid_loss: 0.61814
Validation loss decreased(0.618135 --> 0.536042)Saving model ...
[  1/200] train_loss: 0.49058 valid_loss: 0.53604
EarlyStopping counter: 1 out of 5
[  2/200] train_loss: 0.43274 valid_loss: 0.63709
EarlyStopping counter: 2 out of 5
[  3/200] train_loss: 0.39113 valid_loss: 0.55864
EarlyStopping counter: 3 out of 5
[  4/200] train_loss: 0.35739 valid_loss: 0.68182
EarlyStopping counter: 4 out of 5
[  5/200] train_loss: 0.33191 valid_loss: 0.62769
EarlyStopping counter: 5 out of 5
[  6/200] train_loss: 0.30370 valid_loss: 0.63881
Early stopping
Resnet(
  (feature_extractor): Sequential(
    (layer1): Sequential(
      (0): Conv1d(3, 64, kernel_size=(5,), stride=(1,), padding=(2,), bias=False, padding_mode=circular)
      (1): ResBlock(
        (bn1): BatchNorm1d(64, eps=1e-05, momentum=0.1, affine=True, track_running_stats=True)
        (bn2): BatchNorm1d(64, eps=1e-05, momentum=0.1, affine=True, track_running_stats=True)
        (conv1): Conv1d(64, 64, kernel_size=(5,), stride=(1,), padding=(2,), bias=False, padding_mode=circular)
        (conv2): Conv1d(64, 64, kernel_size=(5,), stride=(1,), padding=(2,), bias=False, padding_mode=circular)
        (relu): ReLU(inplace=True)
      )
      (2): ResBlock(
        (bn1): BatchNorm1d(64, eps=1e-05, momentum=0.1, affine=True, track_running_stats=True)
        (bn2): BatchNorm1d(64, eps=1e-05, momentum=0.1, affine=True, track_running_stats=True)
        (conv1): Conv1d(64, 64, kernel_size=(5,), stride=(1,), padding=(2,), bias=False, padding_mode=circular)
        (conv2): Conv1d(64, 64, kernel_size=(5,), stride=(1,), padding=(2,), bias=False, padding_mode=circular)
        (relu): ReLU(inplace=True)
      )
      (3): BatchNorm1d(64, eps=1e-05, momentum=0.1, affine=True, track_running_stats=True)
      (4): ReLU(inplace=True)
      (5): Downsample()
    )
    (layer2): Sequential(
      (0): Conv1d(64, 128, kernel_size=(5,), stride=(1,), padding=(2,), bias=False, padding_mode=circular)
      (1): ResBlock(
        (bn1): BatchNorm1d(128, eps=1e-05, momentum=0.1, affine=True, track_running_stats=True)
        (bn2): BatchNorm1d(128, eps=1e-05, momentum=0.1, affine=True, track_running_stats=True)
        (conv1): Conv1d(128, 128, kernel_size=(5,), stride=(1,), padding=(2,), bias=False, padding_mode=circular)
        (conv2): Conv1d(128, 128, kernel_size=(5,), stride=(1,), padding=(2,), bias=False, padding_mode=circular)
        (relu): ReLU(inplace=True)
      )
      (2): ResBlock(
        (bn1): BatchNorm1d(128, eps=1e-05, momentum=0.1, affine=True, track_running_stats=True)
        (bn2): BatchNorm1d(128, eps=1e-05, momentum=0.1, affine=True, track_running_stats=True)
        (conv1): Conv1d(128, 128, kernel_size=(5,), stride=(1,), padding=(2,), bias=False, padding_mode=circular)
        (conv2): Conv1d(128, 128, kernel_size=(5,), stride=(1,), padding=(2,), bias=False, padding_mode=circular)
        (relu): ReLU(inplace=True)
      )
      (3): BatchNorm1d(128, eps=1e-05, momentum=0.1, affine=True, track_running_stats=True)
      (4): ReLU(inplace=True)
      (5): Downsample()
    )
    (layer3): Sequential(
      (0): Conv1d(128, 256, kernel_size=(5,), stride=(1,), padding=(2,), bias=False, padding_mode=circular)
      (1): ResBlock(
        (bn1): BatchNorm1d(256, eps=1e-05, momentum=0.1, affine=True, track_running_stats=True)
        (bn2): BatchNorm1d(256, eps=1e-05, momentum=0.1, affine=True, track_running_stats=True)
        (conv1): Conv1d(256, 256, kernel_size=(5,), stride=(1,), padding=(2,), bias=False, padding_mode=circular)
        (conv2): Conv1d(256, 256, kernel_size=(5,), stride=(1,), padding=(2,), bias=False, padding_mode=circular)
        (relu): ReLU(inplace=True)
      )
      (2): ResBlock(
        (bn1): BatchNorm1d(256, eps=1e-05, momentum=0.1, affine=True, track_running_stats=True)
        (bn2): BatchNorm1d(256, eps=1e-05, momentum=0.1, affine=True, track_running_stats=True)
        (conv1): Conv1d(256, 256, kernel_size=(5,), stride=(1,), padding=(2,), bias=False, padding_mode=circular)
        (conv2): Conv1d(256, 256, kernel_size=(5,), stride=(1,), padding=(2,), bias=False, padding_mode=circular)
        (relu): ReLU(inplace=True)
      )
      (3): BatchNorm1d(256, eps=1e-05, momentum=0.1, affine=True, track_running_stats=True)
      (4): ReLU(inplace=True)
      (5): Downsample()
    )
    (layer4): Sequential(
      (0): Conv1d(256, 512, kernel_size=(5,), stride=(1,), padding=(2,), bias=False, padding_mode=circular)
      (1): ResBlock(
        (bn1): BatchNorm1d(512, eps=1e-05, momentum=0.1, affine=True, track_running_stats=True)
        (bn2): BatchNorm1d(512, eps=1e-05, momentum=0.1, affine=True, track_running_stats=True)
        (conv1): Conv1d(512, 512, kernel_size=(5,), stride=(1,), padding=(2,), bias=False, padding_mode=circular)
        (conv2): Conv1d(512, 512, kernel_size=(5,), stride=(1,), padding=(2,), bias=False, padding_mode=circular)
        (relu): ReLU(inplace=True)
      )
      (2): ResBlock(
        (bn1): BatchNorm1d(512, eps=1e-05, momentum=0.1, affine=True, track_running_stats=True)
        (bn2): BatchNorm1d(512, eps=1e-05, momentum=0.1, affine=True, track_running_stats=True)
        (conv1): Conv1d(512, 512, kernel_size=(5,), stride=(1,), padding=(2,), bias=False, padding_mode=circular)
        (conv2): Conv1d(512, 512, kernel_size=(5,), stride=(1,), padding=(2,), bias=False, padding_mode=circular)
        (relu): ReLU(inplace=True)
      )
      (3): BatchNorm1d(512, eps=1e-05, momentum=0.1, affine=True, track_running_stats=True)
      (4): ReLU(inplace=True)
      (5): Downsample()
    )
    (layer5): Sequential(
      (0): Conv1d(512, 1024, kernel_size=(5,), stride=(1,), padding=(2,), bias=False, padding_mode=circular)
      (1): BatchNorm1d(1024, eps=1e-05, momentum=0.1, affine=True, track_running_stats=True)
      (2): ReLU(inplace=True)
      (3): Downsample()
    )
  )
  (classifier): EvaClassifier(
    (linear1): Linear(in_features=1024, out_features=512, bias=True)
    (linear2): Linear(in_features=512, out_features=2, bias=True)
  )
)
Resnet(
  (feature_extractor): Sequential(
    (layer1): Sequential(
      (0): Conv1d(3, 64, kernel_size=(5,), stride=(1,), padding=(2,), bias=False, padding_mode=circular)
      (1): ResBlock(
        (bn1): BatchNorm1d(64, eps=1e-05, momentum=0.1, affine=True, track_running_stats=True)
        (bn2): BatchNorm1d(64, eps=1e-05, momentum=0.1, affine=True, track_running_stats=True)
        (conv1): Conv1d(64, 64, kernel_size=(5,), stride=(1,), padding=(2,), bias=False, padding_mode=circular)
        (conv2): Conv1d(64, 64, kernel_size=(5,), stride=(1,), padding=(2,), bias=False, padding_mode=circular)
        (relu): ReLU(inplace=True)
      )
      (2): ResBlock(
        (bn1): BatchNorm1d(64, eps=1e-05, momentum=0.1, affine=True, track_running_stats=True)
        (bn2): BatchNorm1d(64, eps=1e-05, momentum=0.1, affine=True, track_running_stats=True)
        (conv1): Conv1d(64, 64, kernel_size=(5,), stride=(1,), padding=(2,), bias=False, padding_mode=circular)
        (conv2): Conv1d(64, 64, kernel_size=(5,), stride=(1,), padding=(2,), bias=False, padding_mode=circular)
        (relu): ReLU(inplace=True)
      )
      (3): BatchNorm1d(64, eps=1e-05, momentum=0.1, affine=True, track_running_stats=True)
      (4): ReLU(inplace=True)
      (5): Downsample()
    )
    (layer2): Sequential(
      (0): Conv1d(64, 128, kernel_size=(5,), stride=(1,), padding=(2,), bias=False, padding_mode=circular)
      (1): ResBlock(
        (bn1): BatchNorm1d(128, eps=1e-05, momentum=0.1, affine=True, track_running_stats=True)
        (bn2): BatchNorm1d(128, eps=1e-05, momentum=0.1, affine=True, track_running_stats=True)
        (conv1): Conv1d(128, 128, kernel_size=(5,), stride=(1,), padding=(2,), bias=False, padding_mode=circular)
        (conv2): Conv1d(128, 128, kernel_size=(5,), stride=(1,), padding=(2,), bias=False, padding_mode=circular)
        (relu): ReLU(inplace=True)
      )
      (2): ResBlock(
        (bn1): BatchNorm1d(128, eps=1e-05, momentum=0.1, affine=True, track_running_stats=True)
        (bn2): BatchNorm1d(128, eps=1e-05, momentum=0.1, affine=True, track_running_stats=True)
        (conv1): Conv1d(128, 128, kernel_size=(5,), stride=(1,), padding=(2,), bias=False, padding_mode=circular)
        (conv2): Conv1d(128, 128, kernel_size=(5,), stride=(1,), padding=(2,), bias=False, padding_mode=circular)
        (relu): ReLU(inplace=True)
      )
      (3): BatchNorm1d(128, eps=1e-05, momentum=0.1, affine=True, track_running_stats=True)
      (4): ReLU(inplace=True)
      (5): Downsample()
    )
    (layer3): Sequential(
      (0): Conv1d(128, 256, kernel_size=(5,), stride=(1,), padding=(2,), bias=False, padding_mode=circular)
      (1): ResBlock(
        (bn1): BatchNorm1d(256, eps=1e-05, momentum=0.1, affine=True, track_running_stats=True)
        (bn2): BatchNorm1d(256, eps=1e-05, momentum=0.1, affine=True, track_running_stats=True)
        (conv1): Conv1d(256, 256, kernel_size=(5,), stride=(1,), padding=(2,), bias=False, padding_mode=circular)
        (conv2): Conv1d(256, 256, kernel_size=(5,), stride=(1,), padding=(2,), bias=False, padding_mode=circular)
        (relu): ReLU(inplace=True)
      )
      (2): ResBlock(
        (bn1): BatchNorm1d(256, eps=1e-05, momentum=0.1, affine=True, track_running_stats=True)
        (bn2): BatchNorm1d(256, eps=1e-05, momentum=0.1, affine=True, track_running_stats=True)
        (conv1): Conv1d(256, 256, kernel_size=(5,), stride=(1,), padding=(2,), bias=False, padding_mode=circular)
        (conv2): Conv1d(256, 256, kernel_size=(5,), stride=(1,), padding=(2,), bias=False, padding_mode=circular)
        (relu): ReLU(inplace=True)
      )
      (3): BatchNorm1d(256, eps=1e-05, momentum=0.1, affine=True, track_running_stats=True)
      (4): ReLU(inplace=True)
      (5): Downsample()
    )
    (layer4): Sequential(
      (0): Conv1d(256, 512, kernel_size=(5,), stride=(1,), padding=(2,), bias=False, padding_mode=circular)
      (1): ResBlock(
        (bn1): BatchNorm1d(512, eps=1e-05, momentum=0.1, affine=True, track_running_stats=True)
        (bn2): BatchNorm1d(512, eps=1e-05, momentum=0.1, affine=True, track_running_stats=True)
        (conv1): Conv1d(512, 512, kernel_size=(5,), stride=(1,), padding=(2,), bias=False, padding_mode=circular)
        (conv2): Conv1d(512, 512, kernel_size=(5,), stride=(1,), padding=(2,), bias=False, padding_mode=circular)
        (relu): ReLU(inplace=True)
      )
      (2): ResBlock(
        (bn1): BatchNorm1d(512, eps=1e-05, momentum=0.1, affine=True, track_running_stats=True)
        (bn2): BatchNorm1d(512, eps=1e-05, momentum=0.1, affine=True, track_running_stats=True)
        (conv1): Conv1d(512, 512, kernel_size=(5,), stride=(1,), padding=(2,), bias=False, padding_mode=circular)
        (conv2): Conv1d(512, 512, kernel_size=(5,), stride=(1,), padding=(2,), bias=False, padding_mode=circular)
        (relu): ReLU(inplace=True)
      )
      (3): BatchNorm1d(512, eps=1e-05, momentum=0.1, affine=True, track_running_stats=True)
      (4): ReLU(inplace=True)
      (5): Downsample()
    )
    (layer5): Sequential(
      (0): Conv1d(512, 1024, kernel_size=(5,), stride=(1,), padding=(2,), bias=False, padding_mode=circular)
      (1): BatchNorm1d(1024, eps=1e-05, momentum=0.1, affine=True, track_running_stats=True)
      (2): ReLU(inplace=True)
      (3): Downsample()
    )
  )
  (classifier): EvaClassifier(
    (linear1): Linear(in_features=1024, out_features=512, bias=True)
    (linear2): Linear(in_features=512, out_features=2, bias=True)
  )
)
Loading weights from /users/acp25lmc/ssl-wearables/model_check_point/mtl_best.mdl
131 Weights loaded
train set sample count : 186354
val set sample count : 22500
test set sample count : 48000
Weight tensor: 
[1.1832, 6.458515283842794]
Validation loss decreased(inf --> 0.749469)Saving model ...
[  0/200] train_loss: 0.87251 valid_loss: 0.74947
EarlyStopping counter: 1 out of 5
[  1/200] train_loss: 0.53019 valid_loss: 0.77462
Validation loss decreased(0.749469 --> 0.699753)Saving model ...
[  2/200] train_loss: 0.45433 valid_loss: 0.69975
Validation loss decreased(0.699753 --> 0.566402)Saving model ...
[  3/200] train_loss: 0.41639 valid_loss: 0.56640
EarlyStopping counter: 1 out of 5
[  4/200] train_loss: 0.37708 valid_loss: 0.61835
EarlyStopping counter: 2 out of 5
[  5/200] train_loss: 0.35111 valid_loss: 0.71125
EarlyStopping counter: 3 out of 5
[  6/200] train_loss: 0.32432 valid_loss: 0.62015
EarlyStopping counter: 4 out of 5
[  7/200] train_loss: 0.30737 valid_loss: 0.59848
Validation loss decreased(0.566402 --> 0.523464)Saving model ...
[  8/200] train_loss: 0.28242 valid_loss: 0.52346
EarlyStopping counter: 1 out of 5
[  9/200] train_loss: 0.26022 valid_loss: 0.67220
EarlyStopping counter: 2 out of 5
[ 10/200] train_loss: 0.24172 valid_loss: 0.61987
EarlyStopping counter: 3 out of 5
[ 11/200] train_loss: 0.25167 valid_loss: 0.70188
EarlyStopping counter: 4 out of 5
[ 12/200] train_loss: 0.21386 valid_loss: 0.73788
EarlyStopping counter: 5 out of 5
[ 13/200] train_loss: 0.19258 valid_loss: 0.77368
Early stopping
Resnet(
  (feature_extractor): Sequential(
    (layer1): Sequential(
      (0): Conv1d(3, 64, kernel_size=(5,), stride=(1,), padding=(2,), bias=False, padding_mode=circular)
      (1): ResBlock(
        (bn1): BatchNorm1d(64, eps=1e-05, momentum=0.1, affine=True, track_running_stats=True)
        (bn2): BatchNorm1d(64, eps=1e-05, momentum=0.1, affine=True, track_running_stats=True)
        (conv1): Conv1d(64, 64, kernel_size=(5,), stride=(1,), padding=(2,), bias=False, padding_mode=circular)
        (conv2): Conv1d(64, 64, kernel_size=(5,), stride=(1,), padding=(2,), bias=False, padding_mode=circular)
        (relu): ReLU(inplace=True)
      )
      (2): ResBlock(
        (bn1): BatchNorm1d(64, eps=1e-05, momentum=0.1, affine=True, track_running_stats=True)
        (bn2): BatchNorm1d(64, eps=1e-05, momentum=0.1, affine=True, track_running_stats=True)
        (conv1): Conv1d(64, 64, kernel_size=(5,), stride=(1,), padding=(2,), bias=False, padding_mode=circular)
        (conv2): Conv1d(64, 64, kernel_size=(5,), stride=(1,), padding=(2,), bias=False, padding_mode=circular)
        (relu): ReLU(inplace=True)
      )
      (3): BatchNorm1d(64, eps=1e-05, momentum=0.1, affine=True, track_running_stats=True)
      (4): ReLU(inplace=True)
      (5): Downsample()
    )
    (layer2): Sequential(
      (0): Conv1d(64, 128, kernel_size=(5,), stride=(1,), padding=(2,), bias=False, padding_mode=circular)
      (1): ResBlock(
        (bn1): BatchNorm1d(128, eps=1e-05, momentum=0.1, affine=True, track_running_stats=True)
        (bn2): BatchNorm1d(128, eps=1e-05, momentum=0.1, affine=True, track_running_stats=True)
        (conv1): Conv1d(128, 128, kernel_size=(5,), stride=(1,), padding=(2,), bias=False, padding_mode=circular)
        (conv2): Conv1d(128, 128, kernel_size=(5,), stride=(1,), padding=(2,), bias=False, padding_mode=circular)
        (relu): ReLU(inplace=True)
      )
      (2): ResBlock(
        (bn1): BatchNorm1d(128, eps=1e-05, momentum=0.1, affine=True, track_running_stats=True)
        (bn2): BatchNorm1d(128, eps=1e-05, momentum=0.1, affine=True, track_running_stats=True)
        (conv1): Conv1d(128, 128, kernel_size=(5,), stride=(1,), padding=(2,), bias=False, padding_mode=circular)
        (conv2): Conv1d(128, 128, kernel_size=(5,), stride=(1,), padding=(2,), bias=False, padding_mode=circular)
        (relu): ReLU(inplace=True)
      )
      (3): BatchNorm1d(128, eps=1e-05, momentum=0.1, affine=True, track_running_stats=True)
      (4): ReLU(inplace=True)
      (5): Downsample()
    )
    (layer3): Sequential(
      (0): Conv1d(128, 256, kernel_size=(5,), stride=(1,), padding=(2,), bias=False, padding_mode=circular)
      (1): ResBlock(
        (bn1): BatchNorm1d(256, eps=1e-05, momentum=0.1, affine=True, track_running_stats=True)
        (bn2): BatchNorm1d(256, eps=1e-05, momentum=0.1, affine=True, track_running_stats=True)
        (conv1): Conv1d(256, 256, kernel_size=(5,), stride=(1,), padding=(2,), bias=False, padding_mode=circular)
        (conv2): Conv1d(256, 256, kernel_size=(5,), stride=(1,), padding=(2,), bias=False, padding_mode=circular)
        (relu): ReLU(inplace=True)
      )
      (2): ResBlock(
        (bn1): BatchNorm1d(256, eps=1e-05, momentum=0.1, affine=True, track_running_stats=True)
        (bn2): BatchNorm1d(256, eps=1e-05, momentum=0.1, affine=True, track_running_stats=True)
        (conv1): Conv1d(256, 256, kernel_size=(5,), stride=(1,), padding=(2,), bias=False, padding_mode=circular)
        (conv2): Conv1d(256, 256, kernel_size=(5,), stride=(1,), padding=(2,), bias=False, padding_mode=circular)
        (relu): ReLU(inplace=True)
      )
      (3): BatchNorm1d(256, eps=1e-05, momentum=0.1, affine=True, track_running_stats=True)
      (4): ReLU(inplace=True)
      (5): Downsample()
    )
    (layer4): Sequential(
      (0): Conv1d(256, 512, kernel_size=(5,), stride=(1,), padding=(2,), bias=False, padding_mode=circular)
      (1): ResBlock(
        (bn1): BatchNorm1d(512, eps=1e-05, momentum=0.1, affine=True, track_running_stats=True)
        (bn2): BatchNorm1d(512, eps=1e-05, momentum=0.1, affine=True, track_running_stats=True)
        (conv1): Conv1d(512, 512, kernel_size=(5,), stride=(1,), padding=(2,), bias=False, padding_mode=circular)
        (conv2): Conv1d(512, 512, kernel_size=(5,), stride=(1,), padding=(2,), bias=False, padding_mode=circular)
        (relu): ReLU(inplace=True)
      )
      (2): ResBlock(
        (bn1): BatchNorm1d(512, eps=1e-05, momentum=0.1, affine=True, track_running_stats=True)
        (bn2): BatchNorm1d(512, eps=1e-05, momentum=0.1, affine=True, track_running_stats=True)
        (conv1): Conv1d(512, 512, kernel_size=(5,), stride=(1,), padding=(2,), bias=False, padding_mode=circular)
        (conv2): Conv1d(512, 512, kernel_size=(5,), stride=(1,), padding=(2,), bias=False, padding_mode=circular)
        (relu): ReLU(inplace=True)
      )
      (3): BatchNorm1d(512, eps=1e-05, momentum=0.1, affine=True, track_running_stats=True)
      (4): ReLU(inplace=True)
      (5): Downsample()
    )
    (layer5): Sequential(
      (0): Conv1d(512, 1024, kernel_size=(5,), stride=(1,), padding=(2,), bias=False, padding_mode=circular)
      (1): BatchNorm1d(1024, eps=1e-05, momentum=0.1, affine=True, track_running_stats=True)
      (2): ReLU(inplace=True)
      (3): Downsample()
    )
  )
  (classifier): EvaClassifier(
    (linear1): Linear(in_features=1024, out_features=512, bias=True)
    (linear2): Linear(in_features=512, out_features=2, bias=True)
  )
)
Resnet(
  (feature_extractor): Sequential(
    (layer1): Sequential(
      (0): Conv1d(3, 64, kernel_size=(5,), stride=(1,), padding=(2,), bias=False, padding_mode=circular)
      (1): ResBlock(
        (bn1): BatchNorm1d(64, eps=1e-05, momentum=0.1, affine=True, track_running_stats=True)
        (bn2): BatchNorm1d(64, eps=1e-05, momentum=0.1, affine=True, track_running_stats=True)
        (conv1): Conv1d(64, 64, kernel_size=(5,), stride=(1,), padding=(2,), bias=False, padding_mode=circular)
        (conv2): Conv1d(64, 64, kernel_size=(5,), stride=(1,), padding=(2,), bias=False, padding_mode=circular)
        (relu): ReLU(inplace=True)
      )
      (2): ResBlock(
        (bn1): BatchNorm1d(64, eps=1e-05, momentum=0.1, affine=True, track_running_stats=True)
        (bn2): BatchNorm1d(64, eps=1e-05, momentum=0.1, affine=True, track_running_stats=True)
        (conv1): Conv1d(64, 64, kernel_size=(5,), stride=(1,), padding=(2,), bias=False, padding_mode=circular)
        (conv2): Conv1d(64, 64, kernel_size=(5,), stride=(1,), padding=(2,), bias=False, padding_mode=circular)
        (relu): ReLU(inplace=True)
      )
      (3): BatchNorm1d(64, eps=1e-05, momentum=0.1, affine=True, track_running_stats=True)
      (4): ReLU(inplace=True)
      (5): Downsample()
    )
    (layer2): Sequential(
      (0): Conv1d(64, 128, kernel_size=(5,), stride=(1,), padding=(2,), bias=False, padding_mode=circular)
      (1): ResBlock(
        (bn1): BatchNorm1d(128, eps=1e-05, momentum=0.1, affine=True, track_running_stats=True)
        (bn2): BatchNorm1d(128, eps=1e-05, momentum=0.1, affine=True, track_running_stats=True)
        (conv1): Conv1d(128, 128, kernel_size=(5,), stride=(1,), padding=(2,), bias=False, padding_mode=circular)
        (conv2): Conv1d(128, 128, kernel_size=(5,), stride=(1,), padding=(2,), bias=False, padding_mode=circular)
        (relu): ReLU(inplace=True)
      )
      (2): ResBlock(
        (bn1): BatchNorm1d(128, eps=1e-05, momentum=0.1, affine=True, track_running_stats=True)
        (bn2): BatchNorm1d(128, eps=1e-05, momentum=0.1, affine=True, track_running_stats=True)
        (conv1): Conv1d(128, 128, kernel_size=(5,), stride=(1,), padding=(2,), bias=False, padding_mode=circular)
        (conv2): Conv1d(128, 128, kernel_size=(5,), stride=(1,), padding=(2,), bias=False, padding_mode=circular)
        (relu): ReLU(inplace=True)
      )
      (3): BatchNorm1d(128, eps=1e-05, momentum=0.1, affine=True, track_running_stats=True)
      (4): ReLU(inplace=True)
      (5): Downsample()
    )
    (layer3): Sequential(
      (0): Conv1d(128, 256, kernel_size=(5,), stride=(1,), padding=(2,), bias=False, padding_mode=circular)
      (1): ResBlock(
        (bn1): BatchNorm1d(256, eps=1e-05, momentum=0.1, affine=True, track_running_stats=True)
        (bn2): BatchNorm1d(256, eps=1e-05, momentum=0.1, affine=True, track_running_stats=True)
        (conv1): Conv1d(256, 256, kernel_size=(5,), stride=(1,), padding=(2,), bias=False, padding_mode=circular)
        (conv2): Conv1d(256, 256, kernel_size=(5,), stride=(1,), padding=(2,), bias=False, padding_mode=circular)
        (relu): ReLU(inplace=True)
      )
      (2): ResBlock(
        (bn1): BatchNorm1d(256, eps=1e-05, momentum=0.1, affine=True, track_running_stats=True)
        (bn2): BatchNorm1d(256, eps=1e-05, momentum=0.1, affine=True, track_running_stats=True)
        (conv1): Conv1d(256, 256, kernel_size=(5,), stride=(1,), padding=(2,), bias=False, padding_mode=circular)
        (conv2): Conv1d(256, 256, kernel_size=(5,), stride=(1,), padding=(2,), bias=False, padding_mode=circular)
        (relu): ReLU(inplace=True)
      )
      (3): BatchNorm1d(256, eps=1e-05, momentum=0.1, affine=True, track_running_stats=True)
      (4): ReLU(inplace=True)
      (5): Downsample()
    )
    (layer4): Sequential(
      (0): Conv1d(256, 512, kernel_size=(5,), stride=(1,), padding=(2,), bias=False, padding_mode=circular)
      (1): ResBlock(
        (bn1): BatchNorm1d(512, eps=1e-05, momentum=0.1, affine=True, track_running_stats=True)
        (bn2): BatchNorm1d(512, eps=1e-05, momentum=0.1, affine=True, track_running_stats=True)
        (conv1): Conv1d(512, 512, kernel_size=(5,), stride=(1,), padding=(2,), bias=False, padding_mode=circular)
        (conv2): Conv1d(512, 512, kernel_size=(5,), stride=(1,), padding=(2,), bias=False, padding_mode=circular)
        (relu): ReLU(inplace=True)
      )
      (2): ResBlock(
        (bn1): BatchNorm1d(512, eps=1e-05, momentum=0.1, affine=True, track_running_stats=True)
        (bn2): BatchNorm1d(512, eps=1e-05, momentum=0.1, affine=True, track_running_stats=True)
        (conv1): Conv1d(512, 512, kernel_size=(5,), stride=(1,), padding=(2,), bias=False, padding_mode=circular)
        (conv2): Conv1d(512, 512, kernel_size=(5,), stride=(1,), padding=(2,), bias=False, padding_mode=circular)
        (relu): ReLU(inplace=True)
      )
      (3): BatchNorm1d(512, eps=1e-05, momentum=0.1, affine=True, track_running_stats=True)
      (4): ReLU(inplace=True)
      (5): Downsample()
    )
    (layer5): Sequential(
      (0): Conv1d(512, 1024, kernel_size=(5,), stride=(1,), padding=(2,), bias=False, padding_mode=circular)
      (1): BatchNorm1d(1024, eps=1e-05, momentum=0.1, affine=True, track_running_stats=True)
      (2): ReLU(inplace=True)
      (3): Downsample()
    )
  )
  (classifier): EvaClassifier(
    (linear1): Linear(in_features=1024, out_features=512, bias=True)
    (linear2): Linear(in_features=512, out_features=2, bias=True)
  )
)
Loading weights from /users/acp25lmc/ssl-wearables/model_check_point/mtl_best.mdl
131 Weights loaded
train set sample count : 183354
val set sample count : 25500
test set sample count : 48000
Weight tensor: 
[1.186757281553398, 6.354543564150551]
Validation loss decreased(inf --> 0.812337)Saving model ...
[  0/200] train_loss: 0.88581 valid_loss: 0.81234
EarlyStopping counter: 1 out of 5
[  1/200] train_loss: 0.52637 valid_loss: 0.94616
Validation loss decreased(0.812337 --> 0.809272)Saving model ...
[  2/200] train_loss: 0.45950 valid_loss: 0.80927
Validation loss decreased(0.809272 --> 0.772003)Saving model ...
[  3/200] train_loss: 0.42106 valid_loss: 0.77200
Validation loss decreased(0.772003 --> 0.583680)Saving model ...
[  4/200] train_loss: 0.39444 valid_loss: 0.58368
EarlyStopping counter: 1 out of 5
[  5/200] train_loss: 0.35340 valid_loss: 0.59184
EarlyStopping counter: 2 out of 5
[  6/200] train_loss: 0.35267 valid_loss: 0.67302
Validation loss decreased(0.583680 --> 0.562213)Saving model ...
[  7/200] train_loss: 0.31307 valid_loss: 0.56221
EarlyStopping counter: 1 out of 5
[  8/200] train_loss: 0.29091 valid_loss: 0.71988
EarlyStopping counter: 2 out of 5
[  9/200] train_loss: 0.28419 valid_loss: 1.45276
EarlyStopping counter: 3 out of 5
[ 10/200] train_loss: 0.30342 valid_loss: 0.65346
EarlyStopping counter: 4 out of 5
[ 11/200] train_loss: 0.23934 valid_loss: 1.32484
EarlyStopping counter: 5 out of 5
[ 12/200] train_loss: 0.22205 valid_loss: 0.71621
Early stopping
Resnet(
  (feature_extractor): Sequential(
    (layer1): Sequential(
      (0): Conv1d(3, 64, kernel_size=(5,), stride=(1,), padding=(2,), bias=False, padding_mode=circular)
      (1): ResBlock(
        (bn1): BatchNorm1d(64, eps=1e-05, momentum=0.1, affine=True, track_running_stats=True)
        (bn2): BatchNorm1d(64, eps=1e-05, momentum=0.1, affine=True, track_running_stats=True)
        (conv1): Conv1d(64, 64, kernel_size=(5,), stride=(1,), padding=(2,), bias=False, padding_mode=circular)
        (conv2): Conv1d(64, 64, kernel_size=(5,), stride=(1,), padding=(2,), bias=False, padding_mode=circular)
        (relu): ReLU(inplace=True)
      )
      (2): ResBlock(
        (bn1): BatchNorm1d(64, eps=1e-05, momentum=0.1, affine=True, track_running_stats=True)
        (bn2): BatchNorm1d(64, eps=1e-05, momentum=0.1, affine=True, track_running_stats=True)
        (conv1): Conv1d(64, 64, kernel_size=(5,), stride=(1,), padding=(2,), bias=False, padding_mode=circular)
        (conv2): Conv1d(64, 64, kernel_size=(5,), stride=(1,), padding=(2,), bias=False, padding_mode=circular)
        (relu): ReLU(inplace=True)
      )
      (3): BatchNorm1d(64, eps=1e-05, momentum=0.1, affine=True, track_running_stats=True)
      (4): ReLU(inplace=True)
      (5): Downsample()
    )
    (layer2): Sequential(
      (0): Conv1d(64, 128, kernel_size=(5,), stride=(1,), padding=(2,), bias=False, padding_mode=circular)
      (1): ResBlock(
        (bn1): BatchNorm1d(128, eps=1e-05, momentum=0.1, affine=True, track_running_stats=True)
        (bn2): BatchNorm1d(128, eps=1e-05, momentum=0.1, affine=True, track_running_stats=True)
        (conv1): Conv1d(128, 128, kernel_size=(5,), stride=(1,), padding=(2,), bias=False, padding_mode=circular)
        (conv2): Conv1d(128, 128, kernel_size=(5,), stride=(1,), padding=(2,), bias=False, padding_mode=circular)
        (relu): ReLU(inplace=True)
      )
      (2): ResBlock(
        (bn1): BatchNorm1d(128, eps=1e-05, momentum=0.1, affine=True, track_running_stats=True)
        (bn2): BatchNorm1d(128, eps=1e-05, momentum=0.1, affine=True, track_running_stats=True)
        (conv1): Conv1d(128, 128, kernel_size=(5,), stride=(1,), padding=(2,), bias=False, padding_mode=circular)
        (conv2): Conv1d(128, 128, kernel_size=(5,), stride=(1,), padding=(2,), bias=False, padding_mode=circular)
        (relu): ReLU(inplace=True)
      )
      (3): BatchNorm1d(128, eps=1e-05, momentum=0.1, affine=True, track_running_stats=True)
      (4): ReLU(inplace=True)
      (5): Downsample()
    )
    (layer3): Sequential(
      (0): Conv1d(128, 256, kernel_size=(5,), stride=(1,), padding=(2,), bias=False, padding_mode=circular)
      (1): ResBlock(
        (bn1): BatchNorm1d(256, eps=1e-05, momentum=0.1, affine=True, track_running_stats=True)
        (bn2): BatchNorm1d(256, eps=1e-05, momentum=0.1, affine=True, track_running_stats=True)
        (conv1): Conv1d(256, 256, kernel_size=(5,), stride=(1,), padding=(2,), bias=False, padding_mode=circular)
        (conv2): Conv1d(256, 256, kernel_size=(5,), stride=(1,), padding=(2,), bias=False, padding_mode=circular)
        (relu): ReLU(inplace=True)
      )
      (2): ResBlock(
        (bn1): BatchNorm1d(256, eps=1e-05, momentum=0.1, affine=True, track_running_stats=True)
        (bn2): BatchNorm1d(256, eps=1e-05, momentum=0.1, affine=True, track_running_stats=True)
        (conv1): Conv1d(256, 256, kernel_size=(5,), stride=(1,), padding=(2,), bias=False, padding_mode=circular)
        (conv2): Conv1d(256, 256, kernel_size=(5,), stride=(1,), padding=(2,), bias=False, padding_mode=circular)
        (relu): ReLU(inplace=True)
      )
      (3): BatchNorm1d(256, eps=1e-05, momentum=0.1, affine=True, track_running_stats=True)
      (4): ReLU(inplace=True)
      (5): Downsample()
    )
    (layer4): Sequential(
      (0): Conv1d(256, 512, kernel_size=(5,), stride=(1,), padding=(2,), bias=False, padding_mode=circular)
      (1): ResBlock(
        (bn1): BatchNorm1d(512, eps=1e-05, momentum=0.1, affine=True, track_running_stats=True)
        (bn2): BatchNorm1d(512, eps=1e-05, momentum=0.1, affine=True, track_running_stats=True)
        (conv1): Conv1d(512, 512, kernel_size=(5,), stride=(1,), padding=(2,), bias=False, padding_mode=circular)
        (conv2): Conv1d(512, 512, kernel_size=(5,), stride=(1,), padding=(2,), bias=False, padding_mode=circular)
        (relu): ReLU(inplace=True)
      )
      (2): ResBlock(
        (bn1): BatchNorm1d(512, eps=1e-05, momentum=0.1, affine=True, track_running_stats=True)
        (bn2): BatchNorm1d(512, eps=1e-05, momentum=0.1, affine=True, track_running_stats=True)
        (conv1): Conv1d(512, 512, kernel_size=(5,), stride=(1,), padding=(2,), bias=False, padding_mode=circular)
        (conv2): Conv1d(512, 512, kernel_size=(5,), stride=(1,), padding=(2,), bias=False, padding_mode=circular)
        (relu): ReLU(inplace=True)
      )
      (3): BatchNorm1d(512, eps=1e-05, momentum=0.1, affine=True, track_running_stats=True)
      (4): ReLU(inplace=True)
      (5): Downsample()
    )
    (layer5): Sequential(
      (0): Conv1d(512, 1024, kernel_size=(5,), stride=(1,), padding=(2,), bias=False, padding_mode=circular)
      (1): BatchNorm1d(1024, eps=1e-05, momentum=0.1, affine=True, track_running_stats=True)
      (2): ReLU(inplace=True)
      (3): Downsample()
    )
  )
  (classifier): EvaClassifier(
    (linear1): Linear(in_features=1024, out_features=512, bias=True)
    (linear2): Linear(in_features=512, out_features=2, bias=True)
  )
)
Resnet(
  (feature_extractor): Sequential(
    (layer1): Sequential(
      (0): Conv1d(3, 64, kernel_size=(5,), stride=(1,), padding=(2,), bias=False, padding_mode=circular)
      (1): ResBlock(
        (bn1): BatchNorm1d(64, eps=1e-05, momentum=0.1, affine=True, track_running_stats=True)
        (bn2): BatchNorm1d(64, eps=1e-05, momentum=0.1, affine=True, track_running_stats=True)
        (conv1): Conv1d(64, 64, kernel_size=(5,), stride=(1,), padding=(2,), bias=False, padding_mode=circular)
        (conv2): Conv1d(64, 64, kernel_size=(5,), stride=(1,), padding=(2,), bias=False, padding_mode=circular)
        (relu): ReLU(inplace=True)
      )
      (2): ResBlock(
        (bn1): BatchNorm1d(64, eps=1e-05, momentum=0.1, affine=True, track_running_stats=True)
        (bn2): BatchNorm1d(64, eps=1e-05, momentum=0.1, affine=True, track_running_stats=True)
        (conv1): Conv1d(64, 64, kernel_size=(5,), stride=(1,), padding=(2,), bias=False, padding_mode=circular)
        (conv2): Conv1d(64, 64, kernel_size=(5,), stride=(1,), padding=(2,), bias=False, padding_mode=circular)
        (relu): ReLU(inplace=True)
      )
      (3): BatchNorm1d(64, eps=1e-05, momentum=0.1, affine=True, track_running_stats=True)
      (4): ReLU(inplace=True)
      (5): Downsample()
    )
    (layer2): Sequential(
      (0): Conv1d(64, 128, kernel_size=(5,), stride=(1,), padding=(2,), bias=False, padding_mode=circular)
      (1): ResBlock(
        (bn1): BatchNorm1d(128, eps=1e-05, momentum=0.1, affine=True, track_running_stats=True)
        (bn2): BatchNorm1d(128, eps=1e-05, momentum=0.1, affine=True, track_running_stats=True)
        (conv1): Conv1d(128, 128, kernel_size=(5,), stride=(1,), padding=(2,), bias=False, padding_mode=circular)
        (conv2): Conv1d(128, 128, kernel_size=(5,), stride=(1,), padding=(2,), bias=False, padding_mode=circular)
        (relu): ReLU(inplace=True)
      )
      (2): ResBlock(
        (bn1): BatchNorm1d(128, eps=1e-05, momentum=0.1, affine=True, track_running_stats=True)
        (bn2): BatchNorm1d(128, eps=1e-05, momentum=0.1, affine=True, track_running_stats=True)
        (conv1): Conv1d(128, 128, kernel_size=(5,), stride=(1,), padding=(2,), bias=False, padding_mode=circular)
        (conv2): Conv1d(128, 128, kernel_size=(5,), stride=(1,), padding=(2,), bias=False, padding_mode=circular)
        (relu): ReLU(inplace=True)
      )
      (3): BatchNorm1d(128, eps=1e-05, momentum=0.1, affine=True, track_running_stats=True)
      (4): ReLU(inplace=True)
      (5): Downsample()
    )
    (layer3): Sequential(
      (0): Conv1d(128, 256, kernel_size=(5,), stride=(1,), padding=(2,), bias=False, padding_mode=circular)
      (1): ResBlock(
        (bn1): BatchNorm1d(256, eps=1e-05, momentum=0.1, affine=True, track_running_stats=True)
        (bn2): BatchNorm1d(256, eps=1e-05, momentum=0.1, affine=True, track_running_stats=True)
        (conv1): Conv1d(256, 256, kernel_size=(5,), stride=(1,), padding=(2,), bias=False, padding_mode=circular)
        (conv2): Conv1d(256, 256, kernel_size=(5,), stride=(1,), padding=(2,), bias=False, padding_mode=circular)
        (relu): ReLU(inplace=True)
      )
      (2): ResBlock(
        (bn1): BatchNorm1d(256, eps=1e-05, momentum=0.1, affine=True, track_running_stats=True)
        (bn2): BatchNorm1d(256, eps=1e-05, momentum=0.1, affine=True, track_running_stats=True)
        (conv1): Conv1d(256, 256, kernel_size=(5,), stride=(1,), padding=(2,), bias=False, padding_mode=circular)
        (conv2): Conv1d(256, 256, kernel_size=(5,), stride=(1,), padding=(2,), bias=False, padding_mode=circular)
        (relu): ReLU(inplace=True)
      )
      (3): BatchNorm1d(256, eps=1e-05, momentum=0.1, affine=True, track_running_stats=True)
      (4): ReLU(inplace=True)
      (5): Downsample()
    )
    (layer4): Sequential(
      (0): Conv1d(256, 512, kernel_size=(5,), stride=(1,), padding=(2,), bias=False, padding_mode=circular)
      (1): ResBlock(
        (bn1): BatchNorm1d(512, eps=1e-05, momentum=0.1, affine=True, track_running_stats=True)
        (bn2): BatchNorm1d(512, eps=1e-05, momentum=0.1, affine=True, track_running_stats=True)
        (conv1): Conv1d(512, 512, kernel_size=(5,), stride=(1,), padding=(2,), bias=False, padding_mode=circular)
        (conv2): Conv1d(512, 512, kernel_size=(5,), stride=(1,), padding=(2,), bias=False, padding_mode=circular)
        (relu): ReLU(inplace=True)
      )
      (2): ResBlock(
        (bn1): BatchNorm1d(512, eps=1e-05, momentum=0.1, affine=True, track_running_stats=True)
        (bn2): BatchNorm1d(512, eps=1e-05, momentum=0.1, affine=True, track_running_stats=True)
        (conv1): Conv1d(512, 512, kernel_size=(5,), stride=(1,), padding=(2,), bias=False, padding_mode=circular)
        (conv2): Conv1d(512, 512, kernel_size=(5,), stride=(1,), padding=(2,), bias=False, padding_mode=circular)
        (relu): ReLU(inplace=True)
      )
      (3): BatchNorm1d(512, eps=1e-05, momentum=0.1, affine=True, track_running_stats=True)
      (4): ReLU(inplace=True)
      (5): Downsample()
    )
    (layer5): Sequential(
      (0): Conv1d(512, 1024, kernel_size=(5,), stride=(1,), padding=(2,), bias=False, padding_mode=circular)
      (1): BatchNorm1d(1024, eps=1e-05, momentum=0.1, affine=True, track_running_stats=True)
      (2): ReLU(inplace=True)
      (3): Downsample()
    )
  )
  (classifier): EvaClassifier(
    (linear1): Linear(in_features=1024, out_features=512, bias=True)
    (linear2): Linear(in_features=512, out_features=2, bias=True)
  )
)
Loading weights from /users/acp25lmc/ssl-wearables/model_check_point/mtl_best.mdl
131 Weights loaded
train set sample count : 175500
val set sample count : 24000
test set sample count : 57354
Weight tensor: 
[1.1700000000000002, 6.88235294117647]
Validation loss decreased(inf --> 0.491292)Saving model ...
[  0/200] train_loss: 0.83561 valid_loss: 0.49129
EarlyStopping counter: 1 out of 5
[  1/200] train_loss: 0.52201 valid_loss: 0.60935
Validation loss decreased(0.491292 --> 0.418629)Saving model ...
[  2/200] train_loss: 0.46338 valid_loss: 0.41863
EarlyStopping counter: 1 out of 5
[  3/200] train_loss: 0.41940 valid_loss: 0.47736
EarlyStopping counter: 2 out of 5
[  4/200] train_loss: 0.38944 valid_loss: 0.43907
EarlyStopping counter: 3 out of 5
[  5/200] train_loss: 0.36003 valid_loss: 0.46432
EarlyStopping counter: 4 out of 5
[  6/200] train_loss: 0.33144 valid_loss: 0.71977
EarlyStopping counter: 5 out of 5
[  7/200] train_loss: 0.31057 valid_loss: 0.51061
Early stopping
Resnet(
  (feature_extractor): Sequential(
    (layer1): Sequential(
      (0): Conv1d(3, 64, kernel_size=(5,), stride=(1,), padding=(2,), bias=False, padding_mode=circular)
      (1): ResBlock(
        (bn1): BatchNorm1d(64, eps=1e-05, momentum=0.1, affine=True, track_running_stats=True)
        (bn2): BatchNorm1d(64, eps=1e-05, momentum=0.1, affine=True, track_running_stats=True)
        (conv1): Conv1d(64, 64, kernel_size=(5,), stride=(1,), padding=(2,), bias=False, padding_mode=circular)
        (conv2): Conv1d(64, 64, kernel_size=(5,), stride=(1,), padding=(2,), bias=False, padding_mode=circular)
        (relu): ReLU(inplace=True)
      )
      (2): ResBlock(
        (bn1): BatchNorm1d(64, eps=1e-05, momentum=0.1, affine=True, track_running_stats=True)
        (bn2): BatchNorm1d(64, eps=1e-05, momentum=0.1, affine=True, track_running_stats=True)
        (conv1): Conv1d(64, 64, kernel_size=(5,), stride=(1,), padding=(2,), bias=False, padding_mode=circular)
        (conv2): Conv1d(64, 64, kernel_size=(5,), stride=(1,), padding=(2,), bias=False, padding_mode=circular)
        (relu): ReLU(inplace=True)
      )
      (3): BatchNorm1d(64, eps=1e-05, momentum=0.1, affine=True, track_running_stats=True)
      (4): ReLU(inplace=True)
      (5): Downsample()
    )
    (layer2): Sequential(
      (0): Conv1d(64, 128, kernel_size=(5,), stride=(1,), padding=(2,), bias=False, padding_mode=circular)
      (1): ResBlock(
        (bn1): BatchNorm1d(128, eps=1e-05, momentum=0.1, affine=True, track_running_stats=True)
        (bn2): BatchNorm1d(128, eps=1e-05, momentum=0.1, affine=True, track_running_stats=True)
        (conv1): Conv1d(128, 128, kernel_size=(5,), stride=(1,), padding=(2,), bias=False, padding_mode=circular)
        (conv2): Conv1d(128, 128, kernel_size=(5,), stride=(1,), padding=(2,), bias=False, padding_mode=circular)
        (relu): ReLU(inplace=True)
      )
      (2): ResBlock(
        (bn1): BatchNorm1d(128, eps=1e-05, momentum=0.1, affine=True, track_running_stats=True)
        (bn2): BatchNorm1d(128, eps=1e-05, momentum=0.1, affine=True, track_running_stats=True)
        (conv1): Conv1d(128, 128, kernel_size=(5,), stride=(1,), padding=(2,), bias=False, padding_mode=circular)
        (conv2): Conv1d(128, 128, kernel_size=(5,), stride=(1,), padding=(2,), bias=False, padding_mode=circular)
        (relu): ReLU(inplace=True)
      )
      (3): BatchNorm1d(128, eps=1e-05, momentum=0.1, affine=True, track_running_stats=True)
      (4): ReLU(inplace=True)
      (5): Downsample()
    )
    (layer3): Sequential(
      (0): Conv1d(128, 256, kernel_size=(5,), stride=(1,), padding=(2,), bias=False, padding_mode=circular)
      (1): ResBlock(
        (bn1): BatchNorm1d(256, eps=1e-05, momentum=0.1, affine=True, track_running_stats=True)
        (bn2): BatchNorm1d(256, eps=1e-05, momentum=0.1, affine=True, track_running_stats=True)
        (conv1): Conv1d(256, 256, kernel_size=(5,), stride=(1,), padding=(2,), bias=False, padding_mode=circular)
        (conv2): Conv1d(256, 256, kernel_size=(5,), stride=(1,), padding=(2,), bias=False, padding_mode=circular)
        (relu): ReLU(inplace=True)
      )
      (2): ResBlock(
        (bn1): BatchNorm1d(256, eps=1e-05, momentum=0.1, affine=True, track_running_stats=True)
        (bn2): BatchNorm1d(256, eps=1e-05, momentum=0.1, affine=True, track_running_stats=True)
        (conv1): Conv1d(256, 256, kernel_size=(5,), stride=(1,), padding=(2,), bias=False, padding_mode=circular)
        (conv2): Conv1d(256, 256, kernel_size=(5,), stride=(1,), padding=(2,), bias=False, padding_mode=circular)
        (relu): ReLU(inplace=True)
      )
      (3): BatchNorm1d(256, eps=1e-05, momentum=0.1, affine=True, track_running_stats=True)
      (4): ReLU(inplace=True)
      (5): Downsample()
    )
    (layer4): Sequential(
      (0): Conv1d(256, 512, kernel_size=(5,), stride=(1,), padding=(2,), bias=False, padding_mode=circular)
      (1): ResBlock(
        (bn1): BatchNorm1d(512, eps=1e-05, momentum=0.1, affine=True, track_running_stats=True)
        (bn2): BatchNorm1d(512, eps=1e-05, momentum=0.1, affine=True, track_running_stats=True)
        (conv1): Conv1d(512, 512, kernel_size=(5,), stride=(1,), padding=(2,), bias=False, padding_mode=circular)
        (conv2): Conv1d(512, 512, kernel_size=(5,), stride=(1,), padding=(2,), bias=False, padding_mode=circular)
        (relu): ReLU(inplace=True)
      )
      (2): ResBlock(
        (bn1): BatchNorm1d(512, eps=1e-05, momentum=0.1, affine=True, track_running_stats=True)
        (bn2): BatchNorm1d(512, eps=1e-05, momentum=0.1, affine=True, track_running_stats=True)
        (conv1): Conv1d(512, 512, kernel_size=(5,), stride=(1,), padding=(2,), bias=False, padding_mode=circular)
        (conv2): Conv1d(512, 512, kernel_size=(5,), stride=(1,), padding=(2,), bias=False, padding_mode=circular)
        (relu): ReLU(inplace=True)
      )
      (3): BatchNorm1d(512, eps=1e-05, momentum=0.1, affine=True, track_running_stats=True)
      (4): ReLU(inplace=True)
      (5): Downsample()
    )
    (layer5): Sequential(
      (0): Conv1d(512, 1024, kernel_size=(5,), stride=(1,), padding=(2,), bias=False, padding_mode=circular)
      (1): BatchNorm1d(1024, eps=1e-05, momentum=0.1, affine=True, track_running_stats=True)
      (2): ReLU(inplace=True)
      (3): Downsample()
    )
  )
  (classifier): EvaClassifier(
    (linear1): Linear(in_features=1024, out_features=512, bias=True)
    (linear2): Linear(in_features=512, out_features=2, bias=True)
  )
)
Resnet(
  (feature_extractor): Sequential(
    (layer1): Sequential(
      (0): Conv1d(3, 64, kernel_size=(5,), stride=(1,), padding=(2,), bias=False, padding_mode=circular)
      (1): ResBlock(
        (bn1): BatchNorm1d(64, eps=1e-05, momentum=0.1, affine=True, track_running_stats=True)
        (bn2): BatchNorm1d(64, eps=1e-05, momentum=0.1, affine=True, track_running_stats=True)
        (conv1): Conv1d(64, 64, kernel_size=(5,), stride=(1,), padding=(2,), bias=False, padding_mode=circular)
        (conv2): Conv1d(64, 64, kernel_size=(5,), stride=(1,), padding=(2,), bias=False, padding_mode=circular)
        (relu): ReLU(inplace=True)
      )
      (2): ResBlock(
        (bn1): BatchNorm1d(64, eps=1e-05, momentum=0.1, affine=True, track_running_stats=True)
        (bn2): BatchNorm1d(64, eps=1e-05, momentum=0.1, affine=True, track_running_stats=True)
        (conv1): Conv1d(64, 64, kernel_size=(5,), stride=(1,), padding=(2,), bias=False, padding_mode=circular)
        (conv2): Conv1d(64, 64, kernel_size=(5,), stride=(1,), padding=(2,), bias=False, padding_mode=circular)
        (relu): ReLU(inplace=True)
      )
      (3): BatchNorm1d(64, eps=1e-05, momentum=0.1, affine=True, track_running_stats=True)
      (4): ReLU(inplace=True)
      (5): Downsample()
    )
    (layer2): Sequential(
      (0): Conv1d(64, 128, kernel_size=(5,), stride=(1,), padding=(2,), bias=False, padding_mode=circular)
      (1): ResBlock(
        (bn1): BatchNorm1d(128, eps=1e-05, momentum=0.1, affine=True, track_running_stats=True)
        (bn2): BatchNorm1d(128, eps=1e-05, momentum=0.1, affine=True, track_running_stats=True)
        (conv1): Conv1d(128, 128, kernel_size=(5,), stride=(1,), padding=(2,), bias=False, padding_mode=circular)
        (conv2): Conv1d(128, 128, kernel_size=(5,), stride=(1,), padding=(2,), bias=False, padding_mode=circular)
        (relu): ReLU(inplace=True)
      )
      (2): ResBlock(
        (bn1): BatchNorm1d(128, eps=1e-05, momentum=0.1, affine=True, track_running_stats=True)
        (bn2): BatchNorm1d(128, eps=1e-05, momentum=0.1, affine=True, track_running_stats=True)
        (conv1): Conv1d(128, 128, kernel_size=(5,), stride=(1,), padding=(2,), bias=False, padding_mode=circular)
        (conv2): Conv1d(128, 128, kernel_size=(5,), stride=(1,), padding=(2,), bias=False, padding_mode=circular)
        (relu): ReLU(inplace=True)
      )
      (3): BatchNorm1d(128, eps=1e-05, momentum=0.1, affine=True, track_running_stats=True)
      (4): ReLU(inplace=True)
      (5): Downsample()
    )
    (layer3): Sequential(
      (0): Conv1d(128, 256, kernel_size=(5,), stride=(1,), padding=(2,), bias=False, padding_mode=circular)
      (1): ResBlock(
        (bn1): BatchNorm1d(256, eps=1e-05, momentum=0.1, affine=True, track_running_stats=True)
        (bn2): BatchNorm1d(256, eps=1e-05, momentum=0.1, affine=True, track_running_stats=True)
        (conv1): Conv1d(256, 256, kernel_size=(5,), stride=(1,), padding=(2,), bias=False, padding_mode=circular)
        (conv2): Conv1d(256, 256, kernel_size=(5,), stride=(1,), padding=(2,), bias=False, padding_mode=circular)
        (relu): ReLU(inplace=True)
      )
      (2): ResBlock(
        (bn1): BatchNorm1d(256, eps=1e-05, momentum=0.1, affine=True, track_running_stats=True)
        (bn2): BatchNorm1d(256, eps=1e-05, momentum=0.1, affine=True, track_running_stats=True)
        (conv1): Conv1d(256, 256, kernel_size=(5,), stride=(1,), padding=(2,), bias=False, padding_mode=circular)
        (conv2): Conv1d(256, 256, kernel_size=(5,), stride=(1,), padding=(2,), bias=False, padding_mode=circular)
        (relu): ReLU(inplace=True)
      )
      (3): BatchNorm1d(256, eps=1e-05, momentum=0.1, affine=True, track_running_stats=True)
      (4): ReLU(inplace=True)
      (5): Downsample()
    )
    (layer4): Sequential(
      (0): Conv1d(256, 512, kernel_size=(5,), stride=(1,), padding=(2,), bias=False, padding_mode=circular)
      (1): ResBlock(
        (bn1): BatchNorm1d(512, eps=1e-05, momentum=0.1, affine=True, track_running_stats=True)
        (bn2): BatchNorm1d(512, eps=1e-05, momentum=0.1, affine=True, track_running_stats=True)
        (conv1): Conv1d(512, 512, kernel_size=(5,), stride=(1,), padding=(2,), bias=False, padding_mode=circular)
        (conv2): Conv1d(512, 512, kernel_size=(5,), stride=(1,), padding=(2,), bias=False, padding_mode=circular)
        (relu): ReLU(inplace=True)
      )
      (2): ResBlock(
        (bn1): BatchNorm1d(512, eps=1e-05, momentum=0.1, affine=True, track_running_stats=True)
        (bn2): BatchNorm1d(512, eps=1e-05, momentum=0.1, affine=True, track_running_stats=True)
        (conv1): Conv1d(512, 512, kernel_size=(5,), stride=(1,), padding=(2,), bias=False, padding_mode=circular)
        (conv2): Conv1d(512, 512, kernel_size=(5,), stride=(1,), padding=(2,), bias=False, padding_mode=circular)
        (relu): ReLU(inplace=True)
      )
      (3): BatchNorm1d(512, eps=1e-05, momentum=0.1, affine=True, track_running_stats=True)
      (4): ReLU(inplace=True)
      (5): Downsample()
    )
    (layer5): Sequential(
      (0): Conv1d(512, 1024, kernel_size=(5,), stride=(1,), padding=(2,), bias=False, padding_mode=circular)
      (1): BatchNorm1d(1024, eps=1e-05, momentum=0.1, affine=True, track_running_stats=True)
      (2): ReLU(inplace=True)
      (3): Downsample()
    )
  )
  (classifier): EvaClassifier(
    (linear1): Linear(in_features=1024, out_features=512, bias=True)
    (linear2): Linear(in_features=512, out_features=2, bias=True)
  )
)
Loading weights from /users/acp25lmc/ssl-wearables/model_check_point/mtl_best.mdl
131 Weights loaded
train set sample count : 181854
val set sample count : 24000
test set sample count : 51000
Weight tensor: 
[1.2246060606060607, 5.452239611440907]
Validation loss decreased(inf --> 0.573056)Saving model ...
[  0/200] train_loss: 0.86775 valid_loss: 0.57306
EarlyStopping counter: 1 out of 5
[  1/200] train_loss: 0.55385 valid_loss: 0.72866
EarlyStopping counter: 2 out of 5
[  2/200] train_loss: 0.47764 valid_loss: 0.57628
EarlyStopping counter: 3 out of 5
[  3/200] train_loss: 0.44725 valid_loss: 0.62232
EarlyStopping counter: 4 out of 5
[  4/200] train_loss: 0.41046 valid_loss: 0.57520
EarlyStopping counter: 5 out of 5
[  5/200] train_loss: 0.38931 valid_loss: 0.65812
Early stopping
Resnet(
  (feature_extractor): Sequential(
    (layer1): Sequential(
      (0): Conv1d(3, 64, kernel_size=(5,), stride=(1,), padding=(2,), bias=False, padding_mode=circular)
      (1): ResBlock(
        (bn1): BatchNorm1d(64, eps=1e-05, momentum=0.1, affine=True, track_running_stats=True)
        (bn2): BatchNorm1d(64, eps=1e-05, momentum=0.1, affine=True, track_running_stats=True)
        (conv1): Conv1d(64, 64, kernel_size=(5,), stride=(1,), padding=(2,), bias=False, padding_mode=circular)
        (conv2): Conv1d(64, 64, kernel_size=(5,), stride=(1,), padding=(2,), bias=False, padding_mode=circular)
        (relu): ReLU(inplace=True)
      )
      (2): ResBlock(
        (bn1): BatchNorm1d(64, eps=1e-05, momentum=0.1, affine=True, track_running_stats=True)
        (bn2): BatchNorm1d(64, eps=1e-05, momentum=0.1, affine=True, track_running_stats=True)
        (conv1): Conv1d(64, 64, kernel_size=(5,), stride=(1,), padding=(2,), bias=False, padding_mode=circular)
        (conv2): Conv1d(64, 64, kernel_size=(5,), stride=(1,), padding=(2,), bias=False, padding_mode=circular)
        (relu): ReLU(inplace=True)
      )
      (3): BatchNorm1d(64, eps=1e-05, momentum=0.1, affine=True, track_running_stats=True)
      (4): ReLU(inplace=True)
      (5): Downsample()
    )
    (layer2): Sequential(
      (0): Conv1d(64, 128, kernel_size=(5,), stride=(1,), padding=(2,), bias=False, padding_mode=circular)
      (1): ResBlock(
        (bn1): BatchNorm1d(128, eps=1e-05, momentum=0.1, affine=True, track_running_stats=True)
        (bn2): BatchNorm1d(128, eps=1e-05, momentum=0.1, affine=True, track_running_stats=True)
        (conv1): Conv1d(128, 128, kernel_size=(5,), stride=(1,), padding=(2,), bias=False, padding_mode=circular)
        (conv2): Conv1d(128, 128, kernel_size=(5,), stride=(1,), padding=(2,), bias=False, padding_mode=circular)
        (relu): ReLU(inplace=True)
      )
      (2): ResBlock(
        (bn1): BatchNorm1d(128, eps=1e-05, momentum=0.1, affine=True, track_running_stats=True)
        (bn2): BatchNorm1d(128, eps=1e-05, momentum=0.1, affine=True, track_running_stats=True)
        (conv1): Conv1d(128, 128, kernel_size=(5,), stride=(1,), padding=(2,), bias=False, padding_mode=circular)
        (conv2): Conv1d(128, 128, kernel_size=(5,), stride=(1,), padding=(2,), bias=False, padding_mode=circular)
        (relu): ReLU(inplace=True)
      )
      (3): BatchNorm1d(128, eps=1e-05, momentum=0.1, affine=True, track_running_stats=True)
      (4): ReLU(inplace=True)
      (5): Downsample()
    )
    (layer3): Sequential(
      (0): Conv1d(128, 256, kernel_size=(5,), stride=(1,), padding=(2,), bias=False, padding_mode=circular)
      (1): ResBlock(
        (bn1): BatchNorm1d(256, eps=1e-05, momentum=0.1, affine=True, track_running_stats=True)
        (bn2): BatchNorm1d(256, eps=1e-05, momentum=0.1, affine=True, track_running_stats=True)
        (conv1): Conv1d(256, 256, kernel_size=(5,), stride=(1,), padding=(2,), bias=False, padding_mode=circular)
        (conv2): Conv1d(256, 256, kernel_size=(5,), stride=(1,), padding=(2,), bias=False, padding_mode=circular)
        (relu): ReLU(inplace=True)
      )
      (2): ResBlock(
        (bn1): BatchNorm1d(256, eps=1e-05, momentum=0.1, affine=True, track_running_stats=True)
        (bn2): BatchNorm1d(256, eps=1e-05, momentum=0.1, affine=True, track_running_stats=True)
        (conv1): Conv1d(256, 256, kernel_size=(5,), stride=(1,), padding=(2,), bias=False, padding_mode=circular)
        (conv2): Conv1d(256, 256, kernel_size=(5,), stride=(1,), padding=(2,), bias=False, padding_mode=circular)
        (relu): ReLU(inplace=True)
      )
      (3): BatchNorm1d(256, eps=1e-05, momentum=0.1, affine=True, track_running_stats=True)
      (4): ReLU(inplace=True)
      (5): Downsample()
    )
    (layer4): Sequential(
      (0): Conv1d(256, 512, kernel_size=(5,), stride=(1,), padding=(2,), bias=False, padding_mode=circular)
      (1): ResBlock(
        (bn1): BatchNorm1d(512, eps=1e-05, momentum=0.1, affine=True, track_running_stats=True)
        (bn2): BatchNorm1d(512, eps=1e-05, momentum=0.1, affine=True, track_running_stats=True)
        (conv1): Conv1d(512, 512, kernel_size=(5,), stride=(1,), padding=(2,), bias=False, padding_mode=circular)
        (conv2): Conv1d(512, 512, kernel_size=(5,), stride=(1,), padding=(2,), bias=False, padding_mode=circular)
        (relu): ReLU(inplace=True)
      )
      (2): ResBlock(
        (bn1): BatchNorm1d(512, eps=1e-05, momentum=0.1, affine=True, track_running_stats=True)
        (bn2): BatchNorm1d(512, eps=1e-05, momentum=0.1, affine=True, track_running_stats=True)
        (conv1): Conv1d(512, 512, kernel_size=(5,), stride=(1,), padding=(2,), bias=False, padding_mode=circular)
        (conv2): Conv1d(512, 512, kernel_size=(5,), stride=(1,), padding=(2,), bias=False, padding_mode=circular)
        (relu): ReLU(inplace=True)
      )
      (3): BatchNorm1d(512, eps=1e-05, momentum=0.1, affine=True, track_running_stats=True)
      (4): ReLU(inplace=True)
      (5): Downsample()
    )
    (layer5): Sequential(
      (0): Conv1d(512, 1024, kernel_size=(5,), stride=(1,), padding=(2,), bias=False, padding_mode=circular)
      (1): BatchNorm1d(1024, eps=1e-05, momentum=0.1, affine=True, track_running_stats=True)
      (2): ReLU(inplace=True)
      (3): Downsample()
    )
  )
  (classifier): EvaClassifier(
    (linear1): Linear(in_features=1024, out_features=512, bias=True)
    (linear2): Linear(in_features=512, out_features=2, bias=True)
  )
)
Generating participant wise report
Generating model report

               precision    recall  f1-score   support

           0       0.90      0.75      0.82    225000
           1       0.10      0.23      0.14     25854

    accuracy                           0.70    250854
   macro avg       0.50      0.49      0.48    250854
weighted avg       0.81      0.70      0.75    250854
 

[[169301  55699]
 [ 19826   6028]]
 Saved confusion matrix to: /users/acp25lmc/ssl-wearables/output/ssw/reports/mobd_all_100k_-1_1_2026-06-18_11-25-32_confusion_matrix.png
