/users/acp25lmc/.conda/envs/ssl_env/lib/python3.7/site-packages/torch/cuda/__init__.py:52: UserWarning: CUDA initialization: Found no NVIDIA driver on your system. Please check that you have an NVIDIA GPU and installed a driver from http://www.nvidia.com/Download/index.aspx (Triggered internally at  /pytorch/c10/cuda/CUDAFunctions.cpp:100.)
  return torch._C._cuda_getDeviceCount() > 0
/users/acp25lmc/ssl-wearables/downstream_task_evaluation_cpu.py:704: UserWarning: 
The version_base parameter is not specified.
Please specify a compatability version level, or None.
Will assume defaults for version 1.1
  @hydra.main(config_path="conf", config_name="config_eva_cpu")
/users/acp25lmc/.conda/envs/ssl_env/lib/python3.7/site-packages/hydra/_internal/hydra.py:127: UserWarning: Future Hydra versions will no longer change working directory at job runtime by default.
See https://hydra.cc/docs/next/upgrades/1.1_to_1.2/changes_to_job_working_dir/ for more information.
  configure_logging=with_log_configuration,
CURRENT HYDRA WORKING DIR: /users/acp25lmc/ssl-wearables/data_parsing/outputs/2026-06-23/11-48-16
[2026-06-23 11:48:16,353][all_100k][INFO] - gpu: -1
gpu_ids:
- 0
- 1
- 2
multi_gpu: false
num_split: 5
augmentation: true
model_path: /users/acp25lmc/ssl-wearables/data_parsing/23-06-2026_11-48-16tmp.pt
logging_path: /users/acp25lmc/ssl-wearables/data/UKBB/SSL/evaluations
report_root: /users/acp25lmc/ssl-wearables/output/ssw/reports/
report_path: ${report_root}${data.dataset_name}_${evaluation.evaluation_name}_${data.subject_count}_${evaluation.subR}_${now:%Y-%m-%d_%H-%M-%S}.csv
is_verbose: false
data:
  data_root: /mnt/parscratch/users/acp25lmc/ssl-data/mobd_sampled_v3
  X_path: ${data.data_root}/X.npy
  Y_path: ${data.data_root}/Y.npy
  PID_path: ${data.data_root}/pid.npy
  sample_rate: 30
  task_type: classify
  output_size: 1
  batch_size: 500
  held_one_subject_out: false
  weighted_loss_fn: true
  dataset_name: mobd
  subject_count: -1
  ratio2keep: 1
evaluation:
  feat_hand_crafted: false
  feat_random_cnn: false
  model_path: /data/UKBB/SSL/day_sec_10k/logs/models
  flip_net: false
  flip_net_ft: true
  flip_net_random_mlp: false
  load_weights: true
  freeze_weight: false
  flip_net_path: /users/acp25lmc/ssl-wearables/model_check_point/mtl_best.mdl
  input_size: 300
  subR: 1
  learning_rate: 0.0001
  num_workers: 6
  patience: 5
  num_epoch: 200
  evaluation_name: all_100k
model:
  learning_rate: 0.0001
  name: mtl_time${task.time_reversal}_data${data.data_name}_lr${model.learning_rate}_resnet_v${model.resnet_version}_win_size${dataloader.epoch_len}_posR_${task.positive_ratio}_sample${dataloader.num_sample_per_subject}
  mixed_precision: false
  resnet_version: 1
  warm_up_step: 5
  lr_scale: true
  patience: 5
  is_ae: false
dataloader:
  num_sample_per_subject: 1500
  sample_rate: 30
  epoch_len: 10

/users/acp25lmc/ssl-wearables/output/ssw/reports/mobd_all_100k_-1_1_2026-06-23_11-48-16.csv
X shape: (181703, 300, 3)
Y shape: (181703,)

Label distribution:
0.0    157503
1.0     24200
dtype: int64


        ##############################################
                    Flip_net+MLP
        ##############################################
        
Original X shape: (181703, 300, 3)
No need to downsample
X transformed shape: (181703, 3, 300)
Train-test Flip_net+MLP...
Resnet(
  (feature_extractor): Sequential(
    (layer1): Sequential(
      (0): Conv1d(3, 64, kernel_size=(5,), stride=(1,), padding=(2,), bias=False, padding_mode=circular)
      (1): ResBlock(
        (bn1): BatchNorm1d(64, eps=1e-05, momentum=0.1, affine=True, track_running_stats=True)
        (bn2): BatchNorm1d(64, eps=1e-05, momentum=0.1, affine=True, track_running_stats=True)
        (conv1): Conv1d(64, 64, kernel_size=(5,), stride=(1,), padding=(2,), bias=False, padding_mode=circular)
        (conv2): Conv1d(64, 64, kernel_size=(5,), stride=(1,), padding=(2,), bias=False, padding_mode=circular)
        (relu): ReLU(inplace=True)
      )
      (2): ResBlock(
        (bn1): BatchNorm1d(64, eps=1e-05, momentum=0.1, affine=True, track_running_stats=True)
        (bn2): BatchNorm1d(64, eps=1e-05, momentum=0.1, affine=True, track_running_stats=True)
        (conv1): Conv1d(64, 64, kernel_size=(5,), stride=(1,), padding=(2,), bias=False, padding_mode=circular)
        (conv2): Conv1d(64, 64, kernel_size=(5,), stride=(1,), padding=(2,), bias=False, padding_mode=circular)
        (relu): ReLU(inplace=True)
      )
      (3): BatchNorm1d(64, eps=1e-05, momentum=0.1, affine=True, track_running_stats=True)
      (4): ReLU(inplace=True)
      (5): Downsample()
    )
    (layer2): Sequential(
      (0): Conv1d(64, 128, kernel_size=(5,), stride=(1,), padding=(2,), bias=False, padding_mode=circular)
      (1): ResBlock(
        (bn1): BatchNorm1d(128, eps=1e-05, momentum=0.1, affine=True, track_running_stats=True)
        (bn2): BatchNorm1d(128, eps=1e-05, momentum=0.1, affine=True, track_running_stats=True)
        (conv1): Conv1d(128, 128, kernel_size=(5,), stride=(1,), padding=(2,), bias=False, padding_mode=circular)
        (conv2): Conv1d(128, 128, kernel_size=(5,), stride=(1,), padding=(2,), bias=False, padding_mode=circular)
        (relu): ReLU(inplace=True)
      )
      (2): ResBlock(
        (bn1): BatchNorm1d(128, eps=1e-05, momentum=0.1, affine=True, track_running_stats=True)
        (bn2): BatchNorm1d(128, eps=1e-05, momentum=0.1, affine=True, track_running_stats=True)
        (conv1): Conv1d(128, 128, kernel_size=(5,), stride=(1,), padding=(2,), bias=False, padding_mode=circular)
        (conv2): Conv1d(128, 128, kernel_size=(5,), stride=(1,), padding=(2,), bias=False, padding_mode=circular)
        (relu): ReLU(inplace=True)
      )
      (3): BatchNorm1d(128, eps=1e-05, momentum=0.1, affine=True, track_running_stats=True)
      (4): ReLU(inplace=True)
      (5): Downsample()
    )
    (layer3): Sequential(
      (0): Conv1d(128, 256, kernel_size=(5,), stride=(1,), padding=(2,), bias=False, padding_mode=circular)
      (1): ResBlock(
        (bn1): BatchNorm1d(256, eps=1e-05, momentum=0.1, affine=True, track_running_stats=True)
        (bn2): BatchNorm1d(256, eps=1e-05, momentum=0.1, affine=True, track_running_stats=True)
        (conv1): Conv1d(256, 256, kernel_size=(5,), stride=(1,), padding=(2,), bias=False, padding_mode=circular)
        (conv2): Conv1d(256, 256, kernel_size=(5,), stride=(1,), padding=(2,), bias=False, padding_mode=circular)
        (relu): ReLU(inplace=True)
      )
      (2): ResBlock(
        (bn1): BatchNorm1d(256, eps=1e-05, momentum=0.1, affine=True, track_running_stats=True)
        (bn2): BatchNorm1d(256, eps=1e-05, momentum=0.1, affine=True, track_running_stats=True)
        (conv1): Conv1d(256, 256, kernel_size=(5,), stride=(1,), padding=(2,), bias=False, padding_mode=circular)
        (conv2): Conv1d(256, 256, kernel_size=(5,), stride=(1,), padding=(2,), bias=False, padding_mode=circular)
        (relu): ReLU(inplace=True)
      )
      (3): BatchNorm1d(256, eps=1e-05, momentum=0.1, affine=True, track_running_stats=True)
      (4): ReLU(inplace=True)
      (5): Downsample()
    )
    (layer4): Sequential(
      (0): Conv1d(256, 512, kernel_size=(5,), stride=(1,), padding=(2,), bias=False, padding_mode=circular)
      (1): ResBlock(
        (bn1): BatchNorm1d(512, eps=1e-05, momentum=0.1, affine=True, track_running_stats=True)
        (bn2): BatchNorm1d(512, eps=1e-05, momentum=0.1, affine=True, track_running_stats=True)
        (conv1): Conv1d(512, 512, kernel_size=(5,), stride=(1,), padding=(2,), bias=False, padding_mode=circular)
        (conv2): Conv1d(512, 512, kernel_size=(5,), stride=(1,), padding=(2,), bias=False, padding_mode=circular)
        (relu): ReLU(inplace=True)
      )
      (2): ResBlock(
        (bn1): BatchNorm1d(512, eps=1e-05, momentum=0.1, affine=True, track_running_stats=True)
        (bn2): BatchNorm1d(512, eps=1e-05, momentum=0.1, affine=True, track_running_stats=True)
        (conv1): Conv1d(512, 512, kernel_size=(5,), stride=(1,), padding=(2,), bias=False, padding_mode=circular)
        (conv2): Conv1d(512, 512, kernel_size=(5,), stride=(1,), padding=(2,), bias=False, padding_mode=circular)
        (relu): ReLU(inplace=True)
      )
      (3): BatchNorm1d(512, eps=1e-05, momentum=0.1, affine=True, track_running_stats=True)
      (4): ReLU(inplace=True)
      (5): Downsample()
    )
    (layer5): Sequential(
      (0): Conv1d(512, 1024, kernel_size=(5,), stride=(1,), padding=(2,), bias=False, padding_mode=circular)
      (1): BatchNorm1d(1024, eps=1e-05, momentum=0.1, affine=True, track_running_stats=True)
      (2): ReLU(inplace=True)
      (3): Downsample()
    )
  )
  (classifier): EvaClassifier(
    (linear1): Linear(in_features=1024, out_features=512, bias=True)
    (linear2): Linear(in_features=512, out_features=1, bias=True)
  )
)
Loading weights from /users/acp25lmc/ssl-wearables/model_check_point/mtl_best.mdl
131 Weights loaded
train set sample count : 127000
val set sample count : 18700
test set sample count : 36003
Weight tensor: 
[1.145175834084761, 7.888198757763976]
*****USING WEIGHTED LOSS FUNCTION*****
Validation loss decreased(inf --> 1.699113)Saving model ...
[  0/200] train_loss: 2.14947 valid_loss: 1.69911
EarlyStopping counter: 1 out of 5
[  1/200] train_loss: 1.55808 valid_loss: 1.83683
Validation loss decreased(1.699113 --> 1.509846)Saving model ...
[  2/200] train_loss: 1.48764 valid_loss: 1.50985
EarlyStopping counter: 1 out of 5
[  3/200] train_loss: 1.35487 valid_loss: 2.02871
EarlyStopping counter: 2 out of 5
[  4/200] train_loss: 1.43430 valid_loss: 1.53408
EarlyStopping counter: 3 out of 5
[  5/200] train_loss: 1.26860 valid_loss: 1.51220
EarlyStopping counter: 4 out of 5
[  6/200] train_loss: 1.41034 valid_loss: 1.51376
EarlyStopping counter: 5 out of 5
[  7/200] train_loss: 1.41215 valid_loss: 1.51937
Early stopping
Resnet(
  (feature_extractor): Sequential(
    (layer1): Sequential(
      (0): Conv1d(3, 64, kernel_size=(5,), stride=(1,), padding=(2,), bias=False, padding_mode=circular)
      (1): ResBlock(
        (bn1): BatchNorm1d(64, eps=1e-05, momentum=0.1, affine=True, track_running_stats=True)
        (bn2): BatchNorm1d(64, eps=1e-05, momentum=0.1, affine=True, track_running_stats=True)
        (conv1): Conv1d(64, 64, kernel_size=(5,), stride=(1,), padding=(2,), bias=False, padding_mode=circular)
        (conv2): Conv1d(64, 64, kernel_size=(5,), stride=(1,), padding=(2,), bias=False, padding_mode=circular)
        (relu): ReLU(inplace=True)
      )
      (2): ResBlock(
        (bn1): BatchNorm1d(64, eps=1e-05, momentum=0.1, affine=True, track_running_stats=True)
        (bn2): BatchNorm1d(64, eps=1e-05, momentum=0.1, affine=True, track_running_stats=True)
        (conv1): Conv1d(64, 64, kernel_size=(5,), stride=(1,), padding=(2,), bias=False, padding_mode=circular)
        (conv2): Conv1d(64, 64, kernel_size=(5,), stride=(1,), padding=(2,), bias=False, padding_mode=circular)
        (relu): ReLU(inplace=True)
      )
      (3): BatchNorm1d(64, eps=1e-05, momentum=0.1, affine=True, track_running_stats=True)
      (4): ReLU(inplace=True)
      (5): Downsample()
    )
    (layer2): Sequential(
      (0): Conv1d(64, 128, kernel_size=(5,), stride=(1,), padding=(2,), bias=False, padding_mode=circular)
      (1): ResBlock(
        (bn1): BatchNorm1d(128, eps=1e-05, momentum=0.1, affine=True, track_running_stats=True)
        (bn2): BatchNorm1d(128, eps=1e-05, momentum=0.1, affine=True, track_running_stats=True)
        (conv1): Conv1d(128, 128, kernel_size=(5,), stride=(1,), padding=(2,), bias=False, padding_mode=circular)
        (conv2): Conv1d(128, 128, kernel_size=(5,), stride=(1,), padding=(2,), bias=False, padding_mode=circular)
        (relu): ReLU(inplace=True)
      )
      (2): ResBlock(
        (bn1): BatchNorm1d(128, eps=1e-05, momentum=0.1, affine=True, track_running_stats=True)
        (bn2): BatchNorm1d(128, eps=1e-05, momentum=0.1, affine=True, track_running_stats=True)
        (conv1): Conv1d(128, 128, kernel_size=(5,), stride=(1,), padding=(2,), bias=False, padding_mode=circular)
        (conv2): Conv1d(128, 128, kernel_size=(5,), stride=(1,), padding=(2,), bias=False, padding_mode=circular)
        (relu): ReLU(inplace=True)
      )
      (3): BatchNorm1d(128, eps=1e-05, momentum=0.1, affine=True, track_running_stats=True)
      (4): ReLU(inplace=True)
      (5): Downsample()
    )
    (layer3): Sequential(
      (0): Conv1d(128, 256, kernel_size=(5,), stride=(1,), padding=(2,), bias=False, padding_mode=circular)
      (1): ResBlock(
        (bn1): BatchNorm1d(256, eps=1e-05, momentum=0.1, affine=True, track_running_stats=True)
        (bn2): BatchNorm1d(256, eps=1e-05, momentum=0.1, affine=True, track_running_stats=True)
        (conv1): Conv1d(256, 256, kernel_size=(5,), stride=(1,), padding=(2,), bias=False, padding_mode=circular)
        (conv2): Conv1d(256, 256, kernel_size=(5,), stride=(1,), padding=(2,), bias=False, padding_mode=circular)
        (relu): ReLU(inplace=True)
      )
      (2): ResBlock(
        (bn1): BatchNorm1d(256, eps=1e-05, momentum=0.1, affine=True, track_running_stats=True)
        (bn2): BatchNorm1d(256, eps=1e-05, momentum=0.1, affine=True, track_running_stats=True)
        (conv1): Conv1d(256, 256, kernel_size=(5,), stride=(1,), padding=(2,), bias=False, padding_mode=circular)
        (conv2): Conv1d(256, 256, kernel_size=(5,), stride=(1,), padding=(2,), bias=False, padding_mode=circular)
        (relu): ReLU(inplace=True)
      )
      (3): BatchNorm1d(256, eps=1e-05, momentum=0.1, affine=True, track_running_stats=True)
      (4): ReLU(inplace=True)
      (5): Downsample()
    )
    (layer4): Sequential(
      (0): Conv1d(256, 512, kernel_size=(5,), stride=(1,), padding=(2,), bias=False, padding_mode=circular)
      (1): ResBlock(
        (bn1): BatchNorm1d(512, eps=1e-05, momentum=0.1, affine=True, track_running_stats=True)
        (bn2): BatchNorm1d(512, eps=1e-05, momentum=0.1, affine=True, track_running_stats=True)
        (conv1): Conv1d(512, 512, kernel_size=(5,), stride=(1,), padding=(2,), bias=False, padding_mode=circular)
        (conv2): Conv1d(512, 512, kernel_size=(5,), stride=(1,), padding=(2,), bias=False, padding_mode=circular)
        (relu): ReLU(inplace=True)
      )
      (2): ResBlock(
        (bn1): BatchNorm1d(512, eps=1e-05, momentum=0.1, affine=True, track_running_stats=True)
        (bn2): BatchNorm1d(512, eps=1e-05, momentum=0.1, affine=True, track_running_stats=True)
        (conv1): Conv1d(512, 512, kernel_size=(5,), stride=(1,), padding=(2,), bias=False, padding_mode=circular)
        (conv2): Conv1d(512, 512, kernel_size=(5,), stride=(1,), padding=(2,), bias=False, padding_mode=circular)
        (relu): ReLU(inplace=True)
      )
      (3): BatchNorm1d(512, eps=1e-05, momentum=0.1, affine=True, track_running_stats=True)
      (4): ReLU(inplace=True)
      (5): Downsample()
    )
    (layer5): Sequential(
      (0): Conv1d(512, 1024, kernel_size=(5,), stride=(1,), padding=(2,), bias=False, padding_mode=circular)
      (1): BatchNorm1d(1024, eps=1e-05, momentum=0.1, affine=True, track_running_stats=True)
      (2): ReLU(inplace=True)
      (3): Downsample()
    )
  )
  (classifier): EvaClassifier(
    (linear1): Linear(in_features=1024, out_features=512, bias=True)
    (linear2): Linear(in_features=512, out_features=1, bias=True)
  )
)
Resnet(
  (feature_extractor): Sequential(
    (layer1): Sequential(
      (0): Conv1d(3, 64, kernel_size=(5,), stride=(1,), padding=(2,), bias=False, padding_mode=circular)
      (1): ResBlock(
        (bn1): BatchNorm1d(64, eps=1e-05, momentum=0.1, affine=True, track_running_stats=True)
        (bn2): BatchNorm1d(64, eps=1e-05, momentum=0.1, affine=True, track_running_stats=True)
        (conv1): Conv1d(64, 64, kernel_size=(5,), stride=(1,), padding=(2,), bias=False, padding_mode=circular)
        (conv2): Conv1d(64, 64, kernel_size=(5,), stride=(1,), padding=(2,), bias=False, padding_mode=circular)
        (relu): ReLU(inplace=True)
      )
      (2): ResBlock(
        (bn1): BatchNorm1d(64, eps=1e-05, momentum=0.1, affine=True, track_running_stats=True)
        (bn2): BatchNorm1d(64, eps=1e-05, momentum=0.1, affine=True, track_running_stats=True)
        (conv1): Conv1d(64, 64, kernel_size=(5,), stride=(1,), padding=(2,), bias=False, padding_mode=circular)
        (conv2): Conv1d(64, 64, kernel_size=(5,), stride=(1,), padding=(2,), bias=False, padding_mode=circular)
        (relu): ReLU(inplace=True)
      )
      (3): BatchNorm1d(64, eps=1e-05, momentum=0.1, affine=True, track_running_stats=True)
      (4): ReLU(inplace=True)
      (5): Downsample()
    )
    (layer2): Sequential(
      (0): Conv1d(64, 128, kernel_size=(5,), stride=(1,), padding=(2,), bias=False, padding_mode=circular)
      (1): ResBlock(
        (bn1): BatchNorm1d(128, eps=1e-05, momentum=0.1, affine=True, track_running_stats=True)
        (bn2): BatchNorm1d(128, eps=1e-05, momentum=0.1, affine=True, track_running_stats=True)
        (conv1): Conv1d(128, 128, kernel_size=(5,), stride=(1,), padding=(2,), bias=False, padding_mode=circular)
        (conv2): Conv1d(128, 128, kernel_size=(5,), stride=(1,), padding=(2,), bias=False, padding_mode=circular)
        (relu): ReLU(inplace=True)
      )
      (2): ResBlock(
        (bn1): BatchNorm1d(128, eps=1e-05, momentum=0.1, affine=True, track_running_stats=True)
        (bn2): BatchNorm1d(128, eps=1e-05, momentum=0.1, affine=True, track_running_stats=True)
        (conv1): Conv1d(128, 128, kernel_size=(5,), stride=(1,), padding=(2,), bias=False, padding_mode=circular)
        (conv2): Conv1d(128, 128, kernel_size=(5,), stride=(1,), padding=(2,), bias=False, padding_mode=circular)
        (relu): ReLU(inplace=True)
      )
      (3): BatchNorm1d(128, eps=1e-05, momentum=0.1, affine=True, track_running_stats=True)
      (4): ReLU(inplace=True)
      (5): Downsample()
    )
    (layer3): Sequential(
      (0): Conv1d(128, 256, kernel_size=(5,), stride=(1,), padding=(2,), bias=False, padding_mode=circular)
      (1): ResBlock(
        (bn1): BatchNorm1d(256, eps=1e-05, momentum=0.1, affine=True, track_running_stats=True)
        (bn2): BatchNorm1d(256, eps=1e-05, momentum=0.1, affine=True, track_running_stats=True)
        (conv1): Conv1d(256, 256, kernel_size=(5,), stride=(1,), padding=(2,), bias=False, padding_mode=circular)
        (conv2): Conv1d(256, 256, kernel_size=(5,), stride=(1,), padding=(2,), bias=False, padding_mode=circular)
        (relu): ReLU(inplace=True)
      )
      (2): ResBlock(
        (bn1): BatchNorm1d(256, eps=1e-05, momentum=0.1, affine=True, track_running_stats=True)
        (bn2): BatchNorm1d(256, eps=1e-05, momentum=0.1, affine=True, track_running_stats=True)
        (conv1): Conv1d(256, 256, kernel_size=(5,), stride=(1,), padding=(2,), bias=False, padding_mode=circular)
        (conv2): Conv1d(256, 256, kernel_size=(5,), stride=(1,), padding=(2,), bias=False, padding_mode=circular)
        (relu): ReLU(inplace=True)
      )
      (3): BatchNorm1d(256, eps=1e-05, momentum=0.1, affine=True, track_running_stats=True)
      (4): ReLU(inplace=True)
      (5): Downsample()
    )
    (layer4): Sequential(
      (0): Conv1d(256, 512, kernel_size=(5,), stride=(1,), padding=(2,), bias=False, padding_mode=circular)
      (1): ResBlock(
        (bn1): BatchNorm1d(512, eps=1e-05, momentum=0.1, affine=True, track_running_stats=True)
        (bn2): BatchNorm1d(512, eps=1e-05, momentum=0.1, affine=True, track_running_stats=True)
        (conv1): Conv1d(512, 512, kernel_size=(5,), stride=(1,), padding=(2,), bias=False, padding_mode=circular)
        (conv2): Conv1d(512, 512, kernel_size=(5,), stride=(1,), padding=(2,), bias=False, padding_mode=circular)
        (relu): ReLU(inplace=True)
      )
      (2): ResBlock(
        (bn1): BatchNorm1d(512, eps=1e-05, momentum=0.1, affine=True, track_running_stats=True)
        (bn2): BatchNorm1d(512, eps=1e-05, momentum=0.1, affine=True, track_running_stats=True)
        (conv1): Conv1d(512, 512, kernel_size=(5,), stride=(1,), padding=(2,), bias=False, padding_mode=circular)
        (conv2): Conv1d(512, 512, kernel_size=(5,), stride=(1,), padding=(2,), bias=False, padding_mode=circular)
        (relu): ReLU(inplace=True)
      )
      (3): BatchNorm1d(512, eps=1e-05, momentum=0.1, affine=True, track_running_stats=True)
      (4): ReLU(inplace=True)
      (5): Downsample()
    )
    (layer5): Sequential(
      (0): Conv1d(512, 1024, kernel_size=(5,), stride=(1,), padding=(2,), bias=False, padding_mode=circular)
      (1): BatchNorm1d(1024, eps=1e-05, momentum=0.1, affine=True, track_running_stats=True)
      (2): ReLU(inplace=True)
      (3): Downsample()
    )
  )
  (classifier): EvaClassifier(
    (linear1): Linear(in_features=1024, out_features=512, bias=True)
    (linear2): Linear(in_features=512, out_features=1, bias=True)
  )
)
Loading weights from /users/acp25lmc/ssl-wearables/model_check_point/mtl_best.mdl
131 Weights loaded
train set sample count : 126603
val set sample count : 18500
test set sample count : 36600
Weight tensor: 
[1.143627543968998, 7.9624528301886786]
*****USING WEIGHTED LOSS FUNCTION*****
Validation loss decreased(inf --> 2.748734)Saving model ...
[  0/200] train_loss: 2.10850 valid_loss: 2.74873
Validation loss decreased(2.748734 --> 1.422750)Saving model ...
[  1/200] train_loss: 1.42304 valid_loss: 1.42275
EarlyStopping counter: 1 out of 5
[  2/200] train_loss: 1.99227 valid_loss: 1.59077
EarlyStopping counter: 2 out of 5
[  3/200] train_loss: 1.54447 valid_loss: 7.22244
EarlyStopping counter: 3 out of 5
[  4/200] train_loss: 1.33383 valid_loss: 1.51047
EarlyStopping counter: 4 out of 5
[  5/200] train_loss: 1.31997 valid_loss: 4.54424
EarlyStopping counter: 5 out of 5
[  6/200] train_loss: 1.25966 valid_loss: 1.64937
Early stopping
Resnet(
  (feature_extractor): Sequential(
    (layer1): Sequential(
      (0): Conv1d(3, 64, kernel_size=(5,), stride=(1,), padding=(2,), bias=False, padding_mode=circular)
      (1): ResBlock(
        (bn1): BatchNorm1d(64, eps=1e-05, momentum=0.1, affine=True, track_running_stats=True)
        (bn2): BatchNorm1d(64, eps=1e-05, momentum=0.1, affine=True, track_running_stats=True)
        (conv1): Conv1d(64, 64, kernel_size=(5,), stride=(1,), padding=(2,), bias=False, padding_mode=circular)
        (conv2): Conv1d(64, 64, kernel_size=(5,), stride=(1,), padding=(2,), bias=False, padding_mode=circular)
        (relu): ReLU(inplace=True)
      )
      (2): ResBlock(
        (bn1): BatchNorm1d(64, eps=1e-05, momentum=0.1, affine=True, track_running_stats=True)
        (bn2): BatchNorm1d(64, eps=1e-05, momentum=0.1, affine=True, track_running_stats=True)
        (conv1): Conv1d(64, 64, kernel_size=(5,), stride=(1,), padding=(2,), bias=False, padding_mode=circular)
        (conv2): Conv1d(64, 64, kernel_size=(5,), stride=(1,), padding=(2,), bias=False, padding_mode=circular)
        (relu): ReLU(inplace=True)
      )
      (3): BatchNorm1d(64, eps=1e-05, momentum=0.1, affine=True, track_running_stats=True)
      (4): ReLU(inplace=True)
      (5): Downsample()
    )
    (layer2): Sequential(
      (0): Conv1d(64, 128, kernel_size=(5,), stride=(1,), padding=(2,), bias=False, padding_mode=circular)
      (1): ResBlock(
        (bn1): BatchNorm1d(128, eps=1e-05, momentum=0.1, affine=True, track_running_stats=True)
        (bn2): BatchNorm1d(128, eps=1e-05, momentum=0.1, affine=True, track_running_stats=True)
        (conv1): Conv1d(128, 128, kernel_size=(5,), stride=(1,), padding=(2,), bias=False, padding_mode=circular)
        (conv2): Conv1d(128, 128, kernel_size=(5,), stride=(1,), padding=(2,), bias=False, padding_mode=circular)
        (relu): ReLU(inplace=True)
      )
      (2): ResBlock(
        (bn1): BatchNorm1d(128, eps=1e-05, momentum=0.1, affine=True, track_running_stats=True)
        (bn2): BatchNorm1d(128, eps=1e-05, momentum=0.1, affine=True, track_running_stats=True)
        (conv1): Conv1d(128, 128, kernel_size=(5,), stride=(1,), padding=(2,), bias=False, padding_mode=circular)
        (conv2): Conv1d(128, 128, kernel_size=(5,), stride=(1,), padding=(2,), bias=False, padding_mode=circular)
        (relu): ReLU(inplace=True)
      )
      (3): BatchNorm1d(128, eps=1e-05, momentum=0.1, affine=True, track_running_stats=True)
      (4): ReLU(inplace=True)
      (5): Downsample()
    )
    (layer3): Sequential(
      (0): Conv1d(128, 256, kernel_size=(5,), stride=(1,), padding=(2,), bias=False, padding_mode=circular)
      (1): ResBlock(
        (bn1): BatchNorm1d(256, eps=1e-05, momentum=0.1, affine=True, track_running_stats=True)
        (bn2): BatchNorm1d(256, eps=1e-05, momentum=0.1, affine=True, track_running_stats=True)
        (conv1): Conv1d(256, 256, kernel_size=(5,), stride=(1,), padding=(2,), bias=False, padding_mode=circular)
        (conv2): Conv1d(256, 256, kernel_size=(5,), stride=(1,), padding=(2,), bias=False, padding_mode=circular)
        (relu): ReLU(inplace=True)
      )
      (2): ResBlock(
        (bn1): BatchNorm1d(256, eps=1e-05, momentum=0.1, affine=True, track_running_stats=True)
        (bn2): BatchNorm1d(256, eps=1e-05, momentum=0.1, affine=True, track_running_stats=True)
        (conv1): Conv1d(256, 256, kernel_size=(5,), stride=(1,), padding=(2,), bias=False, padding_mode=circular)
        (conv2): Conv1d(256, 256, kernel_size=(5,), stride=(1,), padding=(2,), bias=False, padding_mode=circular)
        (relu): ReLU(inplace=True)
      )
      (3): BatchNorm1d(256, eps=1e-05, momentum=0.1, affine=True, track_running_stats=True)
      (4): ReLU(inplace=True)
      (5): Downsample()
    )
    (layer4): Sequential(
      (0): Conv1d(256, 512, kernel_size=(5,), stride=(1,), padding=(2,), bias=False, padding_mode=circular)
      (1): ResBlock(
        (bn1): BatchNorm1d(512, eps=1e-05, momentum=0.1, affine=True, track_running_stats=True)
        (bn2): BatchNorm1d(512, eps=1e-05, momentum=0.1, affine=True, track_running_stats=True)
        (conv1): Conv1d(512, 512, kernel_size=(5,), stride=(1,), padding=(2,), bias=False, padding_mode=circular)
        (conv2): Conv1d(512, 512, kernel_size=(5,), stride=(1,), padding=(2,), bias=False, padding_mode=circular)
        (relu): ReLU(inplace=True)
      )
      (2): ResBlock(
        (bn1): BatchNorm1d(512, eps=1e-05, momentum=0.1, affine=True, track_running_stats=True)
        (bn2): BatchNorm1d(512, eps=1e-05, momentum=0.1, affine=True, track_running_stats=True)
        (conv1): Conv1d(512, 512, kernel_size=(5,), stride=(1,), padding=(2,), bias=False, padding_mode=circular)
        (conv2): Conv1d(512, 512, kernel_size=(5,), stride=(1,), padding=(2,), bias=False, padding_mode=circular)
        (relu): ReLU(inplace=True)
      )
      (3): BatchNorm1d(512, eps=1e-05, momentum=0.1, affine=True, track_running_stats=True)
      (4): ReLU(inplace=True)
      (5): Downsample()
    )
    (layer5): Sequential(
      (0): Conv1d(512, 1024, kernel_size=(5,), stride=(1,), padding=(2,), bias=False, padding_mode=circular)
      (1): BatchNorm1d(1024, eps=1e-05, momentum=0.1, affine=True, track_running_stats=True)
      (2): ReLU(inplace=True)
      (3): Downsample()
    )
  )
  (classifier): EvaClassifier(
    (linear1): Linear(in_features=1024, out_features=512, bias=True)
    (linear2): Linear(in_features=512, out_features=1, bias=True)
  )
)
Resnet(
  (feature_extractor): Sequential(
    (layer1): Sequential(
      (0): Conv1d(3, 64, kernel_size=(5,), stride=(1,), padding=(2,), bias=False, padding_mode=circular)
      (1): ResBlock(
        (bn1): BatchNorm1d(64, eps=1e-05, momentum=0.1, affine=True, track_running_stats=True)
        (bn2): BatchNorm1d(64, eps=1e-05, momentum=0.1, affine=True, track_running_stats=True)
        (conv1): Conv1d(64, 64, kernel_size=(5,), stride=(1,), padding=(2,), bias=False, padding_mode=circular)
        (conv2): Conv1d(64, 64, kernel_size=(5,), stride=(1,), padding=(2,), bias=False, padding_mode=circular)
        (relu): ReLU(inplace=True)
      )
      (2): ResBlock(
        (bn1): BatchNorm1d(64, eps=1e-05, momentum=0.1, affine=True, track_running_stats=True)
        (bn2): BatchNorm1d(64, eps=1e-05, momentum=0.1, affine=True, track_running_stats=True)
        (conv1): Conv1d(64, 64, kernel_size=(5,), stride=(1,), padding=(2,), bias=False, padding_mode=circular)
        (conv2): Conv1d(64, 64, kernel_size=(5,), stride=(1,), padding=(2,), bias=False, padding_mode=circular)
        (relu): ReLU(inplace=True)
      )
      (3): BatchNorm1d(64, eps=1e-05, momentum=0.1, affine=True, track_running_stats=True)
      (4): ReLU(inplace=True)
      (5): Downsample()
    )
    (layer2): Sequential(
      (0): Conv1d(64, 128, kernel_size=(5,), stride=(1,), padding=(2,), bias=False, padding_mode=circular)
      (1): ResBlock(
        (bn1): BatchNorm1d(128, eps=1e-05, momentum=0.1, affine=True, track_running_stats=True)
        (bn2): BatchNorm1d(128, eps=1e-05, momentum=0.1, affine=True, track_running_stats=True)
        (conv1): Conv1d(128, 128, kernel_size=(5,), stride=(1,), padding=(2,), bias=False, padding_mode=circular)
        (conv2): Conv1d(128, 128, kernel_size=(5,), stride=(1,), padding=(2,), bias=False, padding_mode=circular)
        (relu): ReLU(inplace=True)
      )
      (2): ResBlock(
        (bn1): BatchNorm1d(128, eps=1e-05, momentum=0.1, affine=True, track_running_stats=True)
        (bn2): BatchNorm1d(128, eps=1e-05, momentum=0.1, affine=True, track_running_stats=True)
        (conv1): Conv1d(128, 128, kernel_size=(5,), stride=(1,), padding=(2,), bias=False, padding_mode=circular)
        (conv2): Conv1d(128, 128, kernel_size=(5,), stride=(1,), padding=(2,), bias=False, padding_mode=circular)
        (relu): ReLU(inplace=True)
      )
      (3): BatchNorm1d(128, eps=1e-05, momentum=0.1, affine=True, track_running_stats=True)
      (4): ReLU(inplace=True)
      (5): Downsample()
    )
    (layer3): Sequential(
      (0): Conv1d(128, 256, kernel_size=(5,), stride=(1,), padding=(2,), bias=False, padding_mode=circular)
      (1): ResBlock(
        (bn1): BatchNorm1d(256, eps=1e-05, momentum=0.1, affine=True, track_running_stats=True)
        (bn2): BatchNorm1d(256, eps=1e-05, momentum=0.1, affine=True, track_running_stats=True)
        (conv1): Conv1d(256, 256, kernel_size=(5,), stride=(1,), padding=(2,), bias=False, padding_mode=circular)
        (conv2): Conv1d(256, 256, kernel_size=(5,), stride=(1,), padding=(2,), bias=False, padding_mode=circular)
        (relu): ReLU(inplace=True)
      )
      (2): ResBlock(
        (bn1): BatchNorm1d(256, eps=1e-05, momentum=0.1, affine=True, track_running_stats=True)
        (bn2): BatchNorm1d(256, eps=1e-05, momentum=0.1, affine=True, track_running_stats=True)
        (conv1): Conv1d(256, 256, kernel_size=(5,), stride=(1,), padding=(2,), bias=False, padding_mode=circular)
        (conv2): Conv1d(256, 256, kernel_size=(5,), stride=(1,), padding=(2,), bias=False, padding_mode=circular)
        (relu): ReLU(inplace=True)
      )
      (3): BatchNorm1d(256, eps=1e-05, momentum=0.1, affine=True, track_running_stats=True)
      (4): ReLU(inplace=True)
      (5): Downsample()
    )
    (layer4): Sequential(
      (0): Conv1d(256, 512, kernel_size=(5,), stride=(1,), padding=(2,), bias=False, padding_mode=circular)
      (1): ResBlock(
        (bn1): BatchNorm1d(512, eps=1e-05, momentum=0.1, affine=True, track_running_stats=True)
        (bn2): BatchNorm1d(512, eps=1e-05, momentum=0.1, affine=True, track_running_stats=True)
        (conv1): Conv1d(512, 512, kernel_size=(5,), stride=(1,), padding=(2,), bias=False, padding_mode=circular)
        (conv2): Conv1d(512, 512, kernel_size=(5,), stride=(1,), padding=(2,), bias=False, padding_mode=circular)
        (relu): ReLU(inplace=True)
      )
      (2): ResBlock(
        (bn1): BatchNorm1d(512, eps=1e-05, momentum=0.1, affine=True, track_running_stats=True)
        (bn2): BatchNorm1d(512, eps=1e-05, momentum=0.1, affine=True, track_running_stats=True)
        (conv1): Conv1d(512, 512, kernel_size=(5,), stride=(1,), padding=(2,), bias=False, padding_mode=circular)
        (conv2): Conv1d(512, 512, kernel_size=(5,), stride=(1,), padding=(2,), bias=False, padding_mode=circular)
        (relu): ReLU(inplace=True)
      )
      (3): BatchNorm1d(512, eps=1e-05, momentum=0.1, affine=True, track_running_stats=True)
      (4): ReLU(inplace=True)
      (5): Downsample()
    )
    (layer5): Sequential(
      (0): Conv1d(512, 1024, kernel_size=(5,), stride=(1,), padding=(2,), bias=False, padding_mode=circular)
      (1): BatchNorm1d(1024, eps=1e-05, momentum=0.1, affine=True, track_running_stats=True)
      (2): ReLU(inplace=True)
      (3): Downsample()
    )
  )
  (classifier): EvaClassifier(
    (linear1): Linear(in_features=1024, out_features=512, bias=True)
    (linear2): Linear(in_features=512, out_features=1, bias=True)
  )
)
Loading weights from /users/acp25lmc/ssl-wearables/model_check_point/mtl_best.mdl
131 Weights loaded
train set sample count : 127603
val set sample count : 19300
test set sample count : 34800
Weight tensor: 
[1.1413200003577721, 8.076139240506329]
*****USING WEIGHTED LOSS FUNCTION*****
Validation loss decreased(inf --> 1.495413)Saving model ...
[  0/200] train_loss: 2.29598 valid_loss: 1.49541
EarlyStopping counter: 1 out of 5
[  1/200] train_loss: 1.37179 valid_loss: 1.61789
EarlyStopping counter: 2 out of 5
[  2/200] train_loss: 1.40086 valid_loss: 1.88738
EarlyStopping counter: 3 out of 5
[  3/200] train_loss: 1.40532 valid_loss: 3.02377
Validation loss decreased(1.495413 --> 1.493019)Saving model ...
[  4/200] train_loss: 1.56280 valid_loss: 1.49302
Validation loss decreased(1.493019 --> 1.465854)Saving model ...
[  5/200] train_loss: 1.30669 valid_loss: 1.46585
Validation loss decreased(1.465854 --> 1.428310)Saving model ...
[  6/200] train_loss: 1.44708 valid_loss: 1.42831
EarlyStopping counter: 1 out of 5
[  7/200] train_loss: 1.28092 valid_loss: 1.46201
EarlyStopping counter: 2 out of 5
[  8/200] train_loss: 1.33149 valid_loss: 1.73234
EarlyStopping counter: 3 out of 5
[  9/200] train_loss: 1.30248 valid_loss: 1.43766
EarlyStopping counter: 4 out of 5
[ 10/200] train_loss: 1.40718 valid_loss: 1.86440
EarlyStopping counter: 5 out of 5
[ 11/200] train_loss: 1.28165 valid_loss: 1.68044
Early stopping
Resnet(
  (feature_extractor): Sequential(
    (layer1): Sequential(
      (0): Conv1d(3, 64, kernel_size=(5,), stride=(1,), padding=(2,), bias=False, padding_mode=circular)
      (1): ResBlock(
        (bn1): BatchNorm1d(64, eps=1e-05, momentum=0.1, affine=True, track_running_stats=True)
        (bn2): BatchNorm1d(64, eps=1e-05, momentum=0.1, affine=True, track_running_stats=True)
        (conv1): Conv1d(64, 64, kernel_size=(5,), stride=(1,), padding=(2,), bias=False, padding_mode=circular)
        (conv2): Conv1d(64, 64, kernel_size=(5,), stride=(1,), padding=(2,), bias=False, padding_mode=circular)
        (relu): ReLU(inplace=True)
      )
      (2): ResBlock(
        (bn1): BatchNorm1d(64, eps=1e-05, momentum=0.1, affine=True, track_running_stats=True)
        (bn2): BatchNorm1d(64, eps=1e-05, momentum=0.1, affine=True, track_running_stats=True)
        (conv1): Conv1d(64, 64, kernel_size=(5,), stride=(1,), padding=(2,), bias=False, padding_mode=circular)
        (conv2): Conv1d(64, 64, kernel_size=(5,), stride=(1,), padding=(2,), bias=False, padding_mode=circular)
        (relu): ReLU(inplace=True)
      )
      (3): BatchNorm1d(64, eps=1e-05, momentum=0.1, affine=True, track_running_stats=True)
      (4): ReLU(inplace=True)
      (5): Downsample()
    )
    (layer2): Sequential(
      (0): Conv1d(64, 128, kernel_size=(5,), stride=(1,), padding=(2,), bias=False, padding_mode=circular)
      (1): ResBlock(
        (bn1): BatchNorm1d(128, eps=1e-05, momentum=0.1, affine=True, track_running_stats=True)
        (bn2): BatchNorm1d(128, eps=1e-05, momentum=0.1, affine=True, track_running_stats=True)
        (conv1): Conv1d(128, 128, kernel_size=(5,), stride=(1,), padding=(2,), bias=False, padding_mode=circular)
        (conv2): Conv1d(128, 128, kernel_size=(5,), stride=(1,), padding=(2,), bias=False, padding_mode=circular)
        (relu): ReLU(inplace=True)
      )
      (2): ResBlock(
        (bn1): BatchNorm1d(128, eps=1e-05, momentum=0.1, affine=True, track_running_stats=True)
        (bn2): BatchNorm1d(128, eps=1e-05, momentum=0.1, affine=True, track_running_stats=True)
        (conv1): Conv1d(128, 128, kernel_size=(5,), stride=(1,), padding=(2,), bias=False, padding_mode=circular)
        (conv2): Conv1d(128, 128, kernel_size=(5,), stride=(1,), padding=(2,), bias=False, padding_mode=circular)
        (relu): ReLU(inplace=True)
      )
      (3): BatchNorm1d(128, eps=1e-05, momentum=0.1, affine=True, track_running_stats=True)
      (4): ReLU(inplace=True)
      (5): Downsample()
    )
    (layer3): Sequential(
      (0): Conv1d(128, 256, kernel_size=(5,), stride=(1,), padding=(2,), bias=False, padding_mode=circular)
      (1): ResBlock(
        (bn1): BatchNorm1d(256, eps=1e-05, momentum=0.1, affine=True, track_running_stats=True)
        (bn2): BatchNorm1d(256, eps=1e-05, momentum=0.1, affine=True, track_running_stats=True)
        (conv1): Conv1d(256, 256, kernel_size=(5,), stride=(1,), padding=(2,), bias=False, padding_mode=circular)
        (conv2): Conv1d(256, 256, kernel_size=(5,), stride=(1,), padding=(2,), bias=False, padding_mode=circular)
        (relu): ReLU(inplace=True)
      )
      (2): ResBlock(
        (bn1): BatchNorm1d(256, eps=1e-05, momentum=0.1, affine=True, track_running_stats=True)
        (bn2): BatchNorm1d(256, eps=1e-05, momentum=0.1, affine=True, track_running_stats=True)
        (conv1): Conv1d(256, 256, kernel_size=(5,), stride=(1,), padding=(2,), bias=False, padding_mode=circular)
        (conv2): Conv1d(256, 256, kernel_size=(5,), stride=(1,), padding=(2,), bias=False, padding_mode=circular)
        (relu): ReLU(inplace=True)
      )
      (3): BatchNorm1d(256, eps=1e-05, momentum=0.1, affine=True, track_running_stats=True)
      (4): ReLU(inplace=True)
      (5): Downsample()
    )
    (layer4): Sequential(
      (0): Conv1d(256, 512, kernel_size=(5,), stride=(1,), padding=(2,), bias=False, padding_mode=circular)
      (1): ResBlock(
        (bn1): BatchNorm1d(512, eps=1e-05, momentum=0.1, affine=True, track_running_stats=True)
        (bn2): BatchNorm1d(512, eps=1e-05, momentum=0.1, affine=True, track_running_stats=True)
        (conv1): Conv1d(512, 512, kernel_size=(5,), stride=(1,), padding=(2,), bias=False, padding_mode=circular)
        (conv2): Conv1d(512, 512, kernel_size=(5,), stride=(1,), padding=(2,), bias=False, padding_mode=circular)
        (relu): ReLU(inplace=True)
      )
      (2): ResBlock(
        (bn1): BatchNorm1d(512, eps=1e-05, momentum=0.1, affine=True, track_running_stats=True)
        (bn2): BatchNorm1d(512, eps=1e-05, momentum=0.1, affine=True, track_running_stats=True)
        (conv1): Conv1d(512, 512, kernel_size=(5,), stride=(1,), padding=(2,), bias=False, padding_mode=circular)
        (conv2): Conv1d(512, 512, kernel_size=(5,), stride=(1,), padding=(2,), bias=False, padding_mode=circular)
        (relu): ReLU(inplace=True)
      )
      (3): BatchNorm1d(512, eps=1e-05, momentum=0.1, affine=True, track_running_stats=True)
      (4): ReLU(inplace=True)
      (5): Downsample()
    )
    (layer5): Sequential(
      (0): Conv1d(512, 1024, kernel_size=(5,), stride=(1,), padding=(2,), bias=False, padding_mode=circular)
      (1): BatchNorm1d(1024, eps=1e-05, momentum=0.1, affine=True, track_running_stats=True)
      (2): ReLU(inplace=True)
      (3): Downsample()
    )
  )
  (classifier): EvaClassifier(
    (linear1): Linear(in_features=1024, out_features=512, bias=True)
    (linear2): Linear(in_features=512, out_features=1, bias=True)
  )
)
/users/acp25lmc/.conda/envs/ssl_env/lib/python3.7/site-packages/sklearn/metrics/_classification.py:663: RuntimeWarning: invalid value encountered in true_divide
  k = np.sum(w_mat * confusion) / np.sum(w_mat * expected)
Resnet(
  (feature_extractor): Sequential(
    (layer1): Sequential(
      (0): Conv1d(3, 64, kernel_size=(5,), stride=(1,), padding=(2,), bias=False, padding_mode=circular)
      (1): ResBlock(
        (bn1): BatchNorm1d(64, eps=1e-05, momentum=0.1, affine=True, track_running_stats=True)
        (bn2): BatchNorm1d(64, eps=1e-05, momentum=0.1, affine=True, track_running_stats=True)
        (conv1): Conv1d(64, 64, kernel_size=(5,), stride=(1,), padding=(2,), bias=False, padding_mode=circular)
        (conv2): Conv1d(64, 64, kernel_size=(5,), stride=(1,), padding=(2,), bias=False, padding_mode=circular)
        (relu): ReLU(inplace=True)
      )
      (2): ResBlock(
        (bn1): BatchNorm1d(64, eps=1e-05, momentum=0.1, affine=True, track_running_stats=True)
        (bn2): BatchNorm1d(64, eps=1e-05, momentum=0.1, affine=True, track_running_stats=True)
        (conv1): Conv1d(64, 64, kernel_size=(5,), stride=(1,), padding=(2,), bias=False, padding_mode=circular)
        (conv2): Conv1d(64, 64, kernel_size=(5,), stride=(1,), padding=(2,), bias=False, padding_mode=circular)
        (relu): ReLU(inplace=True)
      )
      (3): BatchNorm1d(64, eps=1e-05, momentum=0.1, affine=True, track_running_stats=True)
      (4): ReLU(inplace=True)
      (5): Downsample()
    )
    (layer2): Sequential(
      (0): Conv1d(64, 128, kernel_size=(5,), stride=(1,), padding=(2,), bias=False, padding_mode=circular)
      (1): ResBlock(
        (bn1): BatchNorm1d(128, eps=1e-05, momentum=0.1, affine=True, track_running_stats=True)
        (bn2): BatchNorm1d(128, eps=1e-05, momentum=0.1, affine=True, track_running_stats=True)
        (conv1): Conv1d(128, 128, kernel_size=(5,), stride=(1,), padding=(2,), bias=False, padding_mode=circular)
        (conv2): Conv1d(128, 128, kernel_size=(5,), stride=(1,), padding=(2,), bias=False, padding_mode=circular)
        (relu): ReLU(inplace=True)
      )
      (2): ResBlock(
        (bn1): BatchNorm1d(128, eps=1e-05, momentum=0.1, affine=True, track_running_stats=True)
        (bn2): BatchNorm1d(128, eps=1e-05, momentum=0.1, affine=True, track_running_stats=True)
        (conv1): Conv1d(128, 128, kernel_size=(5,), stride=(1,), padding=(2,), bias=False, padding_mode=circular)
        (conv2): Conv1d(128, 128, kernel_size=(5,), stride=(1,), padding=(2,), bias=False, padding_mode=circular)
        (relu): ReLU(inplace=True)
      )
      (3): BatchNorm1d(128, eps=1e-05, momentum=0.1, affine=True, track_running_stats=True)
      (4): ReLU(inplace=True)
      (5): Downsample()
    )
    (layer3): Sequential(
      (0): Conv1d(128, 256, kernel_size=(5,), stride=(1,), padding=(2,), bias=False, padding_mode=circular)
      (1): ResBlock(
        (bn1): BatchNorm1d(256, eps=1e-05, momentum=0.1, affine=True, track_running_stats=True)
        (bn2): BatchNorm1d(256, eps=1e-05, momentum=0.1, affine=True, track_running_stats=True)
        (conv1): Conv1d(256, 256, kernel_size=(5,), stride=(1,), padding=(2,), bias=False, padding_mode=circular)
        (conv2): Conv1d(256, 256, kernel_size=(5,), stride=(1,), padding=(2,), bias=False, padding_mode=circular)
        (relu): ReLU(inplace=True)
      )
      (2): ResBlock(
        (bn1): BatchNorm1d(256, eps=1e-05, momentum=0.1, affine=True, track_running_stats=True)
        (bn2): BatchNorm1d(256, eps=1e-05, momentum=0.1, affine=True, track_running_stats=True)
        (conv1): Conv1d(256, 256, kernel_size=(5,), stride=(1,), padding=(2,), bias=False, padding_mode=circular)
        (conv2): Conv1d(256, 256, kernel_size=(5,), stride=(1,), padding=(2,), bias=False, padding_mode=circular)
        (relu): ReLU(inplace=True)
      )
      (3): BatchNorm1d(256, eps=1e-05, momentum=0.1, affine=True, track_running_stats=True)
      (4): ReLU(inplace=True)
      (5): Downsample()
    )
    (layer4): Sequential(
      (0): Conv1d(256, 512, kernel_size=(5,), stride=(1,), padding=(2,), bias=False, padding_mode=circular)
      (1): ResBlock(
        (bn1): BatchNorm1d(512, eps=1e-05, momentum=0.1, affine=True, track_running_stats=True)
        (bn2): BatchNorm1d(512, eps=1e-05, momentum=0.1, affine=True, track_running_stats=True)
        (conv1): Conv1d(512, 512, kernel_size=(5,), stride=(1,), padding=(2,), bias=False, padding_mode=circular)
        (conv2): Conv1d(512, 512, kernel_size=(5,), stride=(1,), padding=(2,), bias=False, padding_mode=circular)
        (relu): ReLU(inplace=True)
      )
      (2): ResBlock(
        (bn1): BatchNorm1d(512, eps=1e-05, momentum=0.1, affine=True, track_running_stats=True)
        (bn2): BatchNorm1d(512, eps=1e-05, momentum=0.1, affine=True, track_running_stats=True)
        (conv1): Conv1d(512, 512, kernel_size=(5,), stride=(1,), padding=(2,), bias=False, padding_mode=circular)
        (conv2): Conv1d(512, 512, kernel_size=(5,), stride=(1,), padding=(2,), bias=False, padding_mode=circular)
        (relu): ReLU(inplace=True)
      )
      (3): BatchNorm1d(512, eps=1e-05, momentum=0.1, affine=True, track_running_stats=True)
      (4): ReLU(inplace=True)
      (5): Downsample()
    )
    (layer5): Sequential(
      (0): Conv1d(512, 1024, kernel_size=(5,), stride=(1,), padding=(2,), bias=False, padding_mode=circular)
      (1): BatchNorm1d(1024, eps=1e-05, momentum=0.1, affine=True, track_running_stats=True)
      (2): ReLU(inplace=True)
      (3): Downsample()
    )
  )
  (classifier): EvaClassifier(
    (linear1): Linear(in_features=1024, out_features=512, bias=True)
    (linear2): Linear(in_features=512, out_features=1, bias=True)
  )
)
Loading weights from /users/acp25lmc/ssl-wearables/model_check_point/mtl_best.mdl
131 Weights loaded
train set sample count : 127003
val set sample count : 19300
test set sample count : 35400
Weight tensor: 
[1.155591749087832, 7.4270760233918125]
*****USING WEIGHTED LOSS FUNCTION*****
Validation loss decreased(inf --> 1.394943)Saving model ...
[  0/200] train_loss: 2.21578 valid_loss: 1.39494
Validation loss decreased(1.394943 --> 1.340479)Saving model ...
[  1/200] train_loss: 1.35806 valid_loss: 1.34048
EarlyStopping counter: 1 out of 5
[  2/200] train_loss: 1.37680 valid_loss: 1.38257
Validation loss decreased(1.340479 --> 1.333009)Saving model ...
[  3/200] train_loss: 1.49953 valid_loss: 1.33301
EarlyStopping counter: 1 out of 5
[  4/200] train_loss: 1.85528 valid_loss: 1.33403
EarlyStopping counter: 2 out of 5
[  5/200] train_loss: 1.90949 valid_loss: 1.45627
EarlyStopping counter: 3 out of 5
[  6/200] train_loss: 2.07387 valid_loss: 1.35745
EarlyStopping counter: 4 out of 5
[  7/200] train_loss: 1.30577 valid_loss: 1.37152
EarlyStopping counter: 5 out of 5
[  8/200] train_loss: 1.43492 valid_loss: 1.36168
Early stopping
Resnet(
  (feature_extractor): Sequential(
    (layer1): Sequential(
      (0): Conv1d(3, 64, kernel_size=(5,), stride=(1,), padding=(2,), bias=False, padding_mode=circular)
      (1): ResBlock(
        (bn1): BatchNorm1d(64, eps=1e-05, momentum=0.1, affine=True, track_running_stats=True)
        (bn2): BatchNorm1d(64, eps=1e-05, momentum=0.1, affine=True, track_running_stats=True)
        (conv1): Conv1d(64, 64, kernel_size=(5,), stride=(1,), padding=(2,), bias=False, padding_mode=circular)
        (conv2): Conv1d(64, 64, kernel_size=(5,), stride=(1,), padding=(2,), bias=False, padding_mode=circular)
        (relu): ReLU(inplace=True)
      )
      (2): ResBlock(
        (bn1): BatchNorm1d(64, eps=1e-05, momentum=0.1, affine=True, track_running_stats=True)
        (bn2): BatchNorm1d(64, eps=1e-05, momentum=0.1, affine=True, track_running_stats=True)
        (conv1): Conv1d(64, 64, kernel_size=(5,), stride=(1,), padding=(2,), bias=False, padding_mode=circular)
        (conv2): Conv1d(64, 64, kernel_size=(5,), stride=(1,), padding=(2,), bias=False, padding_mode=circular)
        (relu): ReLU(inplace=True)
      )
      (3): BatchNorm1d(64, eps=1e-05, momentum=0.1, affine=True, track_running_stats=True)
      (4): ReLU(inplace=True)
      (5): Downsample()
    )
    (layer2): Sequential(
      (0): Conv1d(64, 128, kernel_size=(5,), stride=(1,), padding=(2,), bias=False, padding_mode=circular)
      (1): ResBlock(
        (bn1): BatchNorm1d(128, eps=1e-05, momentum=0.1, affine=True, track_running_stats=True)
        (bn2): BatchNorm1d(128, eps=1e-05, momentum=0.1, affine=True, track_running_stats=True)
        (conv1): Conv1d(128, 128, kernel_size=(5,), stride=(1,), padding=(2,), bias=False, padding_mode=circular)
        (conv2): Conv1d(128, 128, kernel_size=(5,), stride=(1,), padding=(2,), bias=False, padding_mode=circular)
        (relu): ReLU(inplace=True)
      )
      (2): ResBlock(
        (bn1): BatchNorm1d(128, eps=1e-05, momentum=0.1, affine=True, track_running_stats=True)
        (bn2): BatchNorm1d(128, eps=1e-05, momentum=0.1, affine=True, track_running_stats=True)
        (conv1): Conv1d(128, 128, kernel_size=(5,), stride=(1,), padding=(2,), bias=False, padding_mode=circular)
        (conv2): Conv1d(128, 128, kernel_size=(5,), stride=(1,), padding=(2,), bias=False, padding_mode=circular)
        (relu): ReLU(inplace=True)
      )
      (3): BatchNorm1d(128, eps=1e-05, momentum=0.1, affine=True, track_running_stats=True)
      (4): ReLU(inplace=True)
      (5): Downsample()
    )
    (layer3): Sequential(
      (0): Conv1d(128, 256, kernel_size=(5,), stride=(1,), padding=(2,), bias=False, padding_mode=circular)
      (1): ResBlock(
        (bn1): BatchNorm1d(256, eps=1e-05, momentum=0.1, affine=True, track_running_stats=True)
        (bn2): BatchNorm1d(256, eps=1e-05, momentum=0.1, affine=True, track_running_stats=True)
        (conv1): Conv1d(256, 256, kernel_size=(5,), stride=(1,), padding=(2,), bias=False, padding_mode=circular)
        (conv2): Conv1d(256, 256, kernel_size=(5,), stride=(1,), padding=(2,), bias=False, padding_mode=circular)
        (relu): ReLU(inplace=True)
      )
      (2): ResBlock(
        (bn1): BatchNorm1d(256, eps=1e-05, momentum=0.1, affine=True, track_running_stats=True)
        (bn2): BatchNorm1d(256, eps=1e-05, momentum=0.1, affine=True, track_running_stats=True)
        (conv1): Conv1d(256, 256, kernel_size=(5,), stride=(1,), padding=(2,), bias=False, padding_mode=circular)
        (conv2): Conv1d(256, 256, kernel_size=(5,), stride=(1,), padding=(2,), bias=False, padding_mode=circular)
        (relu): ReLU(inplace=True)
      )
      (3): BatchNorm1d(256, eps=1e-05, momentum=0.1, affine=True, track_running_stats=True)
      (4): ReLU(inplace=True)
      (5): Downsample()
    )
    (layer4): Sequential(
      (0): Conv1d(256, 512, kernel_size=(5,), stride=(1,), padding=(2,), bias=False, padding_mode=circular)
      (1): ResBlock(
        (bn1): BatchNorm1d(512, eps=1e-05, momentum=0.1, affine=True, track_running_stats=True)
        (bn2): BatchNorm1d(512, eps=1e-05, momentum=0.1, affine=True, track_running_stats=True)
        (conv1): Conv1d(512, 512, kernel_size=(5,), stride=(1,), padding=(2,), bias=False, padding_mode=circular)
        (conv2): Conv1d(512, 512, kernel_size=(5,), stride=(1,), padding=(2,), bias=False, padding_mode=circular)
        (relu): ReLU(inplace=True)
      )
      (2): ResBlock(
        (bn1): BatchNorm1d(512, eps=1e-05, momentum=0.1, affine=True, track_running_stats=True)
        (bn2): BatchNorm1d(512, eps=1e-05, momentum=0.1, affine=True, track_running_stats=True)
        (conv1): Conv1d(512, 512, kernel_size=(5,), stride=(1,), padding=(2,), bias=False, padding_mode=circular)
        (conv2): Conv1d(512, 512, kernel_size=(5,), stride=(1,), padding=(2,), bias=False, padding_mode=circular)
        (relu): ReLU(inplace=True)
      )
      (3): BatchNorm1d(512, eps=1e-05, momentum=0.1, affine=True, track_running_stats=True)
      (4): ReLU(inplace=True)
      (5): Downsample()
    )
    (layer5): Sequential(
      (0): Conv1d(512, 1024, kernel_size=(5,), stride=(1,), padding=(2,), bias=False, padding_mode=circular)
      (1): BatchNorm1d(1024, eps=1e-05, momentum=0.1, affine=True, track_running_stats=True)
      (2): ReLU(inplace=True)
      (3): Downsample()
    )
  )
  (classifier): EvaClassifier(
    (linear1): Linear(in_features=1024, out_features=512, bias=True)
    (linear2): Linear(in_features=512, out_features=1, bias=True)
  )
)
Resnet(
  (feature_extractor): Sequential(
    (layer1): Sequential(
      (0): Conv1d(3, 64, kernel_size=(5,), stride=(1,), padding=(2,), bias=False, padding_mode=circular)
      (1): ResBlock(
        (bn1): BatchNorm1d(64, eps=1e-05, momentum=0.1, affine=True, track_running_stats=True)
        (bn2): BatchNorm1d(64, eps=1e-05, momentum=0.1, affine=True, track_running_stats=True)
        (conv1): Conv1d(64, 64, kernel_size=(5,), stride=(1,), padding=(2,), bias=False, padding_mode=circular)
        (conv2): Conv1d(64, 64, kernel_size=(5,), stride=(1,), padding=(2,), bias=False, padding_mode=circular)
        (relu): ReLU(inplace=True)
      )
      (2): ResBlock(
        (bn1): BatchNorm1d(64, eps=1e-05, momentum=0.1, affine=True, track_running_stats=True)
        (bn2): BatchNorm1d(64, eps=1e-05, momentum=0.1, affine=True, track_running_stats=True)
        (conv1): Conv1d(64, 64, kernel_size=(5,), stride=(1,), padding=(2,), bias=False, padding_mode=circular)
        (conv2): Conv1d(64, 64, kernel_size=(5,), stride=(1,), padding=(2,), bias=False, padding_mode=circular)
        (relu): ReLU(inplace=True)
      )
      (3): BatchNorm1d(64, eps=1e-05, momentum=0.1, affine=True, track_running_stats=True)
      (4): ReLU(inplace=True)
      (5): Downsample()
    )
    (layer2): Sequential(
      (0): Conv1d(64, 128, kernel_size=(5,), stride=(1,), padding=(2,), bias=False, padding_mode=circular)
      (1): ResBlock(
        (bn1): BatchNorm1d(128, eps=1e-05, momentum=0.1, affine=True, track_running_stats=True)
        (bn2): BatchNorm1d(128, eps=1e-05, momentum=0.1, affine=True, track_running_stats=True)
        (conv1): Conv1d(128, 128, kernel_size=(5,), stride=(1,), padding=(2,), bias=False, padding_mode=circular)
        (conv2): Conv1d(128, 128, kernel_size=(5,), stride=(1,), padding=(2,), bias=False, padding_mode=circular)
        (relu): ReLU(inplace=True)
      )
      (2): ResBlock(
        (bn1): BatchNorm1d(128, eps=1e-05, momentum=0.1, affine=True, track_running_stats=True)
        (bn2): BatchNorm1d(128, eps=1e-05, momentum=0.1, affine=True, track_running_stats=True)
        (conv1): Conv1d(128, 128, kernel_size=(5,), stride=(1,), padding=(2,), bias=False, padding_mode=circular)
        (conv2): Conv1d(128, 128, kernel_size=(5,), stride=(1,), padding=(2,), bias=False, padding_mode=circular)
        (relu): ReLU(inplace=True)
      )
      (3): BatchNorm1d(128, eps=1e-05, momentum=0.1, affine=True, track_running_stats=True)
      (4): ReLU(inplace=True)
      (5): Downsample()
    )
    (layer3): Sequential(
      (0): Conv1d(128, 256, kernel_size=(5,), stride=(1,), padding=(2,), bias=False, padding_mode=circular)
      (1): ResBlock(
        (bn1): BatchNorm1d(256, eps=1e-05, momentum=0.1, affine=True, track_running_stats=True)
        (bn2): BatchNorm1d(256, eps=1e-05, momentum=0.1, affine=True, track_running_stats=True)
        (conv1): Conv1d(256, 256, kernel_size=(5,), stride=(1,), padding=(2,), bias=False, padding_mode=circular)
        (conv2): Conv1d(256, 256, kernel_size=(5,), stride=(1,), padding=(2,), bias=False, padding_mode=circular)
        (relu): ReLU(inplace=True)
      )
      (2): ResBlock(
        (bn1): BatchNorm1d(256, eps=1e-05, momentum=0.1, affine=True, track_running_stats=True)
        (bn2): BatchNorm1d(256, eps=1e-05, momentum=0.1, affine=True, track_running_stats=True)
        (conv1): Conv1d(256, 256, kernel_size=(5,), stride=(1,), padding=(2,), bias=False, padding_mode=circular)
        (conv2): Conv1d(256, 256, kernel_size=(5,), stride=(1,), padding=(2,), bias=False, padding_mode=circular)
        (relu): ReLU(inplace=True)
      )
      (3): BatchNorm1d(256, eps=1e-05, momentum=0.1, affine=True, track_running_stats=True)
      (4): ReLU(inplace=True)
      (5): Downsample()
    )
    (layer4): Sequential(
      (0): Conv1d(256, 512, kernel_size=(5,), stride=(1,), padding=(2,), bias=False, padding_mode=circular)
      (1): ResBlock(
        (bn1): BatchNorm1d(512, eps=1e-05, momentum=0.1, affine=True, track_running_stats=True)
        (bn2): BatchNorm1d(512, eps=1e-05, momentum=0.1, affine=True, track_running_stats=True)
        (conv1): Conv1d(512, 512, kernel_size=(5,), stride=(1,), padding=(2,), bias=False, padding_mode=circular)
        (conv2): Conv1d(512, 512, kernel_size=(5,), stride=(1,), padding=(2,), bias=False, padding_mode=circular)
        (relu): ReLU(inplace=True)
      )
      (2): ResBlock(
        (bn1): BatchNorm1d(512, eps=1e-05, momentum=0.1, affine=True, track_running_stats=True)
        (bn2): BatchNorm1d(512, eps=1e-05, momentum=0.1, affine=True, track_running_stats=True)
        (conv1): Conv1d(512, 512, kernel_size=(5,), stride=(1,), padding=(2,), bias=False, padding_mode=circular)
        (conv2): Conv1d(512, 512, kernel_size=(5,), stride=(1,), padding=(2,), bias=False, padding_mode=circular)
        (relu): ReLU(inplace=True)
      )
      (3): BatchNorm1d(512, eps=1e-05, momentum=0.1, affine=True, track_running_stats=True)
      (4): ReLU(inplace=True)
      (5): Downsample()
    )
    (layer5): Sequential(
      (0): Conv1d(512, 1024, kernel_size=(5,), stride=(1,), padding=(2,), bias=False, padding_mode=circular)
      (1): BatchNorm1d(1024, eps=1e-05, momentum=0.1, affine=True, track_running_stats=True)
      (2): ReLU(inplace=True)
      (3): Downsample()
    )
  )
  (classifier): EvaClassifier(
    (linear1): Linear(in_features=1024, out_features=512, bias=True)
    (linear2): Linear(in_features=512, out_features=1, bias=True)
  )
)
Loading weights from /users/acp25lmc/ssl-wearables/model_check_point/mtl_best.mdl
131 Weights loaded
train set sample count : 128000
val set sample count : 18400
test set sample count : 35303
Weight tensor: 
[1.1490125673249552, 7.710843373493975]
*****USING WEIGHTED LOSS FUNCTION*****
Validation loss decreased(inf --> 1.280190)Saving model ...
[  0/200] train_loss: 2.16863 valid_loss: 1.28019
Validation loss decreased(1.280190 --> 1.140033)Saving model ...
[  1/200] train_loss: 1.45556 valid_loss: 1.14003
EarlyStopping counter: 1 out of 5
[  2/200] train_loss: 1.39650 valid_loss: 1.14213
Validation loss decreased(1.140033 --> 1.121994)Saving model ...
[  3/200] train_loss: 1.28271 valid_loss: 1.12199
EarlyStopping counter: 1 out of 5
[  4/200] train_loss: 1.40421 valid_loss: 1.13211
EarlyStopping counter: 2 out of 5
[  5/200] train_loss: 1.50274 valid_loss: 1.13580
EarlyStopping counter: 3 out of 5
[  6/200] train_loss: 1.46217 valid_loss: 1.14197
EarlyStopping counter: 4 out of 5
[  7/200] train_loss: 1.34726 valid_loss: 1.13887
EarlyStopping counter: 5 out of 5
[  8/200] train_loss: 1.37753 valid_loss: 1.13856
Early stopping
Resnet(
  (feature_extractor): Sequential(
    (layer1): Sequential(
      (0): Conv1d(3, 64, kernel_size=(5,), stride=(1,), padding=(2,), bias=False, padding_mode=circular)
      (1): ResBlock(
        (bn1): BatchNorm1d(64, eps=1e-05, momentum=0.1, affine=True, track_running_stats=True)
        (bn2): BatchNorm1d(64, eps=1e-05, momentum=0.1, affine=True, track_running_stats=True)
        (conv1): Conv1d(64, 64, kernel_size=(5,), stride=(1,), padding=(2,), bias=False, padding_mode=circular)
        (conv2): Conv1d(64, 64, kernel_size=(5,), stride=(1,), padding=(2,), bias=False, padding_mode=circular)
        (relu): ReLU(inplace=True)
      )
      (2): ResBlock(
        (bn1): BatchNorm1d(64, eps=1e-05, momentum=0.1, affine=True, track_running_stats=True)
        (bn2): BatchNorm1d(64, eps=1e-05, momentum=0.1, affine=True, track_running_stats=True)
        (conv1): Conv1d(64, 64, kernel_size=(5,), stride=(1,), padding=(2,), bias=False, padding_mode=circular)
        (conv2): Conv1d(64, 64, kernel_size=(5,), stride=(1,), padding=(2,), bias=False, padding_mode=circular)
        (relu): ReLU(inplace=True)
      )
      (3): BatchNorm1d(64, eps=1e-05, momentum=0.1, affine=True, track_running_stats=True)
      (4): ReLU(inplace=True)
      (5): Downsample()
    )
    (layer2): Sequential(
      (0): Conv1d(64, 128, kernel_size=(5,), stride=(1,), padding=(2,), bias=False, padding_mode=circular)
      (1): ResBlock(
        (bn1): BatchNorm1d(128, eps=1e-05, momentum=0.1, affine=True, track_running_stats=True)
        (bn2): BatchNorm1d(128, eps=1e-05, momentum=0.1, affine=True, track_running_stats=True)
        (conv1): Conv1d(128, 128, kernel_size=(5,), stride=(1,), padding=(2,), bias=False, padding_mode=circular)
        (conv2): Conv1d(128, 128, kernel_size=(5,), stride=(1,), padding=(2,), bias=False, padding_mode=circular)
        (relu): ReLU(inplace=True)
      )
      (2): ResBlock(
        (bn1): BatchNorm1d(128, eps=1e-05, momentum=0.1, affine=True, track_running_stats=True)
        (bn2): BatchNorm1d(128, eps=1e-05, momentum=0.1, affine=True, track_running_stats=True)
        (conv1): Conv1d(128, 128, kernel_size=(5,), stride=(1,), padding=(2,), bias=False, padding_mode=circular)
        (conv2): Conv1d(128, 128, kernel_size=(5,), stride=(1,), padding=(2,), bias=False, padding_mode=circular)
        (relu): ReLU(inplace=True)
      )
      (3): BatchNorm1d(128, eps=1e-05, momentum=0.1, affine=True, track_running_stats=True)
      (4): ReLU(inplace=True)
      (5): Downsample()
    )
    (layer3): Sequential(
      (0): Conv1d(128, 256, kernel_size=(5,), stride=(1,), padding=(2,), bias=False, padding_mode=circular)
      (1): ResBlock(
        (bn1): BatchNorm1d(256, eps=1e-05, momentum=0.1, affine=True, track_running_stats=True)
        (bn2): BatchNorm1d(256, eps=1e-05, momentum=0.1, affine=True, track_running_stats=True)
        (conv1): Conv1d(256, 256, kernel_size=(5,), stride=(1,), padding=(2,), bias=False, padding_mode=circular)
        (conv2): Conv1d(256, 256, kernel_size=(5,), stride=(1,), padding=(2,), bias=False, padding_mode=circular)
        (relu): ReLU(inplace=True)
      )
      (2): ResBlock(
        (bn1): BatchNorm1d(256, eps=1e-05, momentum=0.1, affine=True, track_running_stats=True)
        (bn2): BatchNorm1d(256, eps=1e-05, momentum=0.1, affine=True, track_running_stats=True)
        (conv1): Conv1d(256, 256, kernel_size=(5,), stride=(1,), padding=(2,), bias=False, padding_mode=circular)
        (conv2): Conv1d(256, 256, kernel_size=(5,), stride=(1,), padding=(2,), bias=False, padding_mode=circular)
        (relu): ReLU(inplace=True)
      )
      (3): BatchNorm1d(256, eps=1e-05, momentum=0.1, affine=True, track_running_stats=True)
      (4): ReLU(inplace=True)
      (5): Downsample()
    )
    (layer4): Sequential(
      (0): Conv1d(256, 512, kernel_size=(5,), stride=(1,), padding=(2,), bias=False, padding_mode=circular)
      (1): ResBlock(
        (bn1): BatchNorm1d(512, eps=1e-05, momentum=0.1, affine=True, track_running_stats=True)
        (bn2): BatchNorm1d(512, eps=1e-05, momentum=0.1, affine=True, track_running_stats=True)
        (conv1): Conv1d(512, 512, kernel_size=(5,), stride=(1,), padding=(2,), bias=False, padding_mode=circular)
        (conv2): Conv1d(512, 512, kernel_size=(5,), stride=(1,), padding=(2,), bias=False, padding_mode=circular)
        (relu): ReLU(inplace=True)
      )
      (2): ResBlock(
        (bn1): BatchNorm1d(512, eps=1e-05, momentum=0.1, affine=True, track_running_stats=True)
        (bn2): BatchNorm1d(512, eps=1e-05, momentum=0.1, affine=True, track_running_stats=True)
        (conv1): Conv1d(512, 512, kernel_size=(5,), stride=(1,), padding=(2,), bias=False, padding_mode=circular)
        (conv2): Conv1d(512, 512, kernel_size=(5,), stride=(1,), padding=(2,), bias=False, padding_mode=circular)
        (relu): ReLU(inplace=True)
      )
      (3): BatchNorm1d(512, eps=1e-05, momentum=0.1, affine=True, track_running_stats=True)
      (4): ReLU(inplace=True)
      (5): Downsample()
    )
    (layer5): Sequential(
      (0): Conv1d(512, 1024, kernel_size=(5,), stride=(1,), padding=(2,), bias=False, padding_mode=circular)
      (1): BatchNorm1d(1024, eps=1e-05, momentum=0.1, affine=True, track_running_stats=True)
      (2): ReLU(inplace=True)
      (3): Downsample()
    )
  )
  (classifier): EvaClassifier(
    (linear1): Linear(in_features=1024, out_features=512, bias=True)
    (linear2): Linear(in_features=512, out_features=1, bias=True)
  )
)
Generating participant wise report
Generating model report

               precision    recall  f1-score   support

           0       0.88      0.28      0.43    152206
           1       0.16      0.77      0.26     25900

    accuracy                           0.36    178106
   macro avg       0.52      0.53      0.34    178106
weighted avg       0.77      0.36      0.40    178106
 

[[ 43222 108984]
 [  5878  20022]]
 Saved confusion matrix to: /users/acp25lmc/ssl-wearables/output/ssw/reports/mobd_all_100k_-1_1_2026-06-23_11-48-16_confusion_matrix.png
