/users/acp25lmc/.conda/envs/ssl_env/lib/python3.7/site-packages/torch/cuda/__init__.py:52: UserWarning: CUDA initialization: Found no NVIDIA driver on your system. Please check that you have an NVIDIA GPU and installed a driver from http://www.nvidia.com/Download/index.aspx (Triggered internally at  /pytorch/c10/cuda/CUDAFunctions.cpp:100.)
  return torch._C._cuda_getDeviceCount() > 0
/users/acp25lmc/ssl-wearables/downstream_task_evaluation.py:704: UserWarning: 
The version_base parameter is not specified.
Please specify a compatability version level, or None.
Will assume defaults for version 1.1
  @hydra.main(config_path="conf", config_name="config_eva")
/users/acp25lmc/.conda/envs/ssl_env/lib/python3.7/site-packages/hydra/_internal/hydra.py:127: UserWarning: Future Hydra versions will no longer change working directory at job runtime by default.
See https://hydra.cc/docs/next/upgrades/1.1_to_1.2/changes_to_job_working_dir/ for more information.
  configure_logging=with_log_configuration,
CURRENT HYDRA WORKING DIR: /users/acp25lmc/ssl-wearables/data_parsing/outputs/2026-06-23/11-23-07
[2026-06-23 11:23:07,512][all_100k][INFO] - gpu: 0
gpu_ids:
- 0
- 1
- 2
multi_gpu: false
num_split: 5
augmentation: true
model_path: /users/acp25lmc/ssl-wearables/data_parsing/23-06-2026_11-23-07tmp.pt
logging_path: /users/acp25lmc/ssl-wearables/data/UKBB/SSL/evaluations
report_root: /users/acp25lmc/ssl-wearables/output/ssw/reports/
report_path: ${report_root}${data.dataset_name}_${evaluation.evaluation_name}_${data.subject_count}_${evaluation.subR}_${now:%Y-%m-%d_%H-%M-%S}.csv
is_verbose: false
data:
  data_root: /mnt/parscratch/users/acp25lmc/ssl-data/mobd_sampled_v3
  X_path: ${data.data_root}/X.npy
  Y_path: ${data.data_root}/Y.npy
  PID_path: ${data.data_root}/pid.npy
  sample_rate: 30
  task_type: classify
  output_size: 1
  batch_size: 500
  held_one_subject_out: false
  weighted_loss_fn: true
  dataset_name: mobd
  subject_count: -1
  ratio2keep: 1
evaluation:
  feat_hand_crafted: false
  feat_random_cnn: false
  model_path: /data/UKBB/SSL/day_sec_10k/logs/models
  flip_net: false
  flip_net_ft: true
  flip_net_random_mlp: false
  load_weights: true
  freeze_weight: false
  flip_net_path: /users/acp25lmc/ssl-wearables/model_check_point/mtl_best.mdl
  input_size: 300
  subR: 1
  learning_rate: 0.0001
  num_workers: 6
  patience: 5
  num_epoch: 200
  evaluation_name: all_100k
model:
  learning_rate: 0.0001
  name: mtl_time${task.time_reversal}_data${data.data_name}_lr${model.learning_rate}_resnet_v${model.resnet_version}_win_size${dataloader.epoch_len}_posR_${task.positive_ratio}_sample${dataloader.num_sample_per_subject}
  mixed_precision: false
  resnet_version: 1
  warm_up_step: 5
  lr_scale: true
  patience: 5
  is_ae: false
dataloader:
  num_sample_per_subject: 1500
  sample_rate: 30
  epoch_len: 10

/users/acp25lmc/ssl-wearables/output/ssw/reports/mobd_all_100k_-1_1_2026-06-23_11-23-07.csv
X shape: (181703, 300, 3)
Y shape: (181703,)

Label distribution:
0.0    157503
1.0     24200
dtype: int64


        ##############################################
                    Flip_net+MLP
        ##############################################
        
Original X shape: (181703, 300, 3)
No need to downsample
X transformed shape: (181703, 3, 300)
Train-test Flip_net+MLP...
Resnet(
  (feature_extractor): Sequential(
    (layer1): Sequential(
      (0): Conv1d(3, 64, kernel_size=(5,), stride=(1,), padding=(2,), bias=False, padding_mode=circular)
      (1): ResBlock(
        (bn1): BatchNorm1d(64, eps=1e-05, momentum=0.1, affine=True, track_running_stats=True)
        (bn2): BatchNorm1d(64, eps=1e-05, momentum=0.1, affine=True, track_running_stats=True)
        (conv1): Conv1d(64, 64, kernel_size=(5,), stride=(1,), padding=(2,), bias=False, padding_mode=circular)
        (conv2): Conv1d(64, 64, kernel_size=(5,), stride=(1,), padding=(2,), bias=False, padding_mode=circular)
        (relu): ReLU(inplace=True)
      )
      (2): ResBlock(
        (bn1): BatchNorm1d(64, eps=1e-05, momentum=0.1, affine=True, track_running_stats=True)
        (bn2): BatchNorm1d(64, eps=1e-05, momentum=0.1, affine=True, track_running_stats=True)
        (conv1): Conv1d(64, 64, kernel_size=(5,), stride=(1,), padding=(2,), bias=False, padding_mode=circular)
        (conv2): Conv1d(64, 64, kernel_size=(5,), stride=(1,), padding=(2,), bias=False, padding_mode=circular)
        (relu): ReLU(inplace=True)
      )
      (3): BatchNorm1d(64, eps=1e-05, momentum=0.1, affine=True, track_running_stats=True)
      (4): ReLU(inplace=True)
      (5): Downsample()
    )
    (layer2): Sequential(
      (0): Conv1d(64, 128, kernel_size=(5,), stride=(1,), padding=(2,), bias=False, padding_mode=circular)
      (1): ResBlock(
        (bn1): BatchNorm1d(128, eps=1e-05, momentum=0.1, affine=True, track_running_stats=True)
        (bn2): BatchNorm1d(128, eps=1e-05, momentum=0.1, affine=True, track_running_stats=True)
        (conv1): Conv1d(128, 128, kernel_size=(5,), stride=(1,), padding=(2,), bias=False, padding_mode=circular)
        (conv2): Conv1d(128, 128, kernel_size=(5,), stride=(1,), padding=(2,), bias=False, padding_mode=circular)
        (relu): ReLU(inplace=True)
      )
      (2): ResBlock(
        (bn1): BatchNorm1d(128, eps=1e-05, momentum=0.1, affine=True, track_running_stats=True)
        (bn2): BatchNorm1d(128, eps=1e-05, momentum=0.1, affine=True, track_running_stats=True)
        (conv1): Conv1d(128, 128, kernel_size=(5,), stride=(1,), padding=(2,), bias=False, padding_mode=circular)
        (conv2): Conv1d(128, 128, kernel_size=(5,), stride=(1,), padding=(2,), bias=False, padding_mode=circular)
        (relu): ReLU(inplace=True)
      )
      (3): BatchNorm1d(128, eps=1e-05, momentum=0.1, affine=True, track_running_stats=True)
      (4): ReLU(inplace=True)
      (5): Downsample()
    )
    (layer3): Sequential(
      (0): Conv1d(128, 256, kernel_size=(5,), stride=(1,), padding=(2,), bias=False, padding_mode=circular)
      (1): ResBlock(
        (bn1): BatchNorm1d(256, eps=1e-05, momentum=0.1, affine=True, track_running_stats=True)
        (bn2): BatchNorm1d(256, eps=1e-05, momentum=0.1, affine=True, track_running_stats=True)
        (conv1): Conv1d(256, 256, kernel_size=(5,), stride=(1,), padding=(2,), bias=False, padding_mode=circular)
        (conv2): Conv1d(256, 256, kernel_size=(5,), stride=(1,), padding=(2,), bias=False, padding_mode=circular)
        (relu): ReLU(inplace=True)
      )
      (2): ResBlock(
        (bn1): BatchNorm1d(256, eps=1e-05, momentum=0.1, affine=True, track_running_stats=True)
        (bn2): BatchNorm1d(256, eps=1e-05, momentum=0.1, affine=True, track_running_stats=True)
        (conv1): Conv1d(256, 256, kernel_size=(5,), stride=(1,), padding=(2,), bias=False, padding_mode=circular)
        (conv2): Conv1d(256, 256, kernel_size=(5,), stride=(1,), padding=(2,), bias=False, padding_mode=circular)
        (relu): ReLU(inplace=True)
      )
      (3): BatchNorm1d(256, eps=1e-05, momentum=0.1, affine=True, track_running_stats=True)
      (4): ReLU(inplace=True)
      (5): Downsample()
    )
    (layer4): Sequential(
      (0): Conv1d(256, 512, kernel_size=(5,), stride=(1,), padding=(2,), bias=False, padding_mode=circular)
      (1): ResBlock(
        (bn1): BatchNorm1d(512, eps=1e-05, momentum=0.1, affine=True, track_running_stats=True)
        (bn2): BatchNorm1d(512, eps=1e-05, momentum=0.1, affine=True, track_running_stats=True)
        (conv1): Conv1d(512, 512, kernel_size=(5,), stride=(1,), padding=(2,), bias=False, padding_mode=circular)
        (conv2): Conv1d(512, 512, kernel_size=(5,), stride=(1,), padding=(2,), bias=False, padding_mode=circular)
        (relu): ReLU(inplace=True)
      )
      (2): ResBlock(
        (bn1): BatchNorm1d(512, eps=1e-05, momentum=0.1, affine=True, track_running_stats=True)
        (bn2): BatchNorm1d(512, eps=1e-05, momentum=0.1, affine=True, track_running_stats=True)
        (conv1): Conv1d(512, 512, kernel_size=(5,), stride=(1,), padding=(2,), bias=False, padding_mode=circular)
        (conv2): Conv1d(512, 512, kernel_size=(5,), stride=(1,), padding=(2,), bias=False, padding_mode=circular)
        (relu): ReLU(inplace=True)
      )
      (3): BatchNorm1d(512, eps=1e-05, momentum=0.1, affine=True, track_running_stats=True)
      (4): ReLU(inplace=True)
      (5): Downsample()
    )
    (layer5): Sequential(
      (0): Conv1d(512, 1024, kernel_size=(5,), stride=(1,), padding=(2,), bias=False, padding_mode=circular)
      (1): BatchNorm1d(1024, eps=1e-05, momentum=0.1, affine=True, track_running_stats=True)
      (2): ReLU(inplace=True)
      (3): Downsample()
    )
  )
  (classifier): EvaClassifier(
    (linear1): Linear(in_features=1024, out_features=512, bias=True)
    (linear2): Linear(in_features=512, out_features=1, bias=True)
  )
)
Error executing job with overrides: []
Traceback (most recent call last):
  File "/users/acp25lmc/ssl-wearables/downstream_task_evaluation.py", line 857, in main
    evaluate_mlp(X_downsampled, Y, cfg, my_device, logger, groups=P)
  File "/users/acp25lmc/ssl-wearables/downstream_task_evaluation.py", line 429, in evaluate_mlp
    encoder=le,
  File "/users/acp25lmc/ssl-wearables/downstream_task_evaluation.py", line 368, in train_test_mlp
    model = setup_model(cfg, my_device)
  File "/users/acp25lmc/ssl-wearables/downstream_task_evaluation.py", line 335, in setup_model
    model = init_model(cfg, my_device)
  File "/users/acp25lmc/ssl-wearables/downstream_task_evaluation.py", line 330, in init_model
    model.to(my_device, dtype=torch.float)
  File "/users/acp25lmc/.conda/envs/ssl_env/lib/python3.7/site-packages/torch/nn/modules/module.py", line 612, in to
    return self._apply(convert)
  File "/users/acp25lmc/.conda/envs/ssl_env/lib/python3.7/site-packages/torch/nn/modules/module.py", line 359, in _apply
    module._apply(fn)
  File "/users/acp25lmc/.conda/envs/ssl_env/lib/python3.7/site-packages/torch/nn/modules/module.py", line 359, in _apply
    module._apply(fn)
  File "/users/acp25lmc/.conda/envs/ssl_env/lib/python3.7/site-packages/torch/nn/modules/module.py", line 359, in _apply
    module._apply(fn)
  File "/users/acp25lmc/.conda/envs/ssl_env/lib/python3.7/site-packages/torch/nn/modules/module.py", line 381, in _apply
    param_applied = fn(param)
  File "/users/acp25lmc/.conda/envs/ssl_env/lib/python3.7/site-packages/torch/nn/modules/module.py", line 610, in convert
    return t.to(device, dtype if t.is_floating_point() else None, non_blocking)
  File "/users/acp25lmc/.conda/envs/ssl_env/lib/python3.7/site-packages/torch/cuda/__init__.py", line 172, in _lazy_init
    torch._C._cuda_init()
RuntimeError: Found no NVIDIA driver on your system. Please check that you have an NVIDIA GPU and installed a driver from http://www.nvidia.com/Download/index.aspx

Set the environment variable HYDRA_FULL_ERROR=1 for a complete stack trace.
